Archive member included because of file (symbol)

C:\Users\Christopher\Documents\GitHub\Door-Control/mbed/TARGET_NUCLEO_F103RB/TOOLCHAIN_GCC_ARM\libmbed.a(serial_api.o)
                              C:\Users\Christopher\Documents\GitHub\Door-Control/mbed/TARGET_NUCLEO_F103RB/TOOLCHAIN_GCC_ARM/retarget.o (serial_init)
C:\Users\Christopher\Documents\GitHub\Door-Control/mbed/TARGET_NUCLEO_F103RB/TOOLCHAIN_GCC_ARM\libmbed.a(FileSystemLike.o)
                              C:\Users\Christopher\Documents\GitHub\Door-Control/mbed/TARGET_NUCLEO_F103RB/TOOLCHAIN_GCC_ARM/retarget.o (mbed::FileSystemLike::opendir())
C:\Users\Christopher\Documents\GitHub\Door-Control/mbed/TARGET_NUCLEO_F103RB/TOOLCHAIN_GCC_ARM\libmbed.a(FileBase.o)
                              C:\Users\Christopher\Documents\GitHub\Door-Control/mbed/TARGET_NUCLEO_F103RB/TOOLCHAIN_GCC_ARM\libmbed.a(FileSystemLike.o) (mbed::FileBase::~FileBase())
C:\Users\Christopher\Documents\GitHub\Door-Control/mbed/TARGET_NUCLEO_F103RB/TOOLCHAIN_GCC_ARM\libmbed.a(FilePath.o)
                              C:\Users\Christopher\Documents\GitHub\Door-Control/mbed/TARGET_NUCLEO_F103RB/TOOLCHAIN_GCC_ARM/retarget.o (mbed::FilePath::FilePath(char const*))
C:\Users\Christopher\Documents\GitHub\Door-Control/mbed/TARGET_NUCLEO_F103RB/TOOLCHAIN_GCC_ARM\libmbed.a(SPI.o)
                              ..\obj\main.o (mbed::SPI::SPI(PinName, PinName, PinName, PinName))
C:\Users\Christopher\Documents\GitHub\Door-Control/mbed/TARGET_NUCLEO_F103RB/TOOLCHAIN_GCC_ARM\libmbed.a(Serial.o)
                              ..\obj\main.o (mbed::Serial::Serial(PinName, PinName, char const*))
C:\Users\Christopher\Documents\GitHub\Door-Control/mbed/TARGET_NUCLEO_F103RB/TOOLCHAIN_GCC_ARM\libmbed.a(Stream.o)
                              C:\Users\Christopher\Documents\GitHub\Door-Control/mbed/TARGET_NUCLEO_F103RB/TOOLCHAIN_GCC_ARM\libmbed.a(Serial.o) (mbed::Stream::close())
C:\Users\Christopher\Documents\GitHub\Door-Control/mbed/TARGET_NUCLEO_F103RB/TOOLCHAIN_GCC_ARM\libmbed.a(SerialBase.o)
                              C:\Users\Christopher\Documents\GitHub\Door-Control/mbed/TARGET_NUCLEO_F103RB/TOOLCHAIN_GCC_ARM\libmbed.a(Serial.o) (mbed::SerialBase::SerialBase(PinName, PinName))
C:\Users\Christopher\Documents\GitHub\Door-Control/mbed/TARGET_NUCLEO_F103RB/TOOLCHAIN_GCC_ARM\libmbed.a(assert.o)
                              ..\obj\main.o (mbed_assert_internal)
C:\Users\Christopher\Documents\GitHub\Door-Control/mbed/TARGET_NUCLEO_F103RB/TOOLCHAIN_GCC_ARM\libmbed.a(error.o)
                              C:\Users\Christopher\Documents\GitHub\Door-Control/mbed/TARGET_NUCLEO_F103RB/TOOLCHAIN_GCC_ARM/retarget.o (error)
C:\Users\Christopher\Documents\GitHub\Door-Control/mbed/TARGET_NUCLEO_F103RB/TOOLCHAIN_GCC_ARM\libmbed.a(Timer.o)
                              ..\obj\main.o (mbed::Timer::Timer())
C:\Users\Christopher\Documents\GitHub\Door-Control/mbed/TARGET_NUCLEO_F103RB/TOOLCHAIN_GCC_ARM\libmbed.a(pinmap_common.o)
                              C:\Users\Christopher\Documents\GitHub\Door-Control/mbed/TARGET_NUCLEO_F103RB/TOOLCHAIN_GCC_ARM\libmbed.a(serial_api.o) (pinmap_pinout)
C:\Users\Christopher\Documents\GitHub\Door-Control/mbed/TARGET_NUCLEO_F103RB/TOOLCHAIN_GCC_ARM\libmbed.a(rtc_time.o)
                              ..\obj\DHCPClient.o (time)
C:\Users\Christopher\Documents\GitHub\Door-Control/mbed/TARGET_NUCLEO_F103RB/TOOLCHAIN_GCC_ARM\libmbed.a(gpio.o)
                              ..\obj\main.o (gpio_init_in)
C:\Users\Christopher\Documents\GitHub\Door-Control/mbed/TARGET_NUCLEO_F103RB/TOOLCHAIN_GCC_ARM\libmbed.a(wait_api.o)
                              ..\obj\W5500.o (wait_us)
C:\Users\Christopher\Documents\GitHub\Door-Control/mbed/TARGET_NUCLEO_F103RB/TOOLCHAIN_GCC_ARM\libmbed.a(PeripheralPins.o)
                              C:\Users\Christopher\Documents\GitHub\Door-Control/mbed/TARGET_NUCLEO_F103RB/TOOLCHAIN_GCC_ARM\libmbed.a(serial_api.o) (PinMap_UART_RX)
C:\Users\Christopher\Documents\GitHub\Door-Control/mbed/TARGET_NUCLEO_F103RB/TOOLCHAIN_GCC_ARM\libmbed.a(gpio_api.o)
                              C:\Users\Christopher\Documents\GitHub\Door-Control/mbed/TARGET_NUCLEO_F103RB/TOOLCHAIN_GCC_ARM\libmbed.a(gpio.o) (gpio_init)
C:\Users\Christopher\Documents\GitHub\Door-Control/mbed/TARGET_NUCLEO_F103RB/TOOLCHAIN_GCC_ARM\libmbed.a(pinmap.o)
                              C:\Users\Christopher\Documents\GitHub\Door-Control/mbed/TARGET_NUCLEO_F103RB/TOOLCHAIN_GCC_ARM\libmbed.a(gpio_api.o) (Set_GPIO_Clock)
C:\Users\Christopher\Documents\GitHub\Door-Control/mbed/TARGET_NUCLEO_F103RB/TOOLCHAIN_GCC_ARM\libmbed.a(rtc_api.o)
                              C:\Users\Christopher\Documents\GitHub\Door-Control/mbed/TARGET_NUCLEO_F103RB/TOOLCHAIN_GCC_ARM\libmbed.a(rtc_time.o) (rtc_init)
C:\Users\Christopher\Documents\GitHub\Door-Control/mbed/TARGET_NUCLEO_F103RB/TOOLCHAIN_GCC_ARM\libmbed.a(spi_api.o)
[...]
Memory Configuration

Name             Origin             Length             Attributes
FLASH            0x08000000         0x00020000         xr
RAM              0x200000ec         0x00004f14         xrw
*default*        0x00000000         0xffffffff

Linker script and memory map

LOAD c:/program files (x86)/gnu tools arm embedded/4.9 2014q4/bin/../lib/gcc/arm-none-eabi/4.9.3/armv7-m/crti.o
LOAD c:/program files (x86)/gnu tools arm embedded/4.9 2014q4/bin/../lib/gcc/arm-none-eabi/4.9.3/armv7-m/crtbegin.o
LOAD c:/program files (x86)/gnu tools arm embedded/4.9 2014q4/bin/../lib/gcc/arm-none-eabi/4.9.3/../../../../arm-none-eabi/lib/armv7-m/crt0.o
LOAD C:\Users\Christopher\Documents\GitHub\Door-Control/mbed/TARGET_NUCLEO_F103RB/TOOLCHAIN_GCC_ARM/stm32f10x_rcc.o
LOAD C:\Users\Christopher\Documents\GitHub\Door-Control/mbed/TARGET_NUCLEO_F103RB/TOOLCHAIN_GCC_ARM/retarget.o
LOAD C:\Users\Christopher\Documents\GitHub\Door-Control/mbed/TARGET_NUCLEO_F103RB/TOOLCHAIN_GCC_ARM/stm32f10x_tim.o
LOAD C:\Users\Christopher\Documents\GitHub\Door-Control/mbed/TARGET_NUCLEO_F103RB/TOOLCHAIN_GCC_ARM/stm32f10x_wwdg.o
LOAD C:\Users\Christopher\Documents\GitHub\Door-Control/mbed/TARGET_NUCLEO_F103RB/TOOLCHAIN_GCC_ARM/stm32f10x_rtc.o
LOAD C:\Users\Christopher\Documents\GitHub\Door-Control/mbed/TARGET_NUCLEO_F103RB/TOOLCHAIN_GCC_ARM/stm32f10x_sdio.o
LOAD C:\Users\Christopher\Documents\GitHub\Door-Control/mbed/TARGET_NUCLEO_F103RB/TOOLCHAIN_GCC_ARM/stm32f10x_iwdg.o
LOAD C:\Users\Christopher\Documents\GitHub\Door-Control/mbed/TARGET_NUCLEO_F103RB/TOOLCHAIN_GCC_ARM/stm32f10x_crc.o
LOAD C:\Users\Christopher\Documents\GitHub\Door-Control/mbed/TARGET_NUCLEO_F103RB/TOOLCHAIN_GCC_ARM/stm32f10x_dac.o
LOAD C:\Users\Christopher\Documents\GitHub\Door-Control/mbed/TARGET_NUCLEO_F103RB/TOOLCHAIN_GCC_ARM/stm32f10x_gpio.o
LOAD C:\Users\Christopher\Documents\GitHub\Door-Control/mbed/TARGET_NUCLEO_F103RB/TOOLCHAIN_GCC_ARM/board.o
LOAD C:\Users\Christopher\Documents\GitHub\Door-Control/mbed/TARGET_NUCLEO_F103RB/TOOLCHAIN_GCC_ARM/stm32f10x_cec.o
LOAD C:\Users\Christopher\Documents\GitHub\Door-Control/mbed/TARGET_NUCLEO_F103RB/TOOLCHAIN_GCC_ARM/stm32f10x_fsmc.o
LOAD C:\Users\Christopher\Documents\GitHub\Door-Control/mbed/TARGET_NUCLEO_F103RB/TOOLCHAIN_GCC_ARM/stm32f10x_pwr.o
LOAD C:\Users\Christopher\Documents\GitHub\Door-Control/mbed/TARGET_NUCLEO_F103RB/TOOLCHAIN_GCC_ARM/stm32f10x_flash.o
LOAD C:\Users\Christopher\Documents\GitHub\Door-Control/mbed/TARGET_NUCLEO_F103RB/TOOLCHAIN_GCC_ARM/cmsis_nvic.o
LOAD C:\Users\Christopher\Documents\GitHub\Door-Control/mbed/TARGET_NUCLEO_F103RB/TOOLCHAIN_GCC_ARM/misc.o
LOAD C:\Users\Christopher\Documents\GitHub\Door-Control/mbed/TARGET_NUCLEO_F103RB/TOOLCHAIN_GCC_ARM/stm32f10x_exti.o
LOAD C:\Users\Christopher\Documents\GitHub\Door-Control/mbed/TARGET_NUCLEO_F103RB/TOOLCHAIN_GCC_ARM/mbed_overrides.o
LOAD C:\Users\Christopher\Documents\GitHub\Door-Control/mbed/TARGET_NUCLEO_F103RB/TOOLCHAIN_GCC_ARM/stm32f10x_usart.o
LOAD C:\Users\Christopher\Documents\GitHub\Door-Control/mbed/TARGET_NUCLEO_F103RB/TOOLCHAIN_GCC_ARM/stm32f10x_adc.o
LOAD C:\Users\Christopher\Documents\GitHub\Door-Control/mbed/TARGET_NUCLEO_F103RB/TOOLCHAIN_GCC_ARM/stm32f10x_can.o
LOAD C:\Users\Christopher\Documents\GitHub\Door-Control/mbed/TARGET_NUCLEO_F103RB/TOOLCHAIN_GCC_ARM/startup_stm32f10x.o
LOAD C:\Users\Christopher\Documents\GitHub\Door-Control/mbed/TARGET_NUCLEO_F103RB/TOOLCHAIN_GCC_ARM/stm32f10x_i2c.o
LOAD C:\Users\Christopher\Documents\GitHub\Door-Control/mbed/TARGET_NUCLEO_F103RB/TOOLCHAIN_GCC_ARM/stm32f10x_bkp.o
LOAD C:\Users\Christopher\Documents\GitHub\Door-Control/mbed/TARGET_NUCLEO_F103RB/TOOLCHAIN_GCC_ARM/stm32f10x_spi.o
LOAD C:\Users\Christopher\Documents\GitHub\Door-Control/mbed/TARGET_NUCLEO_F103RB/TOOLCHAIN_GCC_ARM/stm32f10x_dma.o
LOAD C:\Users\Christopher\Documents\GitHub\Door-Control/mbed/TARGET_NUCLEO_F103RB/TOOLCHAIN_GCC_ARM/stm32f10x_dbgmcu.o
LOAD C:\Users\Christopher\Documents\GitHub\Door-Control/mbed/TARGET_NUCLEO_F103RB/TOOLCHAIN_GCC_ARM/system_stm32f10x.o

.text           0x08000000     0x6e24
 *(.isr_vector)
 .isr_vector    0x08000000       0xec C:\Users\Christopher\Documents\GitHub\Door-Control/mbed/TARGET_NUCLEO_F103RB/TOOLCHAIN_GCC_ARM/startup_stm32f10x.o
                0x08000000                __isr_vector
 *(.text*)
 .text          0x080000ec       0x5c c:/program files (x86)/gnu tools arm embedded/4.9 2014q4/bin/../lib/gcc/arm-none-eabi/4.9.3/armv7-m/crtbegin.o
 .text          0x08000148       0x74 c:/program files (x86)/gnu tools arm embedded/4.9 2014q4/bin/../lib/gcc/arm-none-eabi/4.9.3/../../../../arm-none-eabi/lib/armv7-m/crt0.o
                0x08000148                _start
                0x08000148                _mainCRTStartup
 .text.RCC_LSEConfig
                0x080001bc       0x20 C:\Users\Christopher\Documents\GitHub\Door-Control/mbed/TARGET_NUCLEO_F103RB/TOOLCHAIN_GCC_ARM/stm32f10x_rcc.o
                0x080001bc                RCC_LSEConfig
 .text.RCC_LSICmd
                0x080001dc        0xc C:\Users\Christopher\Documents\GitHub\Door-Control/mbed/TARGET_NUCLEO_F103RB/TOOLCHAIN_GCC_ARM/stm32f10x_rcc.o
                0x080001dc                RCC_LSICmd
 .text.RCC_RTCCLKConfig
                0x080001e8       0x10 C:\Users\Christopher\Documents\GitHub\Door-Control/mbed/TARGET_NUCLEO_F103RB/TOOLCHAIN_GCC_ARM/stm32f10x_rcc.o
                0x080001e8                RCC_RTCCLKConfig
 .text.RCC_RTCCLKCmd
                0x080001f8        0xc C:\Users\Christopher\Documents\GitHub\Door-Control/mbed/TARGET_NUCLEO_F103RB/TOOLCHAIN_GCC_ARM/stm32f10x_rcc.o
                0x080001f8                RCC_RTCCLKCmd
 .text.RCC_GetClocksFreq
                0x08000204       0x94 C:\Users\Christopher\Documents\GitHub\Door-Control/mbed/TARGET_NUCLEO_F103RB/TOOLCHAIN_GCC_ARM/stm32f10x_rcc.o
                0x08000204                RCC_GetClocksFreq
 .text.RCC_APB2PeriphClockCmd
                0x08000298       0x18 C:\Users\Christopher\Documents\GitHub\Door-Control/mbed/TARGET_NUCLEO_F103RB/TOOLCHAIN_GCC_ARM/stm32f10x_rcc.o
                0x08000298                RCC_APB2PeriphClockCmd
 .text.RCC_APB1PeriphClockCmd
                0x080002b0       0x18 C:\Users\Christopher\Documents\GitHub\Door-Control/mbed/TARGET_NUCLEO_F103RB/TOOLCHAIN_GCC_ARM/stm32f10x_rcc.o
                0x080002b0                RCC_APB1PeriphClockCmd
 .text.RCC_BackupResetCmd
                0x080002c8        0xc C:\Users\Christopher\Documents\GitHub\Door-Control/mbed/TARGET_NUCLEO_F103RB/TOOLCHAIN_GCC_ARM/stm32f10x_rcc.o
                0x080002c8                RCC_BackupResetCmd
 .text.RCC_GetFlagStatus
                0x080002d4       0x34 C:\Users\Christopher\Documents\GitHub\Door-Control/mbed/TARGET_NUCLEO_F103RB/TOOLCHAIN_GCC_ARM/stm32f10x_rcc.o
                0x080002d4                RCC_GetFlagStatus
 .text._ZN4mbed10FileHandle4flenEv
                0x08000308       0x34 C:\Users\Christopher\Documents\GitHub\Door-Control/mbed/TARGET_NUCLEO_F103RB/TOOLCHAIN_GCC_ARM/retarget.o
                0x08000308                mbed::FileHandle::flen()
 .text._ZN4mbed10FileHandleD2Ev
                0x0800033c       0x2c C:\Users\Christopher\Documents\GitHub\Door-Control/mbed/TARGET_NUCLEO_F103RB/TOOLCHAIN_GCC_ARM/retarget.o
                0x0800033c                mbed::FileHandle::~FileHandle()
                0x0800033c                mbed::FileHandle::~FileHandle()
 .text._ZN4mbed10FileHandleD0Ev
                0x08000368       0x34 C:\Users\Christopher\Documents\GitHub\Door-Control/mbed/TARGET_NUCLEO_F103RB/TOOLCHAIN_GCC_ARM/retarget.o
                0x08000368                mbed::FileHandle::~FileHandle()
 .text._ZL11init_serialv.part.0
                0x0800039c       0x10 C:\Users\Christopher\Documents\GitHub\Door-Control/mbed/TARGET_NUCLEO_F103RB/TOOLCHAIN_GCC_ARM/retarget.o
 .text._open    0x080003ac       0xf8 C:\Users\Christopher\Documents\GitHub\Door-Control/mbed/TARGET_NUCLEO_F103RB/TOOLCHAIN_GCC_ARM/retarget.o
                0x080003ac                _open
 .text._close   0x080004a4       0x2c C:\Users\Christopher\Documents\GitHub\Door-Control/mbed/TARGET_NUCLEO_F103RB/TOOLCHAIN_GCC_ARM/retarget.o
                0x080004a4                _close
 .text._write   0x080004d0       0x50 C:\Users\Christopher\Documents\GitHub\Door-Control/mbed/TARGET_NUCLEO_F103RB/TOOLCHAIN_GCC_ARM/retarget.o
                0x080004d0                _write
 .text._read    0x08000520       0x4c C:\Users\Christopher\Documents\GitHub\Door-Control/mbed/TARGET_NUCLEO_F103RB/TOOLCHAIN_GCC_ARM/retarget.o
                0x08000520                _read
 .text._isatty  0x0800056c       0x28 C:\Users\Christopher\Documents\GitHub\Door-Control/mbed/TARGET_NUCLEO_F103RB/TOOLCHAIN_GCC_ARM/retarget.o
                0x0800056c                _isatty
 .text._lseek   0x08000594       0x28 C:\Users\Christopher\Documents\GitHub\Door-Control/mbed/TARGET_NUCLEO_F103RB/TOOLCHAIN_GCC_ARM/retarget.o
                0x08000594                _lseek
 .text._fstat   0x080005bc       0x20 C:\Users\Christopher\Documents\GitHub\Door-Control/mbed/TARGET_NUCLEO_F103RB/TOOLCHAIN_GCC_ARM/retarget.o
                0x080005bc                _fstat
 .text.__cxa_pure_virtual
                0x080005dc        0x8 C:\Users\Christopher\Documents\GitHub\Door-Control/mbed/TARGET_NUCLEO_F103RB/TOOLCHAIN_GCC_ARM/retarget.o
                0x080005dc                __cxa_pure_virtual
 .text.mbed_main
                0x080005e4        0x4 C:\Users\Christopher\Documents\GitHub\Door-Control/mbed/TARGET_NUCLEO_F103RB/TOOLCHAIN_GCC_ARM/retarget.o
                0x080005e4                mbed_main
 .text.__wrap_main
                0x080005e8       0x14 C:\Users\Christopher\Documents\GitHub\Door-Control/mbed/TARGET_NUCLEO_F103RB/TOOLCHAIN_GCC_ARM/retarget.o
                0x080005e8                __wrap_main
 .text._sbrk    0x080005fc       0x28 C:\Users\Christopher\Documents\GitHub\Door-Control/mbed/TARGET_NUCLEO_F103RB/TOOLCHAIN_GCC_ARM/retarget.o
                0x080005fc                _sbrk
 .text._exit    0x08000624       0x24 C:\Users\Christopher\Documents\GitHub\Door-Control/mbed/TARGET_NUCLEO_F103RB/TOOLCHAIN_GCC_ARM/retarget.o
                0x08000624                _exit
 .text._ZN4mbed26mbed_set_unbuffered_streamEP7__sFILE
                0x08000648        0x8 C:\Users\Christopher\Documents\GitHub\Door-Control/mbed/TARGET_NUCLEO_F103RB/TOOLCHAIN_GCC_ARM/retarget.o
                0x08000648                mbed::mbed_set_unbuffered_stream(__sFILE*)
 .text.TIM_TimeBaseInit
                0x08000650       0xb4 C:\Users\Christopher\Documents\GitHub\Door-Control/mbed/TARGET_NUCLEO_F103RB/TOOLCHAIN_GCC_ARM/stm32f10x_tim.o
                0x08000650                TIM_TimeBaseInit
 .text.TIM_TimeBaseStructInit
                0x08000704       0x14 C:\Users\Christopher\Documents\GitHub\Door-Control/mbed/TARGET_NUCLEO_F103RB/TOOLCHAIN_GCC_ARM/stm32f10x_tim.o
                0x08000704                TIM_TimeBaseStructInit
 .text.TIM_Cmd  0x08000718       0x1c C:\Users\Christopher\Documents\GitHub\Door-Control/mbed/TARGET_NUCLEO_F103RB/TOOLCHAIN_GCC_ARM/stm32f10x_tim.o
                0x08000718                TIM_Cmd
 .text.TIM_ITConfig
                0x08000734       0x14 C:\Users\Christopher\Documents\GitHub\Door-Control/mbed/TARGET_NUCLEO_F103RB/TOOLCHAIN_GCC_ARM/stm32f10x_tim.o
                0x08000734                TIM_ITConfig
 .text.TIM_SetCompare1
                0x08000748        0x4 C:\Users\Christopher\Documents\GitHub\Door-Control/mbed/TARGET_NUCLEO_F103RB/TOOLCHAIN_GCC_ARM/stm32f10x_tim.o
                0x08000748                TIM_SetCompare1
 .text.TIM_GetITStatus
                0x0800074c       0x18 C:\Users\Christopher\Documents\GitHub\Door-Control/mbed/TARGET_NUCLEO_F103RB/TOOLCHAIN_GCC_ARM/stm32f10x_tim.o
                0x0800074c                TIM_GetITStatus
 .text.TIM_ClearITPendingBit
                0x08000764        0x8 C:\Users\Christopher\Documents\GitHub\Door-Control/mbed/TARGET_NUCLEO_F103RB/TOOLCHAIN_GCC_ARM/stm32f10x_tim.o
                0x08000764                TIM_ClearITPendingBit
 .text.RTC_GetCounter
                0x0800076c       0x24 C:\Users\Christopher\Documents\GitHub\Door-Control/mbed/TARGET_NUCLEO_F103RB/TOOLCHAIN_GCC_ARM/stm32f10x_rtc.o
                0x0800076c                RTC_GetCounter
 .text.RTC_SetCounter
                0x08000790       0x28 C:\Users\Christopher\Documents\GitHub\Door-Control/mbed/TARGET_NUCLEO_F103RB/TOOLCHAIN_GCC_ARM/stm32f10x_rtc.o
                0x08000790                RTC_SetCounter
 .text.RTC_SetPrescaler
                0x080007b8       0x28 C:\Users\Christopher\Documents\GitHub\Door-Control/mbed/TARGET_NUCLEO_F103RB/TOOLCHAIN_GCC_ARM/stm32f10x_rtc.o
                0x080007b8                RTC_SetPrescaler
 .text.RTC_WaitForLastTask
                0x080007e0       0x10 C:\Users\Christopher\Documents\GitHub\Door-Control/mbed/TARGET_NUCLEO_F103RB/TOOLCHAIN_GCC_ARM/stm32f10x_rtc.o
                0x080007e0                RTC_WaitForLastTask
 .text.RTC_WaitForSynchro
                0x080007f0       0x1c C:\Users\Christopher\Documents\GitHub\Door-Control/mbed/TARGET_NUCLEO_F103RB/TOOLCHAIN_GCC_ARM/stm32f10x_rtc.o
                0x080007f0                RTC_WaitForSynchro
 .text.GPIO_Init
                0x0800080c       0xc4 C:\Users\Christopher\Documents\GitHub\Door-Control/mbed/TARGET_NUCLEO_F103RB/TOOLCHAIN_GCC_ARM/stm32f10x_gpio.o
                0x0800080c                GPIO_Init
 .text.GPIO_PinRemapConfig
                0x080008d0       0x6c C:\Users\Christopher\Documents\GitHub\Door-Control/mbed/TARGET_NUCLEO_F103RB/TOOLCHAIN_GCC_ARM/stm32f10x_gpio.o
                0x080008d0                GPIO_PinRemapConfig
 .text.mbed_die
                0x0800093c       0x14 C:\Users\Christopher\Documents\GitHub\Door-Control/mbed/TARGET_NUCLEO_F103RB/TOOLCHAIN_GCC_ARM/board.o
                0x0800093c                mbed_die
 .text.PWR_BackupAccessCmd
                0x08000950        0xc C:\Users\Christopher\Documents\GitHub\Door-Control/mbed/TARGET_NUCLEO_F103RB/TOOLCHAIN_GCC_ARM/stm32f10x_pwr.o
                0x08000950                PWR_BackupAccessCmd
 .text.NVIC_SetVector
                0x0800095c       0x48 C:\Users\Christopher\Documents\GitHub\Door-Control/mbed/TARGET_NUCLEO_F103RB/TOOLCHAIN_GCC_ARM/cmsis_nvic.o
                0x0800095c                NVIC_SetVector
 .text.mbed_sdk_init
                0x080009a4        0x4 C:\Users\Christopher\Documents\GitHub\Door-Control/mbed/TARGET_NUCLEO_F103RB/TOOLCHAIN_GCC_ARM/mbed_overrides.o
                0x080009a4                mbed_sdk_init
 .text.USART_Init
                0x080009a8       0xbc C:\Users\Christopher\Documents\GitHub\Door-Control/mbed/TARGET_NUCLEO_F103RB/TOOLCHAIN_GCC_ARM/stm32f10x_usart.o
                0x080009a8                USART_Init
 .text.USART_Cmd
                0x08000a64       0x1c C:\Users\Christopher\Documents\GitHub\Door-Control/mbed/TARGET_NUCLEO_F103RB/TOOLCHAIN_GCC_ARM/stm32f10x_usart.o
                0x08000a64                USART_Cmd
 .text.USART_SendData
                0x08000a80        0x8 C:\Users\Christopher\Documents\GitHub\Door-Control/mbed/TARGET_NUCLEO_F103RB/TOOLCHAIN_GCC_ARM/stm32f10x_usart.o
                0x08000a80                USART_SendData
 .text.USART_ReceiveData
                0x08000a88        0x8 C:\Users\Christopher\Documents\GitHub\Door-Control/mbed/TARGET_NUCLEO_F103RB/TOOLCHAIN_GCC_ARM/stm32f10x_usart.o
                0x08000a88                USART_ReceiveData
 .text.USART_GetFlagStatus
                0x08000a90        0xc C:\Users\Christopher\Documents\GitHub\Door-Control/mbed/TARGET_NUCLEO_F103RB/TOOLCHAIN_GCC_ARM/stm32f10x_usart.o
                0x08000a90                USART_GetFlagStatus
 .text          0x08000a9c       0x44 C:\Users\Christopher\Documents\GitHub\Door-Control/mbed/TARGET_NUCLEO_F103RB/TOOLCHAIN_GCC_ARM/startup_stm32f10x.o
                0x08000a9c                Reset_Handler
                0x08000acc                NMI_Handler
                0x08000ace                HardFault_Handler
                0x08000ad0                MemManage_Handler
                0x08000ad2                BusFault_Handler
                0x08000ad4                UsageFault_Handler
                0x08000ad6                SVC_Handler
                0x08000ad8                DebugMon_Handler
                0x08000ada                PendSV_Handler
                0x08000adc                SysTick_Handler
                0x08000ade                I2C2_EV_IRQHandler
                0x08000ade                PVD_IRQHandler
                0x08000ade                ADC1_2_IRQHandler
                0x08000ade                SPI1_IRQHandler
                0x08000ade                TAMPER_IRQHandler
                0x08000ade                DMA1_Channel4_IRQHandler
                0x08000ade                USART3_IRQHandler
                0x08000ade                EXTI0_IRQHandler
                0x08000ade                DMA1_Channel7_IRQHandler
                0x08000ade                TIM1_CC_IRQHandler
                0x08000ade                EXTI3_IRQHandler
                0x08000ade                TIM4_IRQHandler
                0x08000ade                I2C1_EV_IRQHandler
                0x08000ade                DMA1_Channel6_IRQHandler
                0x08000ade                TIM3_IRQHandler
                0x08000ade                RCC_IRQHandler
                0x08000ade                TIM1_TRG_COM_IRQHandler
                0x08000ade                DMA1_Channel1_IRQHandler
                0x08000ade                Default_Handler
                0x08000ade                EXTI15_10_IRQHandler
                0x08000ade                EXTI9_5_IRQHandler
                0x08000ade                SPI2_IRQHandler
                0x08000ade                CAN1_RX1_IRQHandler
                0x08000ade                RTC_IRQHandler
                0x08000ade                DMA1_Channel5_IRQHandler
                0x08000ade                EXTI4_IRQHandler
                0x08000ade                USB_LP_CAN1_RX0_IRQHandler
                0x08000ade                USB_HP_CAN1_TX_IRQHandler
                0x08000ade                DMA1_Channel3_IRQHandler
                0x08000ade                TIM1_UP_IRQHandler
                0x08000ade                WWDG_IRQHandler
                0x08000ade                TIM2_IRQHandler
                0x08000ade                TIM1_BRK_IRQHandler
                0x08000ade                EXTI1_IRQHandler
                0x08000ade                RTCAlarm_IRQHandler
                0x08000ade                USART2_IRQHandler
                0x08000ade                I2C2_ER_IRQHandler
                0x08000ade                DMA1_Channel2_IRQHandler
                0x08000ade                CAN1_SCE_IRQHandler
                0x08000ade                FLASH_IRQHandler
                0x08000ade                EXTI2_IRQHandler
                0x08000ade                USART1_IRQHandler
                0x08000ade                I2C1_ER_IRQHandler
                0x08000ade                USBWakeUp_IRQHandler
 .text.BKP_DeInit
                0x08000ae0       0x14 C:\Users\Christopher\Documents\GitHub\Door-Control/mbed/TARGET_NUCLEO_F103RB/TOOLCHAIN_GCC_ARM/stm32f10x_bkp.o
                0x08000ae0                BKP_DeInit
 .text.SPI_Init
                0x08000af4       0x40 C:\Users\Christopher\Documents\GitHub\Door-Control/mbed/TARGET_NUCLEO_F103RB/TOOLCHAIN_GCC_ARM/stm32f10x_spi.o
                0x08000af4                SPI_Init
 .text.SPI_Cmd  0x08000b34       0x1c C:\Users\Christopher\Documents\GitHub\Door-Control/mbed/TARGET_NUCLEO_F103RB/TOOLCHAIN_GCC_ARM/stm32f10x_spi.o
                0x08000b34                SPI_Cmd
 .text.SPI_I2S_SendData
                0x08000b50        0x4 C:\Users\Christopher\Documents\GitHub\Door-Control/mbed/TARGET_NUCLEO_F103RB/TOOLCHAIN_GCC_ARM/stm32f10x_spi.o
                0x08000b50                SPI_I2S_SendData
 .text.SPI_I2S_ReceiveData
                0x08000b54        0x8 C:\Users\Christopher\Documents\GitHub\Door-Control/mbed/TARGET_NUCLEO_F103RB/TOOLCHAIN_GCC_ARM/stm32f10x_spi.o
                0x08000b54                SPI_I2S_ReceiveData
 .text.SPI_I2S_GetFlagStatus
                0x08000b5c        0xc C:\Users\Christopher\Documents\GitHub\Door-Control/mbed/TARGET_NUCLEO_F103RB/TOOLCHAIN_GCC_ARM/stm32f10x_spi.o
                0x08000b5c                SPI_I2S_GetFlagStatus
 .text.SystemCoreClockUpdate
                0x08000b68       0x5c C:\Users\Christopher\Documents\GitHub\Door-Control/mbed/TARGET_NUCLEO_F103RB/TOOLCHAIN_GCC_ARM/system_stm32f10x.o
                0x08000b68                SystemCoreClockUpdate
 .text.SetSysClock_PLL_HSE
                0x08000bc4       0xc4 C:\Users\Christopher\Documents\GitHub\Door-Control/mbed/TARGET_NUCLEO_F103RB/TOOLCHAIN_GCC_ARM/system_stm32f10x.o
                0x08000bc4                SetSysClock_PLL_HSE
 .text.SetSysClock_PLL_HSI
                0x08000c88       0x78 C:\Users\Christopher\Documents\GitHub\Door-Control/mbed/TARGET_NUCLEO_F103RB/TOOLCHAIN_GCC_ARM/system_stm32f10x.o
                0x08000c88                SetSysClock_PLL_HSI
 .text.SetSysClock
                0x08000d00       0x20 C:\Users\Christopher\Documents\GitHub\Door-Control/mbed/TARGET_NUCLEO_F103RB/TOOLCHAIN_GCC_ARM/system_stm32f10x.o
                0x08000d00                SetSysClock
 .text.SystemInit
                0x08000d20       0x54 C:\Users\Christopher\Documents\GitHub\Door-Control/mbed/TARGET_NUCLEO_F103RB/TOOLCHAIN_GCC_ARM/system_stm32f10x.o
                0x08000d20                SystemInit
 .text.HAL_GetTick
                0x08000d74        0xc ..\obj\stm32f1xx_hal.o
                0x08000d74                HAL_GetTick
 .text.HAL_IWDG_MspInit
                0x08000d80        0x2 ..\obj\stm32f1xx_hal_iwdg.o
                0x08000d80                HAL_IWDG_MspInit
 .text.HAL_IWDG_Init
                0x08000d82       0x5c ..\obj\stm32f1xx_hal_iwdg.o
                0x08000d82                HAL_IWDG_Init
 .text.HAL_IWDG_Start
                0x08000dde       0x28 ..\obj\stm32f1xx_hal_iwdg.o
                0x08000dde                HAL_IWDG_Start
 .text.HAL_IWDG_Refresh
                0x08000e06       0x48 ..\obj\stm32f1xx_hal_iwdg.o
                0x08000e06                HAL_IWDG_Refresh
 .text._ZN4mbed10SerialBaseD2Ev
                0x08000e4e        0x2 ..\obj\main.o
                0x08000e4e                mbed::SerialBase::~SerialBase()
                0x08000e4e                mbed::SerialBase::~SerialBase()
 .text._ZN4mbed3SPID2Ev
                0x08000e50        0x2 ..\obj\main.o
                0x08000e50                mbed::SPI::~SPI()
                0x08000e50                mbed::SPI::~SPI()
 *fill*         0x08000e52        0x2 
 .text.gpio_write
                0x08000e54       0x30 ..\obj\main.o
 .text.gpio_read
                0x08000e84       0x30 ..\obj\main.o
 .text._ZN4mbed6SerialD2Ev
                0x08000eb4       0x24 ..\obj\main.o
                0x08000eb4                mbed::Serial::~Serial()
                0x08000eb4                mbed::Serial::~Serial()
 .text._ZN4mbed6SerialD1Ev
                0x08000ed8       0x10 ..\obj\main.o
                0x08000ed8                non-virtual thunk to mbed::Serial::~Serial()
                0x08000ee0                non-virtual thunk to mbed::Serial::~Serial()
 .text._ZN4mbed10SerialBaseD0Ev
                0x08000ee8        0xc ..\obj\main.o
                0x08000ee8                mbed::SerialBase::~SerialBase()
 .text._ZN4mbed9DigitalInC2E7PinName
                0x08000ef4       0x1a ..\obj\main.o
                0x08000ef4                mbed::DigitalIn::DigitalIn(PinName)
                0x08000ef4                mbed::DigitalIn::DigitalIn(PinName)
 .text._ZN4mbed10DigitalOutC2E7PinName
                0x08000f0e       0x1a ..\obj\main.o
                0x08000f0e                mbed::DigitalOut::DigitalOut(PinName)
                0x08000f0e                mbed::DigitalOut::DigitalOut(PinName)
 .text._ZN4mbed3SPID0Ev
                0x08000f28        0xc ..\obj\main.o
                0x08000f28                mbed::SPI::~SPI()
 .text._Z9set_doorsiiiiiiii
                0x08000f34      0x10c ..\obj\main.o
                0x08000f34                set_doors(int, int, int, int, int, int, int, int)
 .text._Z12check_streamPc
                0x08001040       0x94 ..\obj\main.o
                0x08001040                check_stream(char*)
 .text._Z11read_egressv
                0x080010d4       0x58 ..\obj\main.o
                0x080010d4                read_egress()
 .text._Z12egress_timerv
                0x0800112c       0x58 ..\obj\main.o
                0x0800112c                egress_timer()
 .text._Z13watchdog_initv
                0x08001184       0x1c ..\obj\main.o
                0x08001184                watchdog_init()
 .text._Z14watchdog_startv
                0x080011a0        0xc ..\obj\main.o
                0x080011a0                watchdog_start()
 .text._Z16watchdog_refreshv
                0x080011ac       0x24 ..\obj\main.o
                0x080011ac                watchdog_refresh()
 .text._Z15f_ethernet_initv
                0x080011d0       0xd8 ..\obj\main.o
                0x080011d0                f_ethernet_init()
 .text.startup.main
                0x080012a8      0x12c ..\obj\main.o
                0x080012a8                main
 .text._ZN4mbed6SerialD0Ev
                0x080013d4       0x1e ..\obj\main.o
                0x080013d4                mbed::Serial::~Serial()
                0x080013e6                non-virtual thunk to mbed::Serial::~Serial()
                0x080013ec                non-virtual thunk to mbed::Serial::~Serial()
 *fill*         0x080013f2        0x2 
 .text.startup._GLOBAL__sub_I_DOORS
                0x080013f4      0x148 ..\obj\main.o
 .text._ZN15WIZnetInterfaceC2EPN4mbed3SPIE7PinNameS3_
                0x0800153c       0x12 ..\obj\WIZnetInterface.o
                0x0800153c                WIZnetInterface::WIZnetInterface(mbed::SPI*, PinName, PinName)
                0x0800153c                WIZnetInterface::WIZnetInterface(mbed::SPI*, PinName, PinName)
 .text._ZN15WIZnetInterface4initEPh
                0x0800154e       0x1a ..\obj\WIZnetInterface.o
                0x0800154e                WIZnetInterface::init(unsigned char*)
 .text._ZN15WIZnetInterface13getMACAddressEv
                0x08001568       0x4c ..\obj\WIZnetInterface.o
                0x08001568                WIZnetInterface::getMACAddress()
 .text._ZN15WIZnetInterface7IPrenewEi
                0x080015b4       0xa8 ..\obj\WIZnetInterface.o
                0x080015b4                WIZnetInterface::IPrenew(int)
 .text._ZN15WIZnetInterface7connectEv
                0x0800165c       0x26 ..\obj\WIZnetInterface.o
                0x0800165c                WIZnetInterface::connect()
 .text._ZN11WIZnet_Chip6reg_rdImEET_t
                0x08001682       0x36 ..\obj\WIZnetInterface.o
                0x08001682                unsigned long WIZnet_Chip::reg_rd<unsigned long>(unsigned short)
 .text._ZN15WIZnetInterface12getIPAddressEv
                0x080016b8       0x34 ..\obj\WIZnetInterface.o
                0x080016b8                WIZnetInterface::getIPAddress()
 .text._ZN15WIZnetInterface14getNetworkMaskEv
                0x080016ec       0x34 ..\obj\WIZnetInterface.o
                0x080016ec                WIZnetInterface::getNetworkMask()
 .text._ZN15WIZnetInterface10getGatewayEv
                0x08001720       0x34 ..\obj\WIZnetInterface.o
                0x08001720                WIZnetInterface::getGateway()
 .text._ZN19TCPSocketConnectionC2Ev
                0x08001754       0x14 ..\obj\TCPSocketConnection.o
                0x08001754                TCPSocketConnection::TCPSocketConnection()
                0x08001754                TCPSocketConnection::TCPSocketConnection()
 .text._ZN19TCPSocketConnection7connectEPKci
                0x08001768       0x5a ..\obj\TCPSocketConnection.o
                0x08001768                TCPSocketConnection::connect(char const*, int)
 .text._ZN19TCPSocketConnection12is_connectedEv
                0x080017c2        0xa ..\obj\TCPSocketConnection.o
                0x080017c2                TCPSocketConnection::is_connected()
 .text._ZN19TCPSocketConnection4sendEPci
                0x080017cc       0x3c ..\obj\TCPSocketConnection.o
                0x080017cc                TCPSocketConnection::send(char*, int)
 .text._ZN19TCPSocketConnection7receiveEPci
                0x08001808       0x3c ..\obj\TCPSocketConnection.o
                0x08001808                TCPSocketConnection::receive(char*, int)
 .text._ZN9DNSClientD2Ev
                0x08001844       0x20 ..\obj\DNSClient.o
                0x08001844                DNSClient::~DNSClient()
                0x08001844                DNSClient::~DNSClient()
 .text._ZN9DNSClientD0Ev
                0x08001864       0x12 ..\obj\DNSClient.o
                0x08001864                DNSClient::~DNSClient()
 .text._ZN11pico_stringC2Ev
                0x08001876       0x18 ..\obj\DNSClient.o
                0x08001876                pico_string::pico_string()
                0x08001876                pico_string::pico_string()
 .text._ZN11pico_stringD2Ev
                0x0800188e       0x10 ..\obj\DNSClient.o
                0x0800188e                pico_string::~pico_string()
                0x0800188e                pico_string::~pico_string()
 .text._ZN11pico_string6appendEPKci
                0x0800189e       0x44 ..\obj\DNSClient.o
                0x0800189e                pico_string::append(char const*, int)
 *fill*         0x080018e2        0x2 
 .text._ZN7dnsname6decodeEi
                0x080018e4       0x54 ..\obj\DNSClient.o
                0x080018e4                dnsname::decode(int)
 .text._ZN9DNSClientC2EPKc
                0x08001938       0x24 ..\obj\DNSClient.o
                0x08001938                DNSClient::DNSClient(char const*)
                0x08001938                DNSClient::DNSClient(char const*)
 .text._ZN9DNSClient8responseEPhi
                0x0800195c       0xa6 ..\obj\DNSClient.o
                0x0800195c                DNSClient::response(unsigned char*, int)
 .text._ZN9DNSClient8callbackEv
                0x08001a02       0x50 ..\obj\DNSClient.o
                0x08001a02                DNSClient::callback()
 *fill*         0x08001a52        0x2 
 .text._ZN9DNSClient5queryEPhiPKc
                0x08001a54       0xbc ..\obj\DNSClient.o
                0x08001a54                DNSClient::query(unsigned char*, int, char const*)
 .text._ZN9DNSClient7resolveEPKc
                0x08001b10       0x84 ..\obj\DNSClient.o
                0x08001b10                DNSClient::resolve(char const*)
 .text._ZN9DNSClient4pollEv
                0x08001b94       0x4c ..\obj\DNSClient.o
                0x08001b94                DNSClient::poll()
 .text._ZN9DNSClient6lookupEPKc
                0x08001be0       0x28 ..\obj\DNSClient.o
                0x08001be0                DNSClient::lookup(char const*)
 .text._ZN9UDPSocketC2Ev
                0x08001c08        0xc ..\obj\UDPSocket.o
                0x08001c08                UDPSocket::UDPSocket()
                0x08001c08                UDPSocket::UDPSocket()
 .text._ZN9UDPSocket4initEv
                0x08001c14       0x26 ..\obj\UDPSocket.o
                0x08001c14                UDPSocket::init()
 *fill*         0x08001c3a        0x2 
 .text._ZN9UDPSocket12readEndpointER8EndpointPh
                0x08001c3c       0x38 ..\obj\UDPSocket.o
                0x08001c3c                UDPSocket::readEndpoint(Endpoint&, unsigned char*)
 .text._ZN9UDPSocket11receiveFromER8EndpointPci
                0x08001c74       0x68 ..\obj\UDPSocket.o
                0x08001c74                UDPSocket::receiveFrom(Endpoint&, char*, int)
 .text._ZN11WIZnet_Chip6reg_wrItEEvthT_
                0x08001cdc       0x1a ..\obj\UDPSocket.o
                0x08001cdc                void WIZnet_Chip::reg_wr<unsigned short>(unsigned short, unsigned char, unsigned short)
 .text._ZN9UDPSocket12confEndpointER8Endpoint
                0x08001cf6       0x78 ..\obj\UDPSocket.o
                0x08001cf6                UDPSocket::confEndpoint(Endpoint&)
 .text._ZN9UDPSocket6sendToER8EndpointPci
                0x08001d6e       0x46 ..\obj\UDPSocket.o
                0x08001d6e                UDPSocket::sendTo(Endpoint&, char*, int)
 .text._ZN9UDPSocket4bindEi
                0x08001db4       0x68 ..\obj\UDPSocket.o
                0x08001db4                UDPSocket::bind(int)
 .text.gpio_write
                0x08001e1c       0x30 ..\obj\W5500.o
 .text._ZN11WIZnet_ChipC2EPN4mbed3SPIE7PinNameS3_
                0x08001e4c       0x44 ..\obj\W5500.o
                0x08001e4c                WIZnet_Chip::WIZnet_Chip(mbed::SPI*, PinName, PinName)
                0x08001e4c                WIZnet_Chip::WIZnet_Chip(mbed::SPI*, PinName, PinName)
 .text._ZN11WIZnet_Chip9spi_writeEthPKht
                0x08001e90       0x5c ..\obj\W5500.o
                0x08001e90                WIZnet_Chip::spi_write(unsigned short, unsigned char, unsigned char const*, unsigned short)
 .text._ZN11WIZnet_Chip8spi_readEthPht
                0x08001eec       0x5e ..\obj\W5500.o
                0x08001eec                WIZnet_Chip::spi_read(unsigned short, unsigned char, unsigned char*, unsigned short)
 .text._Z9str_to_ipPKc
                0x08001f4a       0x2a ..\obj\W5500.o
                0x08001f4a                str_to_ip(char const*)
 .text._ZN11WIZnet_Chip6reg_wrImEEvtT_
                0x08001f74       0x2c ..\obj\W5500.o
                0x08001f74                void WIZnet_Chip::reg_wr<unsigned long>(unsigned short, unsigned long)
 .text._ZN11WIZnet_Chip5setipEv
                0x08001fa0       0x24 ..\obj\W5500.o
                0x08001fa0                WIZnet_Chip::setip()
 .text._ZN11WIZnet_Chip4sregIhEEvitT_
                0x08001fc4       0x22 ..\obj\W5500.o
                0x08001fc4                void WIZnet_Chip::sreg<unsigned char>(int, unsigned short, unsigned char)
 .text._ZN11WIZnet_Chip11setProtocolEi8Protocol
                0x08001fe6       0x16 ..\obj\W5500.o
                0x08001fe6                WIZnet_Chip::setProtocol(int, Protocol)
 .text._ZN11WIZnet_Chip5resetEv
                0x08001ffc       0x64 ..\obj\W5500.o
                0x08001ffc                WIZnet_Chip::reset()
 .text._ZN11WIZnet_Chip4sregItEEvitT_
                0x08002060       0x26 ..\obj\W5500.o
                0x08002060                void WIZnet_Chip::sreg<unsigned short>(int, unsigned short, unsigned short)
 .text._ZN11WIZnet_Chip4sregIhEET_it
                0x08002086       0x22 ..\obj\W5500.o
                0x08002086                unsigned char WIZnet_Chip::sreg<unsigned char>(int, unsigned short)
 .text._ZN11WIZnet_Chip12is_connectedEi
                0x080020a8       0x1a ..\obj\W5500.o
                0x080020a8                WIZnet_Chip::is_connected(int)
 .text._ZN11WIZnet_Chip10new_socketEv
                0x080020c2       0x22 ..\obj\W5500.o
                0x080020c2                WIZnet_Chip::new_socket()
 .text._ZN11WIZnet_Chip4scmdEi7Command
                0x080020e4       0x1e ..\obj\W5500.o
                0x080020e4                WIZnet_Chip::scmd(int, Command)
 .text._ZN11WIZnet_Chip7connectEiPKcii
                0x08002102       0xca ..\obj\W5500.o
                0x08002102                WIZnet_Chip::connect(int, char const*, int, int)
 .text._ZN11WIZnet_Chip5closeEi
                0x080021cc       0x48 ..\obj\W5500.o
                0x080021cc                WIZnet_Chip::close(int)
 .text._ZN11WIZnet_Chip4sregItEET_it
                0x08002214       0x32 ..\obj\W5500.o
                0x08002214                unsigned short WIZnet_Chip::sreg<unsigned short>(int, unsigned short)
 .text._ZN11WIZnet_Chip13wait_readableEiii
                0x08002246       0x5c ..\obj\W5500.o
                0x08002246                WIZnet_Chip::wait_readable(int, int, int)
 .text._ZN11WIZnet_Chip14wait_writeableEiii
                0x080022a2       0x5c ..\obj\W5500.o
                0x080022a2                WIZnet_Chip::wait_writeable(int, int, int)
 .text._ZN11WIZnet_Chip4sendEiPKci
                0x080022fe       0xa8 ..\obj\W5500.o
                0x080022fe                WIZnet_Chip::send(int, char const*, int)
 .text._ZN11WIZnet_Chip4recvEiPci
                0x080023a6       0x54 ..\obj\W5500.o
                0x080023a6                WIZnet_Chip::recv(int, char*, int)
 *fill*         0x080023fa        0x2 
 .text._ZN11WIZnet_Chip13gethostbynameEPKcPm
                0x080023fc       0x64 ..\obj\W5500.o
                0x080023fc                WIZnet_Chip::gethostbyname(char const*, unsigned long*)
 .text._ZN6SocketC2Ev
                0x08002460       0x30 ..\obj\Socket.o
                0x08002460                Socket::Socket()
                0x08002460                Socket::Socket()
 .text._ZN6Socket12set_blockingEbj
                0x08002490        0x6 ..\obj\Socket.o
                0x08002490                Socket::set_blocking(bool, unsigned int)
 .text._ZN6Socket5closeEv
                0x08002496       0x16 ..\obj\Socket.o
                0x08002496                Socket::close()
 .text._ZN6SocketD2Ev
                0x080024ac        0xc ..\obj\Socket.o
                0x080024ac                Socket::~Socket()
                0x080024ac                Socket::~Socket()
 .text._ZN10DHCPClient5offerEPhi
                0x080024b8       0x76 ..\obj\DHCPClient.o
                0x080024b8                DHCPClient::offer(unsigned char*, int)
 .text._ZN10DHCPClient6verifyEPhi
                0x0800252e       0x26 ..\obj\DHCPClient.o
                0x0800252e                DHCPClient::verify(unsigned char*, int)
 .text._ZN10DHCPClient7add_bufEPhi
                0x08002554       0x22 ..\obj\DHCPClient.o
                0x08002554                DHCPClient::add_buf(unsigned char*, int)
 .text._ZN10DHCPClient8fill_bufEih
                0x08002576       0x1c ..\obj\DHCPClient.o
                0x08002576                DHCPClient::fill_buf(int, unsigned char)
 *fill*         0x08002592        0x2 
 .text._ZN10DHCPClient8discoverEv
                0x08002594       0xa8 ..\obj\DHCPClient.o
                0x08002594                DHCPClient::discover()
 .text._ZN10DHCPClient10add_optionEhPhi
                0x0800263c       0x36 ..\obj\DHCPClient.o
                0x0800263c                DHCPClient::add_option(unsigned char, unsigned char*, int)
 *fill*         0x08002672        0x2 
 .text._ZN10DHCPClient7requestEv
                0x08002674       0xc0 ..\obj\DHCPClient.o
                0x08002674                DHCPClient::request()
 .text._ZN10DHCPClient8callbackEv
                0x08002734       0x66 ..\obj\DHCPClient.o
                0x08002734                DHCPClient::callback()
 *fill*         0x0800279a        0x2 
 .text._ZN10DHCPClient5setupEi
                0x0800279c      0x118 ..\obj\DHCPClient.o
                0x0800279c                DHCPClient::setup(int)
 .text._ZN10DHCPClientC2Ev
                0x080028b4       0x16 ..\obj\DHCPClient.o
                0x080028b4                DHCPClient::DHCPClient()
                0x080028b4                DHCPClient::DHCPClient()
 .text._ZN8EndpointC2Ev
                0x080028ca        0x8 ..\obj\Endpoint.o
                0x080028ca                Endpoint::Endpoint()
                0x080028ca                Endpoint::Endpoint()
 .text._ZN8EndpointD2Ev
                0x080028d2        0x2 ..\obj\Endpoint.o
                0x080028d2                Endpoint::~Endpoint()
                0x080028d2                Endpoint::~Endpoint()
 .text._ZN8Endpoint11set_addressEPKci
                0x080028d4       0x4c ..\obj\Endpoint.o
                0x080028d4                Endpoint::set_address(char const*, int)
 .text._ZN8Endpoint11get_addressEv
                0x08002920        0x2 ..\obj\Endpoint.o
                0x08002920                Endpoint::get_address()
 .text._ZN8Endpoint8get_portEv
                0x08002922        0x4 ..\obj\Endpoint.o
                0x08002922                Endpoint::get_port()
 *fill*         0x08002926        0x2 
 .text.init_usart
                0x08002928       0x60 C:\Users\Christopher\Documents\GitHub\Door-Control/mbed/TARGET_NUCLEO_F103RB/TOOLCHAIN_GCC_ARM\libmbed.a(serial_api.o)
 .text.serial_init
                0x08002988       0xf4 C:\Users\Christopher\Documents\GitHub\Door-Control/mbed/TARGET_NUCLEO_F103RB/TOOLCHAIN_GCC_ARM\libmbed.a(serial_api.o)
                0x08002988                serial_init
 .text.serial_irq_handler
                0x08002a7c       0x1c C:\Users\Christopher\Documents\GitHub\Door-Control/mbed/TARGET_NUCLEO_F103RB/TOOLCHAIN_GCC_ARM\libmbed.a(serial_api.o)
                0x08002a7c                serial_irq_handler
 .text.serial_getc
                0x08002a98       0x20 C:\Users\Christopher\Documents\GitHub\Door-Control/mbed/TARGET_NUCLEO_F103RB/TOOLCHAIN_GCC_ARM\libmbed.a(serial_api.o)
                0x08002a98                serial_getc
 .text.serial_putc
                0x08002ab8       0x24 C:\Users\Christopher\Documents\GitHub\Door-Control/mbed/TARGET_NUCLEO_F103RB/TOOLCHAIN_GCC_ARM\libmbed.a(serial_api.o)
                0x08002ab8                serial_putc
 .text._ZN4mbed8FileBaseD2Ev
                0x08002adc       0x30 C:\Users\Christopher\Documents\GitHub\Door-Control/mbed/TARGET_NUCLEO_F103RB/TOOLCHAIN_GCC_ARM\libmbed.a(FileBase.o)
                0x08002adc                mbed::FileBase::~FileBase()
                0x08002adc                mbed::FileBase::~FileBase()
 .text._ZN4mbed8FileBaseD0Ev
                0x08002b0c       0x3c C:\Users\Christopher\Documents\GitHub\Door-Control/mbed/TARGET_NUCLEO_F103RB/TOOLCHAIN_GCC_ARM\libmbed.a(FileBase.o)
                0x08002b0c                mbed::FileBase::~FileBase()
 .text._ZN4mbed8FileBaseC2EPKcNS_8PathTypeE
                0x08002b48       0x28 C:\Users\Christopher\Documents\GitHub\Door-Control/mbed/TARGET_NUCLEO_F103RB/TOOLCHAIN_GCC_ARM\libmbed.a(FileBase.o)
                0x08002b48                mbed::FileBase::FileBase(char const*, mbed::PathType)
                0x08002b48                mbed::FileBase::FileBase(char const*, mbed::PathType)
 .text._ZN4mbed8FileBase6lookupEPKcj
                0x08002b70       0x3c C:\Users\Christopher\Documents\GitHub\Door-Control/mbed/TARGET_NUCLEO_F103RB/TOOLCHAIN_GCC_ARM\libmbed.a(FileBase.o)
                0x08002b70                mbed::FileBase::lookup(char const*, unsigned int)
 .text._ZN4mbed8FileBase11getPathTypeEv
                0x08002bac        0x4 C:\Users\Christopher\Documents\GitHub\Door-Control/mbed/TARGET_NUCLEO_F103RB/TOOLCHAIN_GCC_ARM\libmbed.a(FileBase.o)
                0x08002bac                mbed::FileBase::getPathType()
 .text._ZN4mbed8FilePathC2EPKc
                0x08002bb0       0x58 C:\Users\Christopher\Documents\GitHub\Door-Control/mbed/TARGET_NUCLEO_F103RB/TOOLCHAIN_GCC_ARM\libmbed.a(FilePath.o)
                0x08002bb0                mbed::FilePath::FilePath(char const*)
                0x08002bb0                mbed::FilePath::FilePath(char const*)
 .text._ZN4mbed8FilePath8fileNameEv
                0x08002c08        0x4 C:\Users\Christopher\Documents\GitHub\Door-Control/mbed/TARGET_NUCLEO_F103RB/TOOLCHAIN_GCC_ARM\libmbed.a(FilePath.o)
                0x08002c08                mbed::FilePath::fileName()
 .text._ZN4mbed8FilePath10fileSystemEv
                0x08002c0c       0x18 C:\Users\Christopher\Documents\GitHub\Door-Control/mbed/TARGET_NUCLEO_F103RB/TOOLCHAIN_GCC_ARM\libmbed.a(FilePath.o)
                0x08002c0c                mbed::FilePath::fileSystem()
 .text._ZN4mbed8FilePath6isFileEv
                0x08002c24       0x14 C:\Users\Christopher\Documents\GitHub\Door-Control/mbed/TARGET_NUCLEO_F103RB/TOOLCHAIN_GCC_ARM\libmbed.a(FilePath.o)
                0x08002c24                mbed::FilePath::isFile()
 .text._ZN4mbed8FilePath4fileEv
                0x08002c38       0x1c C:\Users\Christopher\Documents\GitHub\Door-Control/mbed/TARGET_NUCLEO_F103RB/TOOLCHAIN_GCC_ARM\libmbed.a(FilePath.o)
                0x08002c38                mbed::FilePath::file()
 .text._ZN4mbed8FilePath6existsEv
                0x08002c54        0xc C:\Users\Christopher\Documents\GitHub\Door-Control/mbed/TARGET_NUCLEO_F103RB/TOOLCHAIN_GCC_ARM\libmbed.a(FilePath.o)
                0x08002c54                mbed::FilePath::exists()
 .text._ZN4mbed3SPIC2E7PinNameS1_S1_S1_
                0x08002c60       0x6c C:\Users\Christopher\Documents\GitHub\Door-Control/mbed/TARGET_NUCLEO_F103RB/TOOLCHAIN_GCC_ARM\libmbed.a(SPI.o)
                0x08002c60                mbed::SPI::SPI(PinName, PinName, PinName, PinName)
                0x08002c60                mbed::SPI::SPI(PinName, PinName, PinName, PinName)
 .text._ZN4mbed3SPI6aquireEv
                0x08002ccc       0x2c C:\Users\Christopher\Documents\GitHub\Door-Control/mbed/TARGET_NUCLEO_F103RB/TOOLCHAIN_GCC_ARM\libmbed.a(SPI.o)
                0x08002ccc                mbed::SPI::aquire()
 .text._ZN4mbed3SPI5writeEi
                0x08002cf8       0x18 C:\Users\Christopher\Documents\GitHub\Door-Control/mbed/TARGET_NUCLEO_F103RB/TOOLCHAIN_GCC_ARM\libmbed.a(SPI.o)
                0x08002cf8                mbed::SPI::write(int)
 .text._ZN4mbed6Serial5_getcEv
                0x08002d10        0x4 C:\Users\Christopher\Documents\GitHub\Door-Control/mbed/TARGET_NUCLEO_F103RB/TOOLCHAIN_GCC_ARM\libmbed.a(Serial.o)
                0x08002d10                mbed::Serial::_getc()
 .text._ZThn92_N4mbed6Serial5_getcEv
                0x08002d14        0x8 C:\Users\Christopher\Documents\GitHub\Door-Control/mbed/TARGET_NUCLEO_F103RB/TOOLCHAIN_GCC_ARM\libmbed.a(Serial.o)
                0x08002d14                non-virtual thunk to mbed::Serial::_getc()
 .text._ZN4mbed6Serial5_putcEi
                0x08002d1c        0x4 C:\Users\Christopher\Documents\GitHub\Door-Control/mbed/TARGET_NUCLEO_F103RB/TOOLCHAIN_GCC_ARM\libmbed.a(Serial.o)
                0x08002d1c                mbed::Serial::_putc(int)
 .text._ZThn92_N4mbed6Serial5_putcEi
                0x08002d20        0x8 C:\Users\Christopher\Documents\GitHub\Door-Control/mbed/TARGET_NUCLEO_F103RB/TOOLCHAIN_GCC_ARM\libmbed.a(Serial.o)
                0x08002d20                non-virtual thunk to mbed::Serial::_putc(int)
 .text._ZN4mbed6SerialC2E7PinNameS1_PKc
                0x08002d28       0x30 C:\Users\Christopher\Documents\GitHub\Door-Control/mbed/TARGET_NUCLEO_F103RB/TOOLCHAIN_GCC_ARM\libmbed.a(Serial.o)
                0x08002d28                mbed::Serial::Serial(PinName, PinName, char const*)
                0x08002d28                mbed::Serial::Serial(PinName, PinName, char const*)
 .text._ZN4mbed6Stream5closeEv
                0x08002d58        0x4 C:\Users\Christopher\Documents\GitHub\Door-Control/mbed/TARGET_NUCLEO_F103RB/TOOLCHAIN_GCC_ARM\libmbed.a(Stream.o)
                0x08002d58                mbed::Stream::close()
 .text._ZN4mbed6Stream5writeEPKvj
                0x08002d5c       0x30 C:\Users\Christopher\Documents\GitHub\Door-Control/mbed/TARGET_NUCLEO_F103RB/TOOLCHAIN_GCC_ARM\libmbed.a(Stream.o)
                0x08002d5c                mbed::Stream::write(void const*, unsigned int)
 .text._ZN4mbed6Stream4readEPvj
                0x08002d8c       0x30 C:\Users\Christopher\Documents\GitHub\Door-Control/mbed/TARGET_NUCLEO_F103RB/TOOLCHAIN_GCC_ARM\libmbed.a(Stream.o)
                0x08002d8c                mbed::Stream::read(void*, unsigned int)
 .text._ZN4mbed6Stream5lseekEli
                0x08002dbc        0x4 C:\Users\Christopher\Documents\GitHub\Door-Control/mbed/TARGET_NUCLEO_F103RB/TOOLCHAIN_GCC_ARM\libmbed.a(Stream.o)
                0x08002dbc                mbed::Stream::lseek(long, int)
 .text._ZN4mbed6Stream6isattyEv
                0x08002dc0        0x4 C:\Users\Christopher\Documents\GitHub\Door-Control/mbed/TARGET_NUCLEO_F103RB/TOOLCHAIN_GCC_ARM\libmbed.a(Stream.o)
                0x08002dc0                mbed::Stream::isatty()
 .text._ZN4mbed6Stream5fsyncEv
                0x08002dc4        0x4 C:\Users\Christopher\Documents\GitHub\Door-Control/mbed/TARGET_NUCLEO_F103RB/TOOLCHAIN_GCC_ARM\libmbed.a(Stream.o)
                0x08002dc4                mbed::Stream::fsync()
 .text._ZN4mbed6Stream4flenEv
                0x08002dc8        0x4 C:\Users\Christopher\Documents\GitHub\Door-Control/mbed/TARGET_NUCLEO_F103RB/TOOLCHAIN_GCC_ARM\libmbed.a(Stream.o)
                0x08002dc8                mbed::Stream::flen()
 .text._ZN4mbed6StreamD2Ev
                0x08002dcc       0x24 C:\Users\Christopher\Documents\GitHub\Door-Control/mbed/TARGET_NUCLEO_F103RB/TOOLCHAIN_GCC_ARM\libmbed.a(Stream.o)
                0x08002dcc                mbed::Stream::~Stream()
                0x08002dcc                mbed::Stream::~Stream()
 .text._ZThn4_N4mbed6StreamD1Ev
                0x08002df0        0x8 C:\Users\Christopher\Documents\GitHub\Door-Control/mbed/TARGET_NUCLEO_F103RB/TOOLCHAIN_GCC_ARM\libmbed.a(Stream.o)
                0x08002df0                non-virtual thunk to mbed::Stream::~Stream()
 .text._ZN4mbed6StreamD0Ev
                0x08002df8       0x14 C:\Users\Christopher\Documents\GitHub\Door-Control/mbed/TARGET_NUCLEO_F103RB/TOOLCHAIN_GCC_ARM\libmbed.a(Stream.o)
                0x08002df8                mbed::Stream::~Stream()
 .text._ZThn4_N4mbed6StreamD0Ev
                0x08002e0c        0x8 C:\Users\Christopher\Documents\GitHub\Door-Control/mbed/TARGET_NUCLEO_F103RB/TOOLCHAIN_GCC_ARM\libmbed.a(Stream.o)
                0x08002e0c                non-virtual thunk to mbed::Stream::~Stream()
 .text._ZN4mbed6StreamC2EPKc
                0x08002e14       0x44 C:\Users\Christopher\Documents\GitHub\Door-Control/mbed/TARGET_NUCLEO_F103RB/TOOLCHAIN_GCC_ARM\libmbed.a(Stream.o)
                0x08002e14                mbed::Stream::Stream(char const*)
                0x08002e14                mbed::Stream::Stream(char const*)
 .text._ZN4mbed6Stream6printfEPKcz
                0x08002e58       0x2c C:\Users\Christopher\Documents\GitHub\Door-Control/mbed/TARGET_NUCLEO_F103RB/TOOLCHAIN_GCC_ARM\libmbed.a(Stream.o)
                0x08002e58                mbed::Stream::printf(char const*, ...)
 .text._ZN4mbed10SerialBase12_irq_handlerEm9SerialIrq
                0x08002e84       0x10 C:\Users\Christopher\Documents\GitHub\Door-Control/mbed/TARGET_NUCLEO_F103RB/TOOLCHAIN_GCC_ARM\libmbed.a(SerialBase.o)
                0x08002e84                mbed::SerialBase::_irq_handler(unsigned long, SerialIrq)
 .text._ZN4mbed10SerialBaseC2E7PinNameS1_
                0x08002e94       0x58 C:\Users\Christopher\Documents\GitHub\Door-Control/mbed/TARGET_NUCLEO_F103RB/TOOLCHAIN_GCC_ARM\libmbed.a(SerialBase.o)
                0x08002e94                mbed::SerialBase::SerialBase(PinName, PinName)
                0x08002e94                mbed::SerialBase::SerialBase(PinName, PinName)
 .text._ZN4mbed10SerialBase10_base_getcEv
                0x08002eec        0x8 C:\Users\Christopher\Documents\GitHub\Door-Control/mbed/TARGET_NUCLEO_F103RB/TOOLCHAIN_GCC_ARM\libmbed.a(SerialBase.o)
                0x08002eec                mbed::SerialBase::_base_getc()
 .text._ZN4mbed10SerialBase10_base_putcEi
                0x08002ef4       0x10 C:\Users\Christopher\Documents\GitHub\Door-Control/mbed/TARGET_NUCLEO_F103RB/TOOLCHAIN_GCC_ARM\libmbed.a(SerialBase.o)
                0x08002ef4                mbed::SerialBase::_base_putc(int)
 .text.mbed_assert_internal
                0x08002f04       0x2c C:\Users\Christopher\Documents\GitHub\Door-Control/mbed/TARGET_NUCLEO_F103RB/TOOLCHAIN_GCC_ARM\libmbed.a(assert.o)
                0x08002f04                mbed_assert_internal
 .text.error    0x08002f30       0x24 C:\Users\Christopher\Documents\GitHub\Door-Control/mbed/TARGET_NUCLEO_F103RB/TOOLCHAIN_GCC_ARM\libmbed.a(error.o)
                0x08002f30                error
 .text._ZN4mbed5TimerC2Ev
                0x08002f54       0x18 C:\Users\Christopher\Documents\GitHub\Door-Control/mbed/TARGET_NUCLEO_F103RB/TOOLCHAIN_GCC_ARM\libmbed.a(Timer.o)
                0x08002f54                mbed::Timer::Timer()
                0x08002f54                mbed::Timer::Timer()
 .text._ZN4mbed5Timer5startEv
                0x08002f6c       0x14 C:\Users\Christopher\Documents\GitHub\Door-Control/mbed/TARGET_NUCLEO_F103RB/TOOLCHAIN_GCC_ARM\libmbed.a(Timer.o)
                0x08002f6c                mbed::Timer::start()
 .text._ZN4mbed5Timer4stopEv
                0x08002f80       0x1c C:\Users\Christopher\Documents\GitHub\Door-Control/mbed/TARGET_NUCLEO_F103RB/TOOLCHAIN_GCC_ARM\libmbed.a(Timer.o)
                0x08002f80                mbed::Timer::stop()
 .text._ZN4mbed5Timer4readEv
                0x08002f9c       0x24 C:\Users\Christopher\Documents\GitHub\Door-Control/mbed/TARGET_NUCLEO_F103RB/TOOLCHAIN_GCC_ARM\libmbed.a(Timer.o)
                0x08002f9c                mbed::Timer::read()
 .text._ZN4mbed5Timer7read_msEv
                0x08002fc0       0x28 C:\Users\Christopher\Documents\GitHub\Door-Control/mbed/TARGET_NUCLEO_F103RB/TOOLCHAIN_GCC_ARM\libmbed.a(Timer.o)
                0x08002fc0                mbed::Timer::read_ms()
 .text._ZN4mbed5Timer5resetEv
                0x08002fe8       0x10 C:\Users\Christopher\Documents\GitHub\Door-Control/mbed/TARGET_NUCLEO_F103RB/TOOLCHAIN_GCC_ARM\libmbed.a(Timer.o)
                0x08002fe8                mbed::Timer::reset()
 .text.pinmap_pinout
                0x08002ff8       0x44 C:\Users\Christopher\Documents\GitHub\Door-Control/mbed/TARGET_NUCLEO_F103RB/TOOLCHAIN_GCC_ARM\libmbed.a(pinmap_common.o)
                0x08002ff8                pinmap_pinout
 .text.pinmap_merge
                0x0800303c       0x24 C:\Users\Christopher\Documents\GitHub\Door-Control/mbed/TARGET_NUCLEO_F103RB/TOOLCHAIN_GCC_ARM\libmbed.a(pinmap_common.o)
                0x0800303c                pinmap_merge
 .text.pinmap_peripheral
                0x08003060       0x34 C:\Users\Christopher\Documents\GitHub\Door-Control/mbed/TARGET_NUCLEO_F103RB/TOOLCHAIN_GCC_ARM\libmbed.a(pinmap_common.o)
                0x08003060                pinmap_peripheral
 .text.time     0x08003094       0x24 C:\Users\Christopher\Documents\GitHub\Door-Control/mbed/TARGET_NUCLEO_F103RB/TOOLCHAIN_GCC_ARM\libmbed.a(rtc_time.o)
                0x08003094                time
 .text.gpio_init_in
                0x080030b8       0x24 C:\Users\Christopher\Documents\GitHub\Door-Control/mbed/TARGET_NUCLEO_F103RB/TOOLCHAIN_GCC_ARM\libmbed.a(gpio.o)
                0x080030b8                gpio_init_in
 .text.gpio_init_out
                0x080030dc       0x48 C:\Users\Christopher\Documents\GitHub\Door-Control/mbed/TARGET_NUCLEO_F103RB/TOOLCHAIN_GCC_ARM\libmbed.a(gpio.o)
                0x080030dc                gpio_init_out
 .text.wait_us  0x08003124       0x18 C:\Users\Christopher\Documents\GitHub\Door-Control/mbed/TARGET_NUCLEO_F103RB/TOOLCHAIN_GCC_ARM\libmbed.a(wait_api.o)
                0x08003124                wait_us
 .text.wait     0x0800313c       0x18 C:\Users\Christopher\Documents\GitHub\Door-Control/mbed/TARGET_NUCLEO_F103RB/TOOLCHAIN_GCC_ARM\libmbed.a(wait_api.o)
                0x0800313c                wait
 .text.wait_ms  0x08003154        0xc C:\Users\Christopher\Documents\GitHub\Door-Control/mbed/TARGET_NUCLEO_F103RB/TOOLCHAIN_GCC_ARM\libmbed.a(wait_api.o)
                0x08003154                wait_ms
 .text.gpio_set
                0x08003160       0x30 C:\Users\Christopher\Documents\GitHub\Door-Control/mbed/TARGET_NUCLEO_F103RB/TOOLCHAIN_GCC_ARM\libmbed.a(gpio_api.o)
                0x08003160                gpio_set
 .text.gpio_init
                0x08003190       0x30 C:\Users\Christopher\Documents\GitHub\Door-Control/mbed/TARGET_NUCLEO_F103RB/TOOLCHAIN_GCC_ARM\libmbed.a(gpio_api.o)
                0x08003190                gpio_init
 .text.gpio_mode
                0x080031c0        0x8 C:\Users\Christopher\Documents\GitHub\Door-Control/mbed/TARGET_NUCLEO_F103RB/TOOLCHAIN_GCC_ARM\libmbed.a(gpio_api.o)
                0x080031c0                gpio_mode
 .text.gpio_dir
                0x080031c8       0x44 C:\Users\Christopher\Documents\GitHub\Door-Control/mbed/TARGET_NUCLEO_F103RB/TOOLCHAIN_GCC_ARM\libmbed.a(gpio_api.o)
                0x080031c8                gpio_dir
 .text.Set_GPIO_Clock
                0x0800320c       0x5c C:\Users\Christopher\Documents\GitHub\Door-Control/mbed/TARGET_NUCLEO_F103RB/TOOLCHAIN_GCC_ARM\libmbed.a(pinmap.o)
                0x0800320c                Set_GPIO_Clock
 .text.pin_function
                0x08003268       0xac C:\Users\Christopher\Documents\GitHub\Door-Control/mbed/TARGET_NUCLEO_F103RB/TOOLCHAIN_GCC_ARM\libmbed.a(pinmap.o)
                0x08003268                pin_function
 .text.pin_mode
                0x08003314       0xa0 C:\Users\Christopher\Documents\GitHub\Door-Control/mbed/TARGET_NUCLEO_F103RB/TOOLCHAIN_GCC_ARM\libmbed.a(pinmap.o)
                0x08003314                pin_mode
 .text.rtc_init
                0x080033b4       0x98 C:\Users\Christopher\Documents\GitHub\Door-Control/mbed/TARGET_NUCLEO_F103RB/TOOLCHAIN_GCC_ARM\libmbed.a(rtc_api.o)
                0x080033b4                rtc_init
 .text.rtc_isenabled
                0x0800344c        0xc C:\Users\Christopher\Documents\GitHub\Door-Control/mbed/TARGET_NUCLEO_F103RB/TOOLCHAIN_GCC_ARM\libmbed.a(rtc_api.o)
                0x0800344c                rtc_isenabled
 .text.rtc_read
                0x08003458        0x4 C:\Users\Christopher\Documents\GitHub\Door-Control/mbed/TARGET_NUCLEO_F103RB/TOOLCHAIN_GCC_ARM\libmbed.a(rtc_api.o)
                0x08003458                rtc_read
 .text.rtc_write
                0x0800345c       0x18 C:\Users\Christopher\Documents\GitHub\Door-Control/mbed/TARGET_NUCLEO_F103RB/TOOLCHAIN_GCC_ARM\libmbed.a(rtc_api.o)
                0x0800345c                rtc_write
 .text.init_spi
                0x08003474       0x64 C:\Users\Christopher\Documents\GitHub\Door-Control/mbed/TARGET_NUCLEO_F103RB/TOOLCHAIN_GCC_ARM\libmbed.a(spi_api.o)
 .text.spi_init
                0x080034d8      0x11c C:\Users\Christopher\Documents\GitHub\Door-Control/mbed/TARGET_NUCLEO_F103RB/TOOLCHAIN_GCC_ARM\libmbed.a(spi_api.o)
                0x080034d8                spi_init
 .text.spi_format
                0x080035f4       0x54 C:\Users\Christopher\Documents\GitHub\Door-Control/mbed/TARGET_NUCLEO_F103RB/TOOLCHAIN_GCC_ARM\libmbed.a(spi_api.o)
                0x080035f4                spi_format
 .text.spi_frequency
                0x08003648      0x118 C:\Users\Christopher\Documents\GitHub\Door-Control/mbed/TARGET_NUCLEO_F103RB/TOOLCHAIN_GCC_ARM\libmbed.a(spi_api.o)
                0x08003648                spi_frequency
 .text.spi_master_write
                0x08003760       0x3c C:\Users\Christopher\Documents\GitHub\Door-Control/mbed/TARGET_NUCLEO_F103RB/TOOLCHAIN_GCC_ARM\libmbed.a(spi_api.o)
                0x08003760                spi_master_write
 .text.set_compare
                0x0800379c       0x20 C:\Users\Christopher\Documents\GitHub\Door-Control/mbed/TARGET_NUCLEO_F103RB/TOOLCHAIN_GCC_ARM\libmbed.a(us_ticker.o)
                0x0800379c                set_compare
 .text.tim_irq_handler
                0x080037bc       0x84 C:\Users\Christopher\Documents\GitHub\Door-Control/mbed/TARGET_NUCLEO_F103RB/TOOLCHAIN_GCC_ARM\libmbed.a(us_ticker.o)
 .text.us_ticker_init
                0x08003840       0x88 C:\Users\Christopher\Documents\GitHub\Door-Control/mbed/TARGET_NUCLEO_F103RB/TOOLCHAIN_GCC_ARM\libmbed.a(us_ticker.o)
                0x08003840                us_ticker_init
 .text.us_ticker_read
                0x080038c8       0x3c C:\Users\Christopher\Documents\GitHub\Door-Control/mbed/TARGET_NUCLEO_F103RB/TOOLCHAIN_GCC_ARM\libmbed.a(us_ticker.o)
                0x080038c8                us_ticker_read
 .text.us_ticker_set_interrupt
                0x08003904       0x68 C:\Users\Christopher\Documents\GitHub\Door-Control/mbed/TARGET_NUCLEO_F103RB/TOOLCHAIN_GCC_ARM\libmbed.a(us_ticker.o)
                0x08003904                us_ticker_set_interrupt
 .text.us_ticker_disable_interrupt
                0x0800396c       0x10 C:\Users\Christopher\Documents\GitHub\Door-Control/mbed/TARGET_NUCLEO_F103RB/TOOLCHAIN_GCC_ARM\libmbed.a(us_ticker.o)
                0x0800396c                us_ticker_disable_interrupt
 .text.us_ticker_clear_interrupt
                0x0800397c        0xc C:\Users\Christopher\Documents\GitHub\Door-Control/mbed/TARGET_NUCLEO_F103RB/TOOLCHAIN_GCC_ARM\libmbed.a(us_ticker.o)
                0x0800397c                us_ticker_clear_interrupt
 .text._ZN4mbed8FileLikeD2Ev
                0x08003988       0x24 C:\Users\Christopher\Documents\GitHub\Door-Control/mbed/TARGET_NUCLEO_F103RB/TOOLCHAIN_GCC_ARM\libmbed.a(FileLike.o)
                0x08003988                mbed::FileLike::~FileLike()
                0x08003988                mbed::FileLike::~FileLike()
 .text._ZThn4_N4mbed8FileLikeD1Ev
                0x080039ac        0x8 C:\Users\Christopher\Documents\GitHub\Door-Control/mbed/TARGET_NUCLEO_F103RB/TOOLCHAIN_GCC_ARM\libmbed.a(FileLike.o)
                0x080039ac                non-virtual thunk to mbed::FileLike::~FileLike()
 .text._ZN4mbed8FileLikeD0Ev
                0x080039b4       0x2c C:\Users\Christopher\Documents\GitHub\Door-Control/mbed/TARGET_NUCLEO_F103RB/TOOLCHAIN_GCC_ARM\libmbed.a(FileLike.o)
                0x080039b4                mbed::FileLike::~FileLike()
 .text._ZThn4_N4mbed8FileLikeD0Ev
                0x080039e0        0x8 C:\Users\Christopher\Documents\GitHub\Door-Control/mbed/TARGET_NUCLEO_F103RB/TOOLCHAIN_GCC_ARM\libmbed.a(FileLike.o)
                0x080039e0                non-virtual thunk to mbed::FileLike::~FileLike()
 .text._ZN4mbed8FileLikeC2EPKc
                0x080039e8       0x28 C:\Users\Christopher\Documents\GitHub\Door-Control/mbed/TARGET_NUCLEO_F103RB/TOOLCHAIN_GCC_ARM\libmbed.a(FileLike.o)
                0x080039e8                mbed::FileLike::FileLike(char const*)
                0x080039e8                mbed::FileLike::FileLike(char const*)
 .text._ZN4mbed15FunctionPointerC2EPFvvE
                0x08003a10        0xc C:\Users\Christopher\Documents\GitHub\Door-Control/mbed/TARGET_NUCLEO_F103RB/TOOLCHAIN_GCC_ARM\libmbed.a(FunctionPointer.o)
                0x08003a10                mbed::FunctionPointer::FunctionPointer(void (*)())
                0x08003a10                mbed::FunctionPointer::FunctionPointer(void (*)())
 .text._ZN4mbed15FunctionPointer4callEv
                0x08003a1c       0x18 C:\Users\Christopher\Documents\GitHub\Door-Control/mbed/TARGET_NUCLEO_F103RB/TOOLCHAIN_GCC_ARM\libmbed.a(FunctionPointer.o)
                0x08003a1c                mbed::FunctionPointer::call()
 .text.us_ticker_irq_handler
                0x08003a34       0x48 C:\Users\Christopher\Documents\GitHub\Door-Control/mbed/TARGET_NUCLEO_F103RB/TOOLCHAIN_GCC_ARM\libmbed.a(us_ticker_api.o)
                0x08003a34                us_ticker_irq_handler
 .text._Znwj    0x08003a7c       0x22 c:/program files (x86)/gnu tools arm embedded/4.9 2014q4/bin/../lib/gcc/arm-none-eabi/4.9.3/../../../../arm-none-eabi/lib/armv7-m\libstdc++_nano.a(new_op.o)
                0x08003a7c                operator new(unsigned int)
 .text._ZdlPv   0x08003a9e        0x4 c:/program files (x86)/gnu tools arm embedded/4.9 2014q4/bin/../lib/gcc/arm-none-eabi/4.9.3/../../../../arm-none-eabi/lib/armv7-m\libstdc++_nano.a(del_op.o)
                0x08003a9e                operator delete(void*)
 *fill*         0x08003aa2        0x2 
 .text._ZSt15get_new_handlerv
                0x08003aa4       0x10 c:/program files (x86)/gnu tools arm embedded/4.9 2014q4/bin/../lib/gcc/arm-none-eabi/4.9.3/../../../../arm-none-eabi/lib/armv7-m\libstdc++_nano.a(new_handler.o)
                0x08003aa4                std::get_new_handler()
 .text.__aeabi_atexit
                0x08003ab4        0xa c:/program files (x86)/gnu tools arm embedded/4.9 2014q4/bin/../lib/gcc/arm-none-eabi/4.9.3/../../../../arm-none-eabi/lib/armv7-m\libstdc++_nano.a(atexit_arm.o)
                0x08003ab4                __aeabi_atexit
 *fill*         0x08003abe        0x2 
 .text          0x08003ac0      0x21c c:/program files (x86)/gnu tools arm embedded/4.9 2014q4/bin/../lib/gcc/arm-none-eabi/4.9.3/armv7-m\libgcc.a(_arm_addsubsf3.o)
                0x08003ac0                __aeabi_frsub
                0x08003ac8                __subsf3
                0x08003ac8                __aeabi_fsub
                0x08003acc                __aeabi_fadd
                0x08003acc                __addsf3
                0x08003c2c                __aeabi_ui2f
                0x08003c2c                __floatunsisf
                0x08003c34                __aeabi_i2f
                0x08003c34                __floatsisf
                0x08003c50                __aeabi_ul2f
                0x08003c50                __floatundisf
                0x08003c60                __aeabi_l2f
                0x08003c60                __floatdisf
 .text          0x08003cdc      0x2a0 c:/program files (x86)/gnu tools arm embedded/4.9 2014q4/bin/../lib/gcc/arm-none-eabi/4.9.3/armv7-m\libgcc.a(_arm_muldivsf3.o)
                0x08003cdc                __mulsf3
                0x08003cdc                __aeabi_fmul
                0x08003e44                __aeabi_fdiv
                0x08003e44                __divsf3
 .text          0x08003f7c       0xec c:/program files (x86)/gnu tools arm embedded/4.9 2014q4/bin/../lib/gcc/arm-none-eabi/4.9.3/armv7-m\libgcc.a(_arm_cmpsf2.o)
                0x08003f7c                __gesf2
                0x08003f7c                __gtsf2
                0x08003f84                __lesf2
                0x08003f84                __ltsf2
                0x08003f8c                __nesf2
                0x08003f8c                __eqsf2
                0x08003f8c                __cmpsf2
                0x08003fec                __aeabi_cfrcmple
                0x08003ff4                __aeabi_cfcmpeq
                0x08003ff4                __aeabi_cfcmple
                0x08004004                __aeabi_fcmpeq
                0x08004018                __aeabi_fcmplt
                0x0800402c                __aeabi_fcmple
                0x08004040                __aeabi_fcmpge
                0x08004054                __aeabi_fcmpgt
 .text          0x08004068       0x4c c:/program files (x86)/gnu tools arm embedded/4.9 2014q4/bin/../lib/gcc/arm-none-eabi/4.9.3/armv7-m\libgcc.a(_arm_fixsfsi.o)
                0x08004068                __aeabi_f2iz
                0x08004068                __fixsfsi
 .text.abort    0x080040b4        0xe c:/program files (x86)/gnu tools arm embedded/4.9 2014q4/bin/../lib/gcc/arm-none-eabi/4.9.3/../../../../arm-none-eabi/lib/armv7-m\libc_nano.a(lib_a-abort.o)
                0x080040b4                abort
 .text.atoi     0x080040c2        0x8 c:/program files (x86)/gnu tools arm embedded/4.9 2014q4/bin/../lib/gcc/arm-none-eabi/4.9.3/../../../../arm-none-eabi/lib/armv7-m\libc_nano.a(lib_a-atoi.o)
                0x080040c2                atoi
 *fill*         0x080040ca        0x2 
 .text.__cxa_atexit
                0x080040cc       0x1c c:/program files (x86)/gnu tools arm embedded/4.9 2014q4/bin/../lib/gcc/arm-none-eabi/4.9.3/../../../../arm-none-eabi/lib/armv7-m\libc_nano.a(lib_a-cxa_atexit.o)
                0x080040cc                __cxa_atexit
 .text.__errno  0x080040e8        0xc c:/program files (x86)/gnu tools arm embedded/4.9 2014q4/bin/../lib/gcc/arm-none-eabi/4.9.3/../../../../arm-none-eabi/lib/armv7-m\libc_nano.a(lib_a-errno.o)
                0x080040e8                __errno
 .text.exit     0x080040f4       0x28 c:/program files (x86)/gnu tools arm embedded/4.9 2014q4/bin/../lib/gcc/arm-none-eabi/4.9.3/../../../../arm-none-eabi/lib/armv7-m\libc_nano.a(lib_a-exit.o)
                0x080040f4                exit
 .text._fclose_r
                0x0800411c       0xa4 c:/program files (x86)/gnu tools arm embedded/4.9 2014q4/bin/../lib/gcc/arm-none-eabi/4.9.3/../../../../arm-none-eabi/lib/armv7-m\libc_nano.a(lib_a-fclose.o)
                0x0800411c                _fclose_r
 .text.fclose   0x080041c0       0x10 c:/program files (x86)/gnu tools arm embedded/4.9 2014q4/bin/../lib/gcc/arm-none-eabi/4.9.3/../../../../arm-none-eabi/lib/armv7-m\libc_nano.a(lib_a-fclose.o)
                0x080041c0                fclose
 .text.__sflush_r
                0x080041d0      0x106 c:/program files (x86)/gnu tools arm embedded/4.9 2014q4/bin/../lib/gcc/arm-none-eabi/4.9.3/../../../../arm-none-eabi/lib/armv7-m\libc_nano.a(lib_a-fflush.o)
                0x080041d0                __sflush_r
 *fill*         0x080042d6        0x2 
 .text._fflush_r
                0x080042d8       0x54 c:/program files (x86)/gnu tools arm embedded/4.9 2014q4/bin/../lib/gcc/arm-none-eabi/4.9.3/../../../../arm-none-eabi/lib/armv7-m\libc_nano.a(lib_a-fflush.o)
                0x080042d8                _fflush_r
 .text.fflush   0x0800432c       0x24 c:/program files (x86)/gnu tools arm embedded/4.9 2014q4/bin/../lib/gcc/arm-none-eabi/4.9.3/../../../../arm-none-eabi/lib/armv7-m\libc_nano.a(lib_a-fflush.o)
                0x0800432c                fflush
 .text._cleanup_r
                0x08004350        0xc c:/program files (x86)/gnu tools arm embedded/4.9 2014q4/bin/../lib/gcc/arm-none-eabi/4.9.3/../../../../arm-none-eabi/lib/armv7-m\libc_nano.a(lib_a-findfp.o)
                0x08004350                _cleanup_r
 .text.std.isra.0
                0x0800435c       0x48 c:/program files (x86)/gnu tools arm embedded/4.9 2014q4/bin/../lib/gcc/arm-none-eabi/4.9.3/../../../../arm-none-eabi/lib/armv7-m\libc_nano.a(lib_a-findfp.o)
 .text.__sfmoreglue
                0x080043a4       0x2c c:/program files (x86)/gnu tools arm embedded/4.9 2014q4/bin/../lib/gcc/arm-none-eabi/4.9.3/../../../../arm-none-eabi/lib/armv7-m\libc_nano.a(lib_a-findfp.o)
                0x080043a4                __sfmoreglue
 .text.__sinit  0x080043d0       0x60 c:/program files (x86)/gnu tools arm embedded/4.9 2014q4/bin/../lib/gcc/arm-none-eabi/4.9.3/../../../../arm-none-eabi/lib/armv7-m\libc_nano.a(lib_a-findfp.o)
                0x080043d0                __sinit
 .text.__sfp    0x08004430       0x74 c:/program files (x86)/gnu tools arm embedded/4.9 2014q4/bin/../lib/gcc/arm-none-eabi/4.9.3/../../../../arm-none-eabi/lib/armv7-m\libc_nano.a(lib_a-findfp.o)
                0x08004430                __sfp
 .text.__sfp_lock_acquire
                0x080044a4        0x2 c:/program files (x86)/gnu tools arm embedded/4.9 2014q4/bin/../lib/gcc/arm-none-eabi/4.9.3/../../../../arm-none-eabi/lib/armv7-m\libc_nano.a(lib_a-findfp.o)
                0x080044a4                __sfp_lock_acquire
 .text.__sfp_lock_release
                0x080044a6        0x2 c:/program files (x86)/gnu tools arm embedded/4.9 2014q4/bin/../lib/gcc/arm-none-eabi/4.9.3/../../../../arm-none-eabi/lib/armv7-m\libc_nano.a(lib_a-findfp.o)
                0x080044a6                __sfp_lock_release
 .text._fopen_r
                0x080044a8       0x80 c:/program files (x86)/gnu tools arm embedded/4.9 2014q4/bin/../lib/gcc/arm-none-eabi/4.9.3/../../../../arm-none-eabi/lib/armv7-m\libc_nano.a(lib_a-fopen.o)
                0x080044a8                _fopen_r
 .text.fopen    0x08004528       0x14 c:/program files (x86)/gnu tools arm embedded/4.9 2014q4/bin/../lib/gcc/arm-none-eabi/4.9.3/../../../../arm-none-eabi/lib/armv7-m\libc_nano.a(lib_a-fopen.o)
                0x08004528                fopen
 .text.fprintf  0x0800453c       0x24 c:/program files (x86)/gnu tools arm embedded/4.9 2014q4/bin/../lib/gcc/arm-none-eabi/4.9.3/../../../../arm-none-eabi/lib/armv7-m\libc_nano.a(lib_a-fprintf.o)
                0x0800453c                fiprintf
                0x0800453c                fprintf
 .text._fseek_r
                0x08004560        0x4 c:/program files (x86)/gnu tools arm embedded/4.9 2014q4/bin/../lib/gcc/arm-none-eabi/4.9.3/../../../../arm-none-eabi/lib/armv7-m\libc_nano.a(lib_a-fseek.o)
                0x08004560                _fseek_r
 .text._fseeko_r
                0x08004564      0x118 c:/program files (x86)/gnu tools arm embedded/4.9 2014q4/bin/../lib/gcc/arm-none-eabi/4.9.3/../../../../arm-none-eabi/lib/armv7-m\libc_nano.a(lib_a-fseeko.o)
                0x08004564                _fseeko_r
 .text._fwalk_reent
                0x0800467c       0x3c c:/program files (x86)/gnu tools arm embedded/4.9 2014q4/bin/../lib/gcc/arm-none-eabi/4.9.3/../../../../arm-none-eabi/lib/armv7-m\libc_nano.a(lib_a-fwalk.o)
                0x0800467c                _fwalk_reent
 .text.__libc_init_array
                0x080046b8       0x4c c:/program files (x86)/gnu tools arm embedded/4.9 2014q4/bin/../lib/gcc/arm-none-eabi/4.9.3/../../../../arm-none-eabi/lib/armv7-m\libc_nano.a(lib_a-init.o)
                0x080046b8                __libc_init_array
 .text.__smakebuf_r
                0x08004704       0x98 c:/program files (x86)/gnu tools arm embedded/4.9 2014q4/bin/../lib/gcc/arm-none-eabi/4.9.3/../../../../arm-none-eabi/lib/armv7-m\libc_nano.a(lib_a-makebuf.o)
                0x08004704                __smakebuf_r
 .text.malloc   0x0800479c       0x10 c:/program files (x86)/gnu tools arm embedded/4.9 2014q4/bin/../lib/gcc/arm-none-eabi/4.9.3/../../../../arm-none-eabi/lib/armv7-m\libc_nano.a(lib_a-malloc.o)
                0x0800479c                malloc
 .text.free     0x080047ac       0x10 c:/program files (x86)/gnu tools arm embedded/4.9 2014q4/bin/../lib/gcc/arm-none-eabi/4.9.3/../../../../arm-none-eabi/lib/armv7-m\libc_nano.a(lib_a-malloc.o)
                0x080047ac                free
 .text.memchr   0x080047bc       0x1c c:/program files (x86)/gnu tools arm embedded/4.9 2014q4/bin/../lib/gcc/arm-none-eabi/4.9.3/../../../../arm-none-eabi/lib/armv7-m\libc_nano.a(lib_a-memchr.o)
                0x080047bc                memchr
 .text.memcmp   0x080047d8       0x20 c:/program files (x86)/gnu tools arm embedded/4.9 2014q4/bin/../lib/gcc/arm-none-eabi/4.9.3/../../../../arm-none-eabi/lib/armv7-m\libc_nano.a(lib_a-memcmp.o)
                0x080047d8                memcmp
 .text.memcpy   0x080047f8       0x16 c:/program files (x86)/gnu tools arm embedded/4.9 2014q4/bin/../lib/gcc/arm-none-eabi/4.9.3/../../../../arm-none-eabi/lib/armv7-m\libc_nano.a(lib_a-memcpy.o)
                0x080047f8                memcpy
 .text.memset   0x0800480e       0x10 c:/program files (x86)/gnu tools arm embedded/4.9 2014q4/bin/../lib/gcc/arm-none-eabi/4.9.3/../../../../arm-none-eabi/lib/armv7-m\libc_nano.a(lib_a-memset.o)
                0x0800480e                memset
 *fill*         0x0800481e        0x2 
 .text._free_r  0x08004820       0x88 c:/program files (x86)/gnu tools arm embedded/4.9 2014q4/bin/../lib/gcc/arm-none-eabi/4.9.3/../../../../arm-none-eabi/lib/armv7-m\libc_nano.a(lib_a-nano-freer.o)
                0x08004820                _free_r
 .text._malloc_r
                0x080048a8       0xac c:/program files (x86)/gnu tools arm embedded/4.9 2014q4/bin/../lib/gcc/arm-none-eabi/4.9.3/../../../../arm-none-eabi/lib/armv7-m\libc_nano.a(lib_a-nano-mallocr.o)
                0x080048a8                _malloc_r
 .text.__sfputc_r
                0x08004954       0x2c c:/program files (x86)/gnu tools arm embedded/4.9 2014q4/bin/../lib/gcc/arm-none-eabi/4.9.3/../../../../arm-none-eabi/lib/armv7-m\libc_nano.a(lib_a-nano-vfprintf.o)
 .text.__sfputs_r
                0x08004980       0x24 c:/program files (x86)/gnu tools arm embedded/4.9 2014q4/bin/../lib/gcc/arm-none-eabi/4.9.3/../../../../arm-none-eabi/lib/armv7-m\libc_nano.a(lib_a-nano-vfprintf.o)
                0x08004980                __sfputs_r
 .text._vfprintf_r
                0x080049a4      0x210 c:/program files (x86)/gnu tools arm embedded/4.9 2014q4/bin/../lib/gcc/arm-none-eabi/4.9.3/../../../../arm-none-eabi/lib/armv7-m\libc_nano.a(lib_a-nano-vfprintf.o)
                0x080049a4                _vfprintf_r
                0x080049a4                _vfiprintf_r
 .text.vfprintf
                0x08004bb4       0x1c c:/program files (x86)/gnu tools arm embedded/4.9 2014q4/bin/../lib/gcc/arm-none-eabi/4.9.3/../../../../arm-none-eabi/lib/armv7-m\libc_nano.a(lib_a-nano-vfprintf.o)
                0x08004bb4                vfprintf
                0x08004bb4                vfiprintf
 .text._printf_common
                0x08004bd0       0xea c:/program files (x86)/gnu tools arm embedded/4.9 2014q4/bin/../lib/gcc/arm-none-eabi/4.9.3/../../../../arm-none-eabi/lib/armv7-m\libc_nano.a(lib_a-nano-vfprintf_i.o)
                0x08004bd0                _printf_common
 *fill*         0x08004cba        0x2 
 .text._printf_i
                0x08004cbc      0x234 c:/program files (x86)/gnu tools arm embedded/4.9 2014q4/bin/../lib/gcc/arm-none-eabi/4.9.3/../../../../arm-none-eabi/lib/armv7-m\libc_nano.a(lib_a-nano-vfprintf_i.o)
                0x08004cbc                _printf_i
 .text._scanf_chars
                0x08004ef0       0xbc c:/program files (x86)/gnu tools arm embedded/4.9 2014q4/bin/../lib/gcc/arm-none-eabi/4.9.3/../../../../arm-none-eabi/lib/armv7-m\libc_nano.a(lib_a-nano-vfscanf_i.o)
                0x08004ef0                _scanf_chars
 .text._scanf_i
                0x08004fac      0x1e4 c:/program files (x86)/gnu tools arm embedded/4.9 2014q4/bin/../lib/gcc/arm-none-eabi/4.9.3/../../../../arm-none-eabi/lib/armv7-m\libc_nano.a(lib_a-nano-vfscanf_i.o)
                0x08004fac                _scanf_i
 .text._open_r  0x08005190       0x24 c:/program files (x86)/gnu tools arm embedded/4.9 2014q4/bin/../lib/gcc/arm-none-eabi/4.9.3/../../../../arm-none-eabi/lib/armv7-m\libc_nano.a(lib_a-openr.o)
                0x08005190                _open_r
 .text.rand     0x080051b4       0x74 c:/program files (x86)/gnu tools arm embedded/4.9 2014q4/bin/../lib/gcc/arm-none-eabi/4.9.3/../../../../arm-none-eabi/lib/armv7-m\libc_nano.a(lib_a-rand.o)
                0x080051b4                rand
 .text._sbrk_r  0x08005228       0x20 c:/program files (x86)/gnu tools arm embedded/4.9 2014q4/bin/../lib/gcc/arm-none-eabi/4.9.3/../../../../arm-none-eabi/lib/armv7-m\libc_nano.a(lib_a-sbrkr.o)
                0x08005228                _sbrk_r
 .text.__sccl   0x08005248       0x62 c:/program files (x86)/gnu tools arm embedded/4.9 2014q4/bin/../lib/gcc/arm-none-eabi/4.9.3/../../../../arm-none-eabi/lib/armv7-m\libc_nano.a(lib_a-sccl.o)
                0x08005248                __sccl
 .text.setbuf   0x080052aa       0x10 c:/program files (x86)/gnu tools arm embedded/4.9 2014q4/bin/../lib/gcc/arm-none-eabi/4.9.3/../../../../arm-none-eabi/lib/armv7-m\libc_nano.a(lib_a-setbuf.o)
                0x080052aa                setbuf
 *fill*         0x080052ba        0x2 
 .text.setvbuf  0x080052bc      0x110 c:/program files (x86)/gnu tools arm embedded/4.9 2014q4/bin/../lib/gcc/arm-none-eabi/4.9.3/../../../../arm-none-eabi/lib/armv7-m\libc_nano.a(lib_a-setvbuf.o)
                0x080052bc                setvbuf
 .text._raise_r
                0x080053cc       0x50 c:/program files (x86)/gnu tools arm embedded/4.9 2014q4/bin/../lib/gcc/arm-none-eabi/4.9.3/../../../../arm-none-eabi/lib/armv7-m\libc_nano.a(lib_a-signal.o)
                0x080053cc                _raise_r
 .text.raise    0x0800541c       0x10 c:/program files (x86)/gnu tools arm embedded/4.9 2014q4/bin/../lib/gcc/arm-none-eabi/4.9.3/../../../../arm-none-eabi/lib/armv7-m\libc_nano.a(lib_a-signal.o)
                0x0800541c                raise
 .text._kill_r  0x0800542c       0x24 c:/program files (x86)/gnu tools arm embedded/4.9 2014q4/bin/../lib/gcc/arm-none-eabi/4.9.3/../../../../arm-none-eabi/lib/armv7-m\libc_nano.a(lib_a-signalr.o)
                0x0800542c                _kill_r
 .text._getpid_r
                0x08005450        0x4 c:/program files (x86)/gnu tools arm embedded/4.9 2014q4/bin/../lib/gcc/arm-none-eabi/4.9.3/../../../../arm-none-eabi/lib/armv7-m\libc_nano.a(lib_a-signalr.o)
                0x08005450                _getpid_r
 .text.snprintf
                0x08005454       0x64 c:/program files (x86)/gnu tools arm embedded/4.9 2014q4/bin/../lib/gcc/arm-none-eabi/4.9.3/../../../../arm-none-eabi/lib/armv7-m\libc_nano.a(lib_a-snprintf.o)
                0x08005454                sniprintf
                0x08005454                snprintf
 .text.sprintf  0x080054b8       0x48 c:/program files (x86)/gnu tools arm embedded/4.9 2014q4/bin/../lib/gcc/arm-none-eabi/4.9.3/../../../../arm-none-eabi/lib/armv7-m\libc_nano.a(lib_a-sprintf.o)
                0x080054b8                siprintf
                0x080054b8                sprintf
 .text.sscanf   0x08005500       0x54 c:/program files (x86)/gnu tools arm embedded/4.9 2014q4/bin/../lib/gcc/arm-none-eabi/4.9.3/../../../../arm-none-eabi/lib/armv7-m\libc_nano.a(lib_a-sscanf.o)
                0x08005500                siscanf
                0x08005500                sscanf
 .text.__sread  0x08005554       0x22 c:/program files (x86)/gnu tools arm embedded/4.9 2014q4/bin/../lib/gcc/arm-none-eabi/4.9.3/../../../../arm-none-eabi/lib/armv7-m\libc_nano.a(lib_a-stdio.o)
                0x08005554                __sread
 .text.__seofread
                0x08005576        0x4 c:/program files (x86)/gnu tools arm embedded/4.9 2014q4/bin/../lib/gcc/arm-none-eabi/4.9.3/../../../../arm-none-eabi/lib/armv7-m\libc_nano.a(lib_a-stdio.o)
                0x08005576                __seofread
 .text.__swrite
                0x0800557a       0x38 c:/program files (x86)/gnu tools arm embedded/4.9 2014q4/bin/../lib/gcc/arm-none-eabi/4.9.3/../../../../arm-none-eabi/lib/armv7-m\libc_nano.a(lib_a-stdio.o)
                0x0800557a                __swrite
 .text.__sseek  0x080055b2       0x24 c:/program files (x86)/gnu tools arm embedded/4.9 2014q4/bin/../lib/gcc/arm-none-eabi/4.9.3/../../../../arm-none-eabi/lib/armv7-m\libc_nano.a(lib_a-stdio.o)
                0x080055b2                __sseek
 .text.__sclose
                0x080055d6        0x8 c:/program files (x86)/gnu tools arm embedded/4.9 2014q4/bin/../lib/gcc/arm-none-eabi/4.9.3/../../../../arm-none-eabi/lib/armv7-m\libc_nano.a(lib_a-stdio.o)
                0x080055d6                __sclose
 .text.strchr   0x080055de       0x1c c:/program files (x86)/gnu tools arm embedded/4.9 2014q4/bin/../lib/gcc/arm-none-eabi/4.9.3/../../../../arm-none-eabi/lib/armv7-m\libc_nano.a(lib_a-strchr.o)
                0x080055de                strchr
 .text          0x080055fa       0x14 c:/program files (x86)/gnu tools arm embedded/4.9 2014q4/bin/../lib/gcc/arm-none-eabi/4.9.3/../../../../arm-none-eabi/lib/armv7-m\libc_nano.a(lib_a-strcmp.o)
                0x080055fa                strcmp
 .text.strlen   0x0800560e       0x10 c:/program files (x86)/gnu tools arm embedded/4.9 2014q4/bin/../lib/gcc/arm-none-eabi/4.9.3/../../../../arm-none-eabi/lib/armv7-m\libc_nano.a(lib_a-strlen.o)
                0x0800560e                strlen
 .text.strncmp  0x0800561e       0x32 c:/program files (x86)/gnu tools arm embedded/4.9 2014q4/bin/../lib/gcc/arm-none-eabi/4.9.3/../../../../arm-none-eabi/lib/armv7-m\libc_nano.a(lib_a-strncmp.o)
                0x0800561e                strncmp
 .text._strtol_r
                0x08005650      0x10c c:/program files (x86)/gnu tools arm embedded/4.9 2014q4/bin/../lib/gcc/arm-none-eabi/4.9.3/../../../../arm-none-eabi/lib/armv7-m\libc_nano.a(lib_a-strtol.o)
                0x08005650                _strtol_r
 .text.strtol   0x0800575c       0x1c c:/program files (x86)/gnu tools arm embedded/4.9 2014q4/bin/../lib/gcc/arm-none-eabi/4.9.3/../../../../arm-none-eabi/lib/armv7-m\libc_nano.a(lib_a-strtol.o)
                0x0800575c                strtol
 .text._strtoul_r
                0x08005778       0xf8 c:/program files (x86)/gnu tools arm embedded/4.9 2014q4/bin/../lib/gcc/arm-none-eabi/4.9.3/../../../../arm-none-eabi/lib/armv7-m\libc_nano.a(lib_a-strtoul.o)
                0x08005778                _strtoul_r
 .text.__submore
                0x08005870       0x72 c:/program files (x86)/gnu tools arm embedded/4.9 2014q4/bin/../lib/gcc/arm-none-eabi/4.9.3/../../../../arm-none-eabi/lib/armv7-m\libc_nano.a(lib_a-ungetc.o)
                0x08005870                __submore
 *fill*         0x080058e2        0x2 
 .text.__swbuf_r
                0x080058e4       0xa8 c:/program files (x86)/gnu tools arm embedded/4.9 2014q4/bin/../lib/gcc/arm-none-eabi/4.9.3/../../../../arm-none-eabi/lib/armv7-m\libc_nano.a(lib_a-wbuf.o)
                0x080058e4                __swbuf_r
 .text._write_r
                0x0800598c       0x24 c:/program files (x86)/gnu tools arm embedded/4.9 2014q4/bin/../lib/gcc/arm-none-eabi/4.9.3/../../../../arm-none-eabi/lib/armv7-m\libc_nano.a(lib_a-writer.o)
                0x0800598c                _write_r
 .text.__swsetup_r
                0x080059b0       0xd8 c:/program files (x86)/gnu tools arm embedded/4.9 2014q4/bin/../lib/gcc/arm-none-eabi/4.9.3/../../../../arm-none-eabi/lib/armv7-m\libc_nano.a(lib_a-wsetup.o)
                0x080059b0                __swsetup_r
 .text._close_r
                0x08005a88       0x20 c:/program files (x86)/gnu tools arm embedded/4.9 2014q4/bin/../lib/gcc/arm-none-eabi/4.9.3/../../../../arm-none-eabi/lib/armv7-m\libc_nano.a(lib_a-closer.o)
                0x08005a88                _close_r
 .text.__sflags
                0x08005aa8       0x6e c:/program files (x86)/gnu tools arm embedded/4.9 2014q4/bin/../lib/gcc/arm-none-eabi/4.9.3/../../../../arm-none-eabi/lib/armv7-m\libc_nano.a(lib_a-flags.o)
                0x08005aa8                __sflags
 *fill*         0x08005b16        0x2 
 .text._fstat_r
                0x08005b18       0x24 c:/program files (x86)/gnu tools arm embedded/4.9 2014q4/bin/../lib/gcc/arm-none-eabi/4.9.3/../../../../arm-none-eabi/lib/armv7-m\libc_nano.a(lib_a-fstatr.o)
                0x08005b18                _fstat_r
 .text._isatty_r
                0x08005b3c       0x20 c:/program files (x86)/gnu tools arm embedded/4.9 2014q4/bin/../lib/gcc/arm-none-eabi/4.9.3/../../../../arm-none-eabi/lib/armv7-m\libc_nano.a(lib_a-isattyr.o)
                0x08005b3c                _isatty_r
 .text._lseek_r
                0x08005b5c       0x24 c:/program files (x86)/gnu tools arm embedded/4.9 2014q4/bin/../lib/gcc/arm-none-eabi/4.9.3/../../../../arm-none-eabi/lib/armv7-m\libc_nano.a(lib_a-lseekr.o)
                0x08005b5c                _lseek_r
 .text.memmove  0x08005b80       0x36 c:/program files (x86)/gnu tools arm embedded/4.9 2014q4/bin/../lib/gcc/arm-none-eabi/4.9.3/../../../../arm-none-eabi/lib/armv7-m\libc_nano.a(lib_a-memmove.o)
                0x08005b80                memmove
 .text._realloc_r
                0x08005bb6       0x4c c:/program files (x86)/gnu tools arm embedded/4.9 2014q4/bin/../lib/gcc/arm-none-eabi/4.9.3/../../../../arm-none-eabi/lib/armv7-m\libc_nano.a(lib_a-nano-reallocr.o)
                0x08005bb6                _realloc_r
 .text.__ssputs_r
                0x08005c02       0xb2 c:/program files (x86)/gnu tools arm embedded/4.9 2014q4/bin/../lib/gcc/arm-none-eabi/4.9.3/../../../../arm-none-eabi/lib/armv7-m\libc_nano.a(lib_a-nano-svfprintf.o)
                0x08005c02                __ssputs_r
 .text._svfprintf_r
                0x08005cb4      0x1e4 c:/program files (x86)/gnu tools arm embedded/4.9 2014q4/bin/../lib/gcc/arm-none-eabi/4.9.3/../../../../arm-none-eabi/lib/armv7-m\libc_nano.a(lib_a-nano-svfprintf.o)
                0x08005cb4                _svfiprintf_r
                0x08005cb4                _svfprintf_r
 .text._sungetc_r
                0x08005e98       0x7a c:/program files (x86)/gnu tools arm embedded/4.9 2014q4/bin/../lib/gcc/arm-none-eabi/4.9.3/../../../../arm-none-eabi/lib/armv7-m\libc_nano.a(lib_a-nano-svfscanf.o)
                0x08005e98                _sungetc_r
 .text.__ssrefill_r
                0x08005f12       0x3a c:/program files (x86)/gnu tools arm embedded/4.9 2014q4/bin/../lib/gcc/arm-none-eabi/4.9.3/../../../../arm-none-eabi/lib/armv7-m\libc_nano.a(lib_a-nano-svfscanf.o)
                0x08005f12                __ssrefill_r
 .text.__ssvfscanf_r
                0x08005f4c      0x29c c:/program files (x86)/gnu tools arm embedded/4.9 2014q4/bin/../lib/gcc/arm-none-eabi/4.9.3/../../../../arm-none-eabi/lib/armv7-m\libc_nano.a(lib_a-nano-svfscanf.o)
                0x08005f4c                __ssvfiscanf_r
                0x08005f4c                __ssvfscanf_r
 .text._read_r  0x080061e8       0x24 c:/program files (x86)/gnu tools arm embedded/4.9 2014q4/bin/../lib/gcc/arm-none-eabi/4.9.3/../../../../arm-none-eabi/lib/armv7-m\libc_nano.a(lib_a-readr.o)
                0x080061e8                _read_r
 .text._malloc_usable_size_r
                0x0800620c       0x14 c:/program files (x86)/gnu tools arm embedded/4.9 2014q4/bin/../lib/gcc/arm-none-eabi/4.9.3/../../../../arm-none-eabi/lib/armv7-m\libc_nano.a(lib_a-nano-msizer.o)
                0x0800620c                _malloc_usable_size_r
 .text._getpid  0x08006220       0x10 c:/program files (x86)/gnu tools arm embedded/4.9 2014q4/bin/../lib/gcc/arm-none-eabi/4.9.3/../../../../arm-none-eabi/lib/armv7-m\libnosys.a(getpid.o)
                0x08006220                _getpid
 .text._kill    0x08006230       0x10 c:/program files (x86)/gnu tools arm embedded/4.9 2014q4/bin/../lib/gcc/arm-none-eabi/4.9.3/../../../../arm-none-eabi/lib/armv7-m\libnosys.a(kill.o)
                0x08006230                _kill
 *(.init)
 .init          0x08006240        0x4 c:/program files (x86)/gnu tools arm embedded/4.9 2014q4/bin/../lib/gcc/arm-none-eabi/4.9.3/armv7-m/crti.o
                0x08006240                _init
 .init          0x08006244        0x8 c:/program files (x86)/gnu tools arm embedded/4.9 2014q4/bin/../lib/gcc/arm-none-eabi/4.9.3/armv7-m/crtn.o
 *(.fini)
 .fini          0x0800624c        0x4 c:/program files (x86)/gnu tools arm embedded/4.9 2014q4/bin/../lib/gcc/arm-none-eabi/4.9.3/armv7-m/crti.o
                0x0800624c                _fini
 .fini          0x08006250        0x8 c:/program files (x86)/gnu tools arm embedded/4.9 2014q4/bin/../lib/gcc/arm-none-eabi/4.9.3/armv7-m/crtn.o
 *crtbegin.o(.ctors)
 *crtbegin?.o(.ctors)
 *(EXCLUDE_FILE(*crtend.o *crtend?.o) .ctors)
 *(SORT(.ctors.*))
 *(.ctors)
 *crtbegin.o(.dtors)
 *crtbegin?.o(.dtors)
 *(EXCLUDE_FILE(*crtend.o *crtend?.o) .dtors)
 *(SORT(.dtors.*))
 *(.dtors)
 *(.rodata*)
 .rodata.__stdin_name
                0x08006258        0x8 C:\Users\Christopher\Documents\GitHub\Door-Control/mbed/TARGET_NUCLEO_F103RB/TOOLCHAIN_GCC_ARM/retarget.o
                0x08006258                __stdin_name
 .rodata.__stderr_name
                0x08006260        0x8 C:\Users\Christopher\Documents\GitHub\Door-Control/mbed/TARGET_NUCLEO_F103RB/TOOLCHAIN_GCC_ARM/retarget.o
                0x08006260                __stderr_name
 .rodata.__stdout_name
                0x08006268        0x8 C:\Users\Christopher\Documents\GitHub\Door-Control/mbed/TARGET_NUCLEO_F103RB/TOOLCHAIN_GCC_ARM/retarget.o
                0x08006268                __stdout_name
 .rodata._ZTVN4mbed10FileHandleE
                0x08006270       0x30 C:\Users\Christopher\Documents\GitHub\Door-Control/mbed/TARGET_NUCLEO_F103RB/TOOLCHAIN_GCC_ARM/retarget.o
                0x08006270                vtable for mbed::FileHandle
 .rodata.str1.4
                0x080062a0        0xe C:\Users\Christopher\Documents\GitHub\Door-Control/mbed/TARGET_NUCLEO_F103RB/TOOLCHAIN_GCC_ARM/retarget.o
                                 0x10 (size before relaxing)
 .rodata        0x080062ae        0x6 ..\obj\main.o
 .rodata.str1.1
                0x080062b4      0x300 ..\obj\main.o
 .rodata.str1.1
                0x080065b4       0x2a ..\obj\WIZnetInterface.o
 .rodata        0x080065de        0x4 ..\obj\DNSClient.o
 .rodata.str1.1
                0x080065e2        0x8 ..\obj\DNSClient.o
                                  0xa (size before relaxing)
 *fill*         0x080065ea        0x6 
 .rodata._ZTV9DNSClient
                0x080065f0       0x10 ..\obj\DNSClient.o
                0x080065f0                vtable for DNSClient
 .rodata.str1.1
                0x00000000        0xc ..\obj\UDPSocket.o
 .rodata.str1.1
                0x08006600       0x10 ..\obj\W5500.o
                                 0xb1 (size before relaxing)
 .rodata.str1.1
                0x08006610       0x39 ..\obj\Socket.o
 .rodata        0x08006649       0x1f ..\obj\DHCPClient.o
 .rodata.str1.1
                0x08006668       0x10 ..\obj\DHCPClient.o
 .rodata.str1.1
                0x00000000        0xc ..\obj\Endpoint.o
 .rodata.str1.4
                0x08006678       0x8a C:\Users\Christopher\Documents\GitHub\Door-Control/mbed/TARGET_NUCLEO_F103RB/TOOLCHAIN_GCC_ARM\libmbed.a(serial_api.o)
                                 0x8c (size before relaxing)
 *fill*         0x08006702        0x6 
 .rodata._ZTVN4mbed8FileBaseE
                0x08006708       0x10 C:\Users\Christopher\Documents\GitHub\Door-Control/mbed/TARGET_NUCLEO_F103RB/TOOLCHAIN_GCC_ARM\libmbed.a(FileBase.o)
                0x08006708                vtable for mbed::FileBase
 .rodata._ZTVN4mbed3SPIE
                0x08006718       0x18 C:\Users\Christopher\Documents\GitHub\Door-Control/mbed/TARGET_NUCLEO_F103RB/TOOLCHAIN_GCC_ARM\libmbed.a(SPI.o)
                0x08006718                vtable for mbed::SPI
 .rodata._ZTVN4mbed10SerialBaseE
                0x08006730       0x10 C:\Users\Christopher\Documents\GitHub\Door-Control/mbed/TARGET_NUCLEO_F103RB/TOOLCHAIN_GCC_ARM\libmbed.a(Serial.o)
                0x08006730                vtable for mbed::SerialBase
 .rodata._ZTVN4mbed6SerialE
                0x08006740       0x60 C:\Users\Christopher\Documents\GitHub\Door-Control/mbed/TARGET_NUCLEO_F103RB/TOOLCHAIN_GCC_ARM\libmbed.a(Serial.o)
                0x08006740                vtable for mbed::Serial
 .rodata._ZTVN4mbed6StreamE
                0x080067a0       0x48 C:\Users\Christopher\Documents\GitHub\Door-Control/mbed/TARGET_NUCLEO_F103RB/TOOLCHAIN_GCC_ARM\libmbed.a(Stream.o)
                0x080067a0                vtable for mbed::Stream
 .rodata.str1.4
                0x080067e8        0x3 C:\Users\Christopher\Documents\GitHub\Door-Control/mbed/TARGET_NUCLEO_F103RB/TOOLCHAIN_GCC_ARM\libmbed.a(Stream.o)
                                  0x8 (size before relaxing)
 *fill*         0x080067eb        0x1 
 .rodata.str1.4
                0x080067ec       0x31 C:\Users\Christopher\Documents\GitHub\Door-Control/mbed/TARGET_NUCLEO_F103RB/TOOLCHAIN_GCC_ARM\libmbed.a(assert.o)
                                 0x34 (size before relaxing)