Archive member included because of file (symbol)

C:\Users\Christopher\Documents\GitHub\Door-Control/mbed/TARGET_NUCLEO_F103RB/TOOLCHAIN_GCC_ARM\libmbed.a(serial_api.o)
                              C:\Users\Christopher\Documents\GitHub\Door-Control/mbed/TARGET_NUCLEO_F103RB/TOOLCHAIN_GCC_ARM/retarget.o (serial_init)
C:\Users\Christopher\Documents\GitHub\Door-Control/mbed/TARGET_NUCLEO_F103RB/TOOLCHAIN_GCC_ARM\libmbed.a(FileSystemLike.o)
                              C:\Users\Christopher\Documents\GitHub\Door-Control/mbed/TARGET_NUCLEO_F103RB/TOOLCHAIN_GCC_ARM/retarget.o (mbed::FileSystemLike::opendir())
C:\Users\Christopher\Documents\GitHub\Door-Control/mbed/TARGET_NUCLEO_F103RB/TOOLCHAIN_GCC_ARM\libmbed.a(FileBase.o)
                              C:\Users\Christopher\Documents\GitHub\Door-Control/mbed/TARGET_NUCLEO_F103RB/TOOLCHAIN_GCC_ARM\libmbed.a(FileSystemLike.o) (mbed::FileBase::~FileBase())
C:\Users\Christopher\Documents\GitHub\Door-Control/mbed/TARGET_NUCLEO_F103RB/TOOLCHAIN_GCC_ARM\libmbed.a(FilePath.o)
                              C:\Users\Christopher\Documents\GitHub\Door-Control/mbed/TARGET_NUCLEO_F103RB/TOOLCHAIN_GCC_ARM/retarget.o (mbed::FilePath::FilePath(char const*))
C:\Users\Christopher\Documents\GitHub\Door-Control/mbed/TARGET_NUCLEO_F103RB/TOOLCHAIN_GCC_ARM\libmbed.a(SPI.o)
                              ..\obj\main.o (mbed::SPI::SPI(PinName, PinName, PinName, PinName))
C:\Users\Christopher\Documents\GitHub\Door-Control/mbed/TARGET_NUCLEO_F103RB/TOOLCHAIN_GCC_ARM\libmbed.a(Serial.o)
                              ..\obj\main.o (mbed::Serial::Serial(PinName, PinName, char const*))
C:\Users\Christopher\Documents\GitHub\Door-Control/mbed/TARGET_NUCLEO_F103RB/TOOLCHAIN_GCC_ARM\libmbed.a(Stream.o)
                              C:\Users\Christopher\Documents\GitHub\Door-Control/mbed/TARGET_NUCLEO_F103RB/TOOLCHAIN_GCC_ARM\libmbed.a(Serial.o) (mbed::Stream::close())
C:\Users\Christopher\Documents\GitHub\Door-Control/mbed/TARGET_NUCLEO_F103RB/TOOLCHAIN_GCC_ARM\libmbed.a(SerialBase.o)
                              C:\Users\Christopher\Documents\GitHub\Door-Control/mbed/TARGET_NUCLEO_F103RB/TOOLCHAIN_GCC_ARM\libmbed.a(Serial.o) (mbed::SerialBase::SerialBase(PinName, PinName))
C:\Users\Christopher\Documents\GitHub\Door-Control/mbed/TARGET_NUCLEO_F103RB/TOOLCHAIN_GCC_ARM\libmbed.a(assert.o)
                              ..\obj\main.o (mbed_assert_internal)
C:\Users\Christopher\Documents\GitHub\Door-Control/mbed/TARGET_NUCLEO_F103RB/TOOLCHAIN_GCC_ARM\libmbed.a(error.o)
                              C:\Users\Christopher\Documents\GitHub\Door-Control/mbed/TARGET_NUCLEO_F103RB/TOOLCHAIN_GCC_ARM/retarget.o (error)
C:\Users\Christopher\Documents\GitHub\Door-Control/mbed/TARGET_NUCLEO_F103RB/TOOLCHAIN_GCC_ARM\libmbed.a(Timer.o)
                              ..\obj\main.o (mbed::Timer::Timer())
C:\Users\Christopher\Documents\GitHub\Door-Control/mbed/TARGET_NUCLEO_F103RB/TOOLCHAIN_GCC_ARM\libmbed.a(pinmap_common.o)
                              C:\Users\Christopher\Documents\GitHub\Door-Control/mbed/TARGET_NUCLEO_F103RB/TOOLCHAIN_GCC_ARM\libmbed.a(serial_api.o) (pinmap_pinout)
C:\Users\Christopher\Documents\GitHub\Door-Control/mbed/TARGET_NUCLEO_F103RB/TOOLCHAIN_GCC_ARM\libmbed.a(rtc_time.o)
                              ..\obj\DHCPClient.o (time)
C:\Users\Christopher\Documents\GitHub\Door-Control/mbed/TARGET_NUCLEO_F103RB/TOOLCHAIN_GCC_ARM\libmbed.a(gpio.o)
                              ..\obj\main.o (gpio_init_in)
C:\Users\Christopher\Documents\GitHub\Door-Control/mbed/TARGET_NUCLEO_F103RB/TOOLCHAIN_GCC_ARM\libmbed.a(wait_api.o)
                              ..\obj\W5500.o (wait_us)
C:\Users\Christopher\Documents\GitHub\Door-Control/mbed/TARGET_NUCLEO_F103RB/TOOLCHAIN_GCC_ARM\libmbed.a(PeripheralPins.o)
                              C:\Users\Christopher\Documents\GitHub\Door-Control/mbed/TARGET_NUCLEO_F103RB/TOOLCHAIN_GCC_ARM\libmbed.a(serial_api.o) (PinMap_UART_RX)
C:\Users\Christopher\Documents\GitHub\Door-Control/mbed/TARGET_NUCLEO_F103RB/TOOLCHAIN_GCC_ARM\libmbed.a(gpio_api.o)
                              C:\Users\Christopher\Documents\GitHub\Door-Control/mbed/TARGET_NUCLEO_F103RB/TOOLCHAIN_GCC_ARM\libmbed.a(gpio.o) (gpio_init)
C:\Users\Christopher\Documents\GitHub\Door-Control/mbed/TARGET_NUCLEO_F103RB/TOOLCHAIN_GCC_ARM\libmbed.a(pinmap.o)
                              C:\Users\Christopher\Documents\GitHub\Door-Control/mbed/TARGET_NUCLEO_F103RB/TOOLCHAIN_GCC_ARM\libmbed.a(gpio_api.o) (Set_GPIO_Clock)
C:\Users\Christopher\Documents\GitHub\Door-Control/mbed/TARGET_NUCLEO_F103RB/TOOLCHAIN_GCC_ARM\libmbed.a(rtc_api.o)
                              C:\Users\Christopher\Documents\GitHub\Door-Control/mbed/TARGET_NUCLEO_F103RB/TOOLCHAIN_GCC_ARM\libmbed.a(rtc_time.o) (rtc_init)
C:\Users\Christopher\Documents\GitHub\Door-Control/mbed/TARGET_NUCLEO_F103RB/TOOLCHAIN_GCC_ARM\libmbed.a(spi_api.o)
[...]
Memory Configuration

Name             Origin             Length             Attributes
FLASH            0x08000000         0x00020000         xr
RAM              0x200000ec         0x00004f14         xrw
*default*        0x00000000         0xffffffff

Linker script and memory map

LOAD c:/program files (x86)/gnu tools arm embedded/4.9 2014q4/bin/../lib/gcc/arm-none-eabi/4.9.3/armv7-m/crti.o
LOAD c:/program files (x86)/gnu tools arm embedded/4.9 2014q4/bin/../lib/gcc/arm-none-eabi/4.9.3/armv7-m/crtbegin.o
LOAD c:/program files (x86)/gnu tools arm embedded/4.9 2014q4/bin/../lib/gcc/arm-none-eabi/4.9.3/../../../../arm-none-eabi/lib/armv7-m/crt0.o
LOAD C:\Users\Christopher\Documents\GitHub\Door-Control/mbed/TARGET_NUCLEO_F103RB/TOOLCHAIN_GCC_ARM/stm32f10x_rcc.o
LOAD C:\Users\Christopher\Documents\GitHub\Door-Control/mbed/TARGET_NUCLEO_F103RB/TOOLCHAIN_GCC_ARM/retarget.o
LOAD C:\Users\Christopher\Documents\GitHub\Door-Control/mbed/TARGET_NUCLEO_F103RB/TOOLCHAIN_GCC_ARM/stm32f10x_tim.o
LOAD C:\Users\Christopher\Documents\GitHub\Door-Control/mbed/TARGET_NUCLEO_F103RB/TOOLCHAIN_GCC_ARM/stm32f10x_wwdg.o
LOAD C:\Users\Christopher\Documents\GitHub\Door-Control/mbed/TARGET_NUCLEO_F103RB/TOOLCHAIN_GCC_ARM/stm32f10x_rtc.o
LOAD C:\Users\Christopher\Documents\GitHub\Door-Control/mbed/TARGET_NUCLEO_F103RB/TOOLCHAIN_GCC_ARM/stm32f10x_sdio.o
LOAD C:\Users\Christopher\Documents\GitHub\Door-Control/mbed/TARGET_NUCLEO_F103RB/TOOLCHAIN_GCC_ARM/stm32f10x_iwdg.o
LOAD C:\Users\Christopher\Documents\GitHub\Door-Control/mbed/TARGET_NUCLEO_F103RB/TOOLCHAIN_GCC_ARM/stm32f10x_crc.o
LOAD C:\Users\Christopher\Documents\GitHub\Door-Control/mbed/TARGET_NUCLEO_F103RB/TOOLCHAIN_GCC_ARM/stm32f10x_dac.o
LOAD C:\Users\Christopher\Documents\GitHub\Door-Control/mbed/TARGET_NUCLEO_F103RB/TOOLCHAIN_GCC_ARM/stm32f10x_gpio.o
LOAD C:\Users\Christopher\Documents\GitHub\Door-Control/mbed/TARGET_NUCLEO_F103RB/TOOLCHAIN_GCC_ARM/board.o
LOAD C:\Users\Christopher\Documents\GitHub\Door-Control/mbed/TARGET_NUCLEO_F103RB/TOOLCHAIN_GCC_ARM/stm32f10x_cec.o
LOAD C:\Users\Christopher\Documents\GitHub\Door-Control/mbed/TARGET_NUCLEO_F103RB/TOOLCHAIN_GCC_ARM/stm32f10x_fsmc.o
LOAD C:\Users\Christopher\Documents\GitHub\Door-Control/mbed/TARGET_NUCLEO_F103RB/TOOLCHAIN_GCC_ARM/stm32f10x_pwr.o
LOAD C:\Users\Christopher\Documents\GitHub\Door-Control/mbed/TARGET_NUCLEO_F103RB/TOOLCHAIN_GCC_ARM/stm32f10x_flash.o
LOAD C:\Users\Christopher\Documents\GitHub\Door-Control/mbed/TARGET_NUCLEO_F103RB/TOOLCHAIN_GCC_ARM/cmsis_nvic.o
LOAD C:\Users\Christopher\Documents\GitHub\Door-Control/mbed/TARGET_NUCLEO_F103RB/TOOLCHAIN_GCC_ARM/misc.o
LOAD C:\Users\Christopher\Documents\GitHub\Door-Control/mbed/TARGET_NUCLEO_F103RB/TOOLCHAIN_GCC_ARM/stm32f10x_exti.o
LOAD C:\Users\Christopher\Documents\GitHub\Door-Control/mbed/TARGET_NUCLEO_F103RB/TOOLCHAIN_GCC_ARM/mbed_overrides.o
LOAD C:\Users\Christopher\Documents\GitHub\Door-Control/mbed/TARGET_NUCLEO_F103RB/TOOLCHAIN_GCC_ARM/stm32f10x_usart.o
LOAD C:\Users\Christopher\Documents\GitHub\Door-Control/mbed/TARGET_NUCLEO_F103RB/TOOLCHAIN_GCC_ARM/stm32f10x_adc.o
LOAD C:\Users\Christopher\Documents\GitHub\Door-Control/mbed/TARGET_NUCLEO_F103RB/TOOLCHAIN_GCC_ARM/stm32f10x_can.o
LOAD C:\Users\Christopher\Documents\GitHub\Door-Control/mbed/TARGET_NUCLEO_F103RB/TOOLCHAIN_GCC_ARM/startup_stm32f10x.o
LOAD C:\Users\Christopher\Documents\GitHub\Door-Control/mbed/TARGET_NUCLEO_F103RB/TOOLCHAIN_GCC_ARM/stm32f10x_i2c.o
LOAD C:\Users\Christopher\Documents\GitHub\Door-Control/mbed/TARGET_NUCLEO_F103RB/TOOLCHAIN_GCC_ARM/stm32f10x_bkp.o
LOAD C:\Users\Christopher\Documents\GitHub\Door-Control/mbed/TARGET_NUCLEO_F103RB/TOOLCHAIN_GCC_ARM/stm32f10x_spi.o
LOAD C:\Users\Christopher\Documents\GitHub\Door-Control/mbed/TARGET_NUCLEO_F103RB/TOOLCHAIN_GCC_ARM/stm32f10x_dma.o
LOAD C:\Users\Christopher\Documents\GitHub\Door-Control/mbed/TARGET_NUCLEO_F103RB/TOOLCHAIN_GCC_ARM/stm32f10x_dbgmcu.o
LOAD C:\Users\Christopher\Documents\GitHub\Door-Control/mbed/TARGET_NUCLEO_F103RB/TOOLCHAIN_GCC_ARM/system_stm32f10x.o

.text           0x08000000     0x6e2c
 *(.isr_vector)
 .isr_vector    0x08000000       0xec C:\Users\Christopher\Documents\GitHub\Door-Control/mbed/TARGET_NUCLEO_F103RB/TOOLCHAIN_GCC_ARM/startup_stm32f10x.o
                0x08000000                __isr_vector
 *(.text*)
 .text          0x080000ec       0x5c c:/program files (x86)/gnu tools arm embedded/4.9 2014q4/bin/../lib/gcc/arm-none-eabi/4.9.3/armv7-m/crtbegin.o
 .text          0x08000148       0x74 c:/program files (x86)/gnu tools arm embedded/4.9 2014q4/bin/../lib/gcc/arm-none-eabi/4.9.3/../../../../arm-none-eabi/lib/armv7-m/crt0.o
                0x08000148                _start
                0x08000148                _mainCRTStartup
 .text.RCC_LSEConfig
                0x080001bc       0x20 C:\Users\Christopher\Documents\GitHub\Door-Control/mbed/TARGET_NUCLEO_F103RB/TOOLCHAIN_GCC_ARM/stm32f10x_rcc.o
                0x080001bc                RCC_LSEConfig
 .text.RCC_LSICmd
                0x080001dc        0xc C:\Users\Christopher\Documents\GitHub\Door-Control/mbed/TARGET_NUCLEO_F103RB/TOOLCHAIN_GCC_ARM/stm32f10x_rcc.o
                0x080001dc                RCC_LSICmd
 .text.RCC_RTCCLKConfig
                0x080001e8       0x10 C:\Users\Christopher\Documents\GitHub\Door-Control/mbed/TARGET_NUCLEO_F103RB/TOOLCHAIN_GCC_ARM/stm32f10x_rcc.o
                0x080001e8                RCC_RTCCLKConfig
 .text.RCC_RTCCLKCmd
                0x080001f8        0xc C:\Users\Christopher\Documents\GitHub\Door-Control/mbed/TARGET_NUCLEO_F103RB/TOOLCHAIN_GCC_ARM/stm32f10x_rcc.o
                0x080001f8                RCC_RTCCLKCmd
 .text.RCC_GetClocksFreq
                0x08000204       0x94 C:\Users\Christopher\Documents\GitHub\Door-Control/mbed/TARGET_NUCLEO_F103RB/TOOLCHAIN_GCC_ARM/stm32f10x_rcc.o
                0x08000204                RCC_GetClocksFreq
 .text.RCC_APB2PeriphClockCmd
                0x08000298       0x18 C:\Users\Christopher\Documents\GitHub\Door-Control/mbed/TARGET_NUCLEO_F103RB/TOOLCHAIN_GCC_ARM/stm32f10x_rcc.o
                0x08000298                RCC_APB2PeriphClockCmd
 .text.RCC_APB1PeriphClockCmd
                0x080002b0       0x18 C:\Users\Christopher\Documents\GitHub\Door-Control/mbed/TARGET_NUCLEO_F103RB/TOOLCHAIN_GCC_ARM/stm32f10x_rcc.o
                0x080002b0                RCC_APB1PeriphClockCmd
 .text.RCC_BackupResetCmd
                0x080002c8        0xc C:\Users\Christopher\Documents\GitHub\Door-Control/mbed/TARGET_NUCLEO_F103RB/TOOLCHAIN_GCC_ARM/stm32f10x_rcc.o
                0x080002c8                RCC_BackupResetCmd
 .text.RCC_GetFlagStatus
                0x080002d4       0x34 C:\Users\Christopher\Documents\GitHub\Door-Control/mbed/TARGET_NUCLEO_F103RB/TOOLCHAIN_GCC_ARM/stm32f10x_rcc.o
                0x080002d4                RCC_GetFlagStatus
 .text._ZN4mbed10FileHandle4flenEv
                0x08000308       0x34 C:\Users\Christopher\Documents\GitHub\Door-Control/mbed/TARGET_NUCLEO_F103RB/TOOLCHAIN_GCC_ARM/retarget.o
                0x08000308                mbed::FileHandle::flen()
 .text._ZN4mbed10FileHandleD2Ev
                0x0800033c       0x2c C:\Users\Christopher\Documents\GitHub\Door-Control/mbed/TARGET_NUCLEO_F103RB/TOOLCHAIN_GCC_ARM/retarget.o
                0x0800033c                mbed::FileHandle::~FileHandle()
                0x0800033c                mbed::FileHandle::~FileHandle()
 .text._ZN4mbed10FileHandleD0Ev
                0x08000368       0x34 C:\Users\Christopher\Documents\GitHub\Door-Control/mbed/TARGET_NUCLEO_F103RB/TOOLCHAIN_GCC_ARM/retarget.o
                0x08000368                mbed::FileHandle::~FileHandle()
 .text._ZL11init_serialv.part.0
                0x0800039c       0x10 C:\Users\Christopher\Documents\GitHub\Door-Control/mbed/TARGET_NUCLEO_F103RB/TOOLCHAIN_GCC_ARM/retarget.o
 .text._open    0x080003ac       0xf8 C:\Users\Christopher\Documents\GitHub\Door-Control/mbed/TARGET_NUCLEO_F103RB/TOOLCHAIN_GCC_ARM/retarget.o
                0x080003ac                _open
 .text._close   0x080004a4       0x2c C:\Users\Christopher\Documents\GitHub\Door-Control/mbed/TARGET_NUCLEO_F103RB/TOOLCHAIN_GCC_ARM/retarget.o
                0x080004a4                _close
 .text._write   0x080004d0       0x50 C:\Users\Christopher\Documents\GitHub\Door-Control/mbed/TARGET_NUCLEO_F103RB/TOOLCHAIN_GCC_ARM/retarget.o
                0x080004d0                _write
 .text._read    0x08000520       0x4c C:\Users\Christopher\Documents\GitHub\Door-Control/mbed/TARGET_NUCLEO_F103RB/TOOLCHAIN_GCC_ARM/retarget.o
                0x08000520                _read
 .text._isatty  0x0800056c       0x28 C:\Users\Christopher\Documents\GitHub\Door-Control/mbed/TARGET_NUCLEO_F103RB/TOOLCHAIN_GCC_ARM/retarget.o
                0x0800056c                _isatty
 .text._lseek   0x08000594       0x28 C:\Users\Christopher\Documents\GitHub\Door-Control/mbed/TARGET_NUCLEO_F103RB/TOOLCHAIN_GCC_ARM/retarget.o
                0x08000594                _lseek
 .text._fstat   0x080005bc       0x20 C:\Users\Christopher\Documents\GitHub\Door-Control/mbed/TARGET_NUCLEO_F103RB/TOOLCHAIN_GCC_ARM/retarget.o
                0x080005bc                _fstat
 .text.__cxa_pure_virtual
                0x080005dc        0x8 C:\Users\Christopher\Documents\GitHub\Door-Control/mbed/TARGET_NUCLEO_F103RB/TOOLCHAIN_GCC_ARM/retarget.o
                0x080005dc                __cxa_pure_virtual
 .text.mbed_main
                0x080005e4        0x4 C:\Users\Christopher\Documents\GitHub\Door-Control/mbed/TARGET_NUCLEO_F103RB/TOOLCHAIN_GCC_ARM/retarget.o
                0x080005e4                mbed_main
 .text.__wrap_main
                0x080005e8       0x14 C:\Users\Christopher\Documents\GitHub\Door-Control/mbed/TARGET_NUCLEO_F103RB/TOOLCHAIN_GCC_ARM/retarget.o
                0x080005e8                __wrap_main
 .text._sbrk    0x080005fc       0x28 C:\Users\Christopher\Documents\GitHub\Door-Control/mbed/TARGET_NUCLEO_F103RB/TOOLCHAIN_GCC_ARM/retarget.o
                0x080005fc                _sbrk
 .text._exit    0x08000624       0x24 C:\Users\Christopher\Documents\GitHub\Door-Control/mbed/TARGET_NUCLEO_F103RB/TOOLCHAIN_GCC_ARM/retarget.o
                0x08000624                _exit
 .text._ZN4mbed26mbed_set_unbuffered_streamEP7__sFILE
                0x08000648        0x8 C:\Users\Christopher\Documents\GitHub\Door-Control/mbed/TARGET_NUCLEO_F103RB/TOOLCHAIN_GCC_ARM/retarget.o
                0x08000648                mbed::mbed_set_unbuffered_stream(__sFILE*)
 .text.TIM_TimeBaseInit
                0x08000650       0xb4 C:\Users\Christopher\Documents\GitHub\Door-Control/mbed/TARGET_NUCLEO_F103RB/TOOLCHAIN_GCC_ARM/stm32f10x_tim.o
                0x08000650                TIM_TimeBaseInit
 .text.TIM_TimeBaseStructInit
                0x08000704       0x14 C:\Users\Christopher\Documents\GitHub\Door-Control/mbed/TARGET_NUCLEO_F103RB/TOOLCHAIN_GCC_ARM/stm32f10x_tim.o
                0x08000704                TIM_TimeBaseStructInit
 .text.TIM_Cmd  0x08000718       0x1c C:\Users\Christopher\Documents\GitHub\Door-Control/mbed/TARGET_NUCLEO_F103RB/TOOLCHAIN_GCC_ARM/stm32f10x_tim.o
                0x08000718                TIM_Cmd
 .text.TIM_ITConfig
                0x08000734       0x14 C:\Users\Christopher\Documents\GitHub\Door-Control/mbed/TARGET_NUCLEO_F103RB/TOOLCHAIN_GCC_ARM/stm32f10x_tim.o
                0x08000734                TIM_ITConfig
 .text.TIM_SetCompare1
                0x08000748        0x4 C:\Users\Christopher\Documents\GitHub\Door-Control/mbed/TARGET_NUCLEO_F103RB/TOOLCHAIN_GCC_ARM/stm32f10x_tim.o
                0x08000748                TIM_SetCompare1
 .text.TIM_GetITStatus
                0x0800074c       0x18 C:\Users\Christopher\Documents\GitHub\Door-Control/mbed/TARGET_NUCLEO_F103RB/TOOLCHAIN_GCC_ARM/stm32f10x_tim.o
                0x0800074c                TIM_GetITStatus
 .text.TIM_ClearITPendingBit
                0x08000764        0x8 C:\Users\Christopher\Documents\GitHub\Door-Control/mbed/TARGET_NUCLEO_F103RB/TOOLCHAIN_GCC_ARM/stm32f10x_tim.o
                0x08000764                TIM_ClearITPendingBit
 .text.RTC_GetCounter
                0x0800076c       0x24 C:\Users\Christopher\Documents\GitHub\Door-Control/mbed/TARGET_NUCLEO_F103RB/TOOLCHAIN_GCC_ARM/stm32f10x_rtc.o
                0x0800076c                RTC_GetCounter
 .text.RTC_SetCounter
                0x08000790       0x28 C:\Users\Christopher\Documents\GitHub\Door-Control/mbed/TARGET_NUCLEO_F103RB/TOOLCHAIN_GCC_ARM/stm32f10x_rtc.o
                0x08000790                RTC_SetCounter
 .text.RTC_SetPrescaler
                0x080007b8       0x28 C:\Users\Christopher\Documents\GitHub\Door-Control/mbed/TARGET_NUCLEO_F103RB/TOOLCHAIN_GCC_ARM/stm32f10x_rtc.o
                0x080007b8                RTC_SetPrescaler
 .text.RTC_WaitForLastTask
                0x080007e0       0x10 C:\Users\Christopher\Documents\GitHub\Door-Control/mbed/TARGET_NUCLEO_F103RB/TOOLCHAIN_GCC_ARM/stm32f10x_rtc.o
                0x080007e0                RTC_WaitForLastTask
 .text.RTC_WaitForSynchro
                0x080007f0       0x1c C:\Users\Christopher\Documents\GitHub\Door-Control/mbed/TARGET_NUCLEO_F103RB/TOOLCHAIN_GCC_ARM/stm32f10x_rtc.o
                0x080007f0                RTC_WaitForSynchro
 .text.GPIO_Init
                0x0800080c       0xc4 C:\Users\Christopher\Documents\GitHub\Door-Control/mbed/TARGET_NUCLEO_F103RB/TOOLCHAIN_GCC_ARM/stm32f10x_gpio.o
                0x0800080c                GPIO_Init
 .text.GPIO_PinRemapConfig
                0x080008d0       0x6c C:\Users\Christopher\Documents\GitHub\Door-Control/mbed/TARGET_NUCLEO_F103RB/TOOLCHAIN_GCC_ARM/stm32f10x_gpio.o
                0x080008d0                GPIO_PinRemapConfig
 .text.mbed_die
                0x0800093c       0x14 C:\Users\Christopher\Documents\GitHub\Door-Control/mbed/TARGET_NUCLEO_F103RB/TOOLCHAIN_GCC_ARM/board.o
                0x0800093c                mbed_die
 .text.PWR_BackupAccessCmd
                0x08000950        0xc C:\Users\Christopher\Documents\GitHub\Door-Control/mbed/TARGET_NUCLEO_F103RB/TOOLCHAIN_GCC_ARM/stm32f10x_pwr.o
                0x08000950                PWR_BackupAccessCmd
 .text.NVIC_SetVector
                0x0800095c       0x48 C:\Users\Christopher\Documents\GitHub\Door-Control/mbed/TARGET_NUCLEO_F103RB/TOOLCHAIN_GCC_ARM/cmsis_nvic.o
                0x0800095c                NVIC_SetVector
 .text.mbed_sdk_init
                0x080009a4        0x4 C:\Users\Christopher\Documents\GitHub\Door-Control/mbed/TARGET_NUCLEO_F103RB/TOOLCHAIN_GCC_ARM/mbed_overrides.o
                0x080009a4                mbed_sdk_init
 .text.USART_Init
                0x080009a8       0xbc C:\Users\Christopher\Documents\GitHub\Door-Control/mbed/TARGET_NUCLEO_F103RB/TOOLCHAIN_GCC_ARM/stm32f10x_usart.o
                0x080009a8                USART_Init
 .text.USART_Cmd
                0x08000a64       0x1c C:\Users\Christopher\Documents\GitHub\Door-Control/mbed/TARGET_NUCLEO_F103RB/TOOLCHAIN_GCC_ARM/stm32f10x_usart.o
                0x08000a64                USART_Cmd
 .text.USART_SendData
                0x08000a80        0x8 C:\Users\Christopher\Documents\GitHub\Door-Control/mbed/TARGET_NUCLEO_F103RB/TOOLCHAIN_GCC_ARM/stm32f10x_usart.o
                0x08000a80                USART_SendData
 .text.USART_ReceiveData
                0x08000a88        0x8 C:\Users\Christopher\Documents\GitHub\Door-Control/mbed/TARGET_NUCLEO_F103RB/TOOLCHAIN_GCC_ARM/stm32f10x_usart.o
                0x08000a88                USART_ReceiveData
 .text.USART_GetFlagStatus
                0x08000a90        0xc C:\Users\Christopher\Documents\GitHub\Door-Control/mbed/TARGET_NUCLEO_F103RB/TOOLCHAIN_GCC_ARM/stm32f10x_usart.o
                0x08000a90                USART_GetFlagStatus
 .text          0x08000a9c       0x44 C:\Users\Christopher\Documents\GitHub\Door-Control/mbed/TARGET_NUCLEO_F103RB/TOOLCHAIN_GCC_ARM/startup_stm32f10x.o
                0x08000a9c                Reset_Handler
                0x08000acc                NMI_Handler
                0x08000ace                HardFault_Handler
                0x08000ad0                MemManage_Handler
                0x08000ad2                BusFault_Handler
                0x08000ad4                UsageFault_Handler
                0x08000ad6                SVC_Handler
                0x08000ad8                DebugMon_Handler
                0x08000ada                PendSV_Handler
                0x08000adc                SysTick_Handler
                0x08000ade                I2C2_EV_IRQHandler
                0x08000ade                PVD_IRQHandler
                0x08000ade                ADC1_2_IRQHandler
                0x08000ade                SPI1_IRQHandler
                0x08000ade                TAMPER_IRQHandler
                0x08000ade                DMA1_Channel4_IRQHandler
                0x08000ade                USART3_IRQHandler
                0x08000ade                EXTI0_IRQHandler
                0x08000ade                DMA1_Channel7_IRQHandler
                0x08000ade                TIM1_CC_IRQHandler
                0x08000ade                EXTI3_IRQHandler
                0x08000ade                TIM4_IRQHandler
                0x08000ade                I2C1_EV_IRQHandler
                0x08000ade                DMA1_Channel6_IRQHandler
                0x08000ade                TIM3_IRQHandler
                0x08000ade                RCC_IRQHandler
                0x08000ade                TIM1_TRG_COM_IRQHandler
                0x08000ade                DMA1_Channel1_IRQHandler
                0x08000ade                Default_Handler
                0x08000ade                EXTI15_10_IRQHandler
                0x08000ade                EXTI9_5_IRQHandler
                0x08000ade                SPI2_IRQHandler
                0x08000ade                CAN1_RX1_IRQHandler
                0x08000ade                RTC_IRQHandler
                0x08000ade                DMA1_Channel5_IRQHandler
                0x08000ade                EXTI4_IRQHandler
                0x08000ade                USB_LP_CAN1_RX0_IRQHandler
                0x08000ade                USB_HP_CAN1_TX_IRQHandler
                0x08000ade                DMA1_Channel3_IRQHandler
                0x08000ade                TIM1_UP_IRQHandler
                0x08000ade                WWDG_IRQHandler
                0x08000ade                TIM2_IRQHandler
                0x08000ade                TIM1_BRK_IRQHandler
                0x08000ade                EXTI1_IRQHandler
                0x08000ade                RTCAlarm_IRQHandler
                0x08000ade                USART2_IRQHandler
                0x08000ade                I2C2_ER_IRQHandler
                0x08000ade                DMA1_Channel2_IRQHandler
                0x08000ade                CAN1_SCE_IRQHandler
                0x08000ade                FLASH_IRQHandler
                0x08000ade                EXTI2_IRQHandler
                0x08000ade                USART1_IRQHandler
                0x08000ade                I2C1_ER_IRQHandler
                0x08000ade                USBWakeUp_IRQHandler
 .text.BKP_DeInit
                0x08000ae0       0x14 C:\Users\Christopher\Documents\GitHub\Door-Control/mbed/TARGET_NUCLEO_F103RB/TOOLCHAIN_GCC_ARM/stm32f10x_bkp.o
                0x08000ae0                BKP_DeInit
 .text.SPI_Init
                0x08000af4       0x40 C:\Users\Christopher\Documents\GitHub\Door-Control/mbed/TARGET_NUCLEO_F103RB/TOOLCHAIN_GCC_ARM/stm32f10x_spi.o
                0x08000af4                SPI_Init
 .text.SPI_Cmd  0x08000b34       0x1c C:\Users\Christopher\Documents\GitHub\Door-Control/mbed/TARGET_NUCLEO_F103RB/TOOLCHAIN_GCC_ARM/stm32f10x_spi.o
                0x08000b34                SPI_Cmd
 .text.SPI_I2S_SendData
                0x08000b50        0x4 C:\Users\Christopher\Documents\GitHub\Door-Control/mbed/TARGET_NUCLEO_F103RB/TOOLCHAIN_GCC_ARM/stm32f10x_spi.o
                0x08000b50                SPI_I2S_SendData
 .text.SPI_I2S_ReceiveData
                0x08000b54        0x8 C:\Users\Christopher\Documents\GitHub\Door-Control/mbed/TARGET_NUCLEO_F103RB/TOOLCHAIN_GCC_ARM/stm32f10x_spi.o
                0x08000b54                SPI_I2S_ReceiveData
 .text.SPI_I2S_GetFlagStatus
                0x08000b5c        0xc C:\Users\Christopher\Documents\GitHub\Door-Control/mbed/TARGET_NUCLEO_F103RB/TOOLCHAIN_GCC_ARM/stm32f10x_spi.o
                0x08000b5c                SPI_I2S_GetFlagStatus
 .text.SystemCoreClockUpdate
                0x08000b68       0x5c C:\Users\Christopher\Documents\GitHub\Door-Control/mbed/TARGET_NUCLEO_F103RB/TOOLCHAIN_GCC_ARM/system_stm32f10x.o
                0x08000b68                SystemCoreClockUpdate
 .text.SetSysClock_PLL_HSE
                0x08000bc4       0xc4 C:\Users\Christopher\Documents\GitHub\Door-Control/mbed/TARGET_NUCLEO_F103RB/TOOLCHAIN_GCC_ARM/system_stm32f10x.o
                0x08000bc4                SetSysClock_PLL_HSE
 .text.SetSysClock_PLL_HSI
                0x08000c88       0x78 C:\Users\Christopher\Documents\GitHub\Door-Control/mbed/TARGET_NUCLEO_F103RB/TOOLCHAIN_GCC_ARM/system_stm32f10x.o
                0x08000c88                SetSysClock_PLL_HSI
 .text.SetSysClock
                0x08000d00       0x20 C:\Users\Christopher\Documents\GitHub\Door-Control/mbed/TARGET_NUCLEO_F103RB/TOOLCHAIN_GCC_ARM/system_stm32f10x.o
                0x08000d00                SetSysClock
 .text.SystemInit
                0x08000d20       0x54 C:\Users\Christopher\Documents\GitHub\Door-Control/mbed/TARGET_NUCLEO_F103RB/TOOLCHAIN_GCC_ARM/system_stm32f10x.o
                0x08000d20                SystemInit
 .text.HAL_GetTick
                0x08000d74        0xc ..\obj\stm32f1xx_hal.o
                0x08000d74                HAL_GetTick
 .text.HAL_IWDG_MspInit
                0x08000d80        0x2 ..\obj\stm32f1xx_hal_iwdg.o
                0x08000d80                HAL_IWDG_MspInit
 .text.HAL_IWDG_Init
                0x08000d82       0x5c ..\obj\stm32f1xx_hal_iwdg.o
                0x08000d82                HAL_IWDG_Init
 .text.HAL_IWDG_Start
                0x08000dde       0x28 ..\obj\stm32f1xx_hal_iwdg.o
                0x08000dde                HAL_IWDG_Start
 .text.HAL_IWDG_Refresh
                0x08000e06       0x48 ..\obj\stm32f1xx_hal_iwdg.o
                0x08000e06                HAL_IWDG_Refresh
 .text._ZN4mbed10SerialBaseD2Ev
                0x08000e4e        0x2 ..\obj\main.o
                0x08000e4e                mbed::SerialBase::~SerialBase()
                0x08000e4e                mbed::SerialBase::~SerialBase()
 .text._ZN4mbed3SPID2Ev
                0x08000e50        0x2 ..\obj\main.o
                0x08000e50                mbed::SPI::~SPI()
                0x08000e50                mbed::SPI::~SPI()
 *fill*         0x08000e52        0x2 
 .text.gpio_write
                0x08000e54       0x30 ..\obj\main.o
 .text.gpio_read
                0x08000e84       0x30 ..\obj\main.o
 .text._ZN4mbed6SerialD2Ev
                0x08000eb4       0x24 ..\obj\main.o
                0x08000eb4                mbed::Serial::~Serial()
                0x08000eb4                mbed::Serial::~Serial()
 .text._ZN4mbed6SerialD1Ev
                0x08000ed8       0x10 ..\obj\main.o
                0x08000ed8                non-virtual thunk to mbed::Serial::~Serial()
                0x08000ee0                non-virtual thunk to mbed::Serial::~Serial()
 .text._ZN4mbed10SerialBaseD0Ev
                0x08000ee8        0xc ..\obj\main.o
                0x08000ee8                mbed::SerialBase::~SerialBase()
 .text._ZN4mbed9DigitalInC2E7PinName
                0x08000ef4       0x1a ..\obj\main.o
                0x08000ef4                mbed::DigitalIn::DigitalIn(PinName)
                0x08000ef4                mbed::DigitalIn::DigitalIn(PinName)
 .text._ZN4mbed10DigitalOutC2E7PinName
                0x08000f0e       0x1a ..\obj\main.o
                0x08000f0e                mbed::DigitalOut::DigitalOut(PinName)
                0x08000f0e                mbed::DigitalOut::DigitalOut(PinName)
 .text._ZN4mbed3SPID0Ev
                0x08000f28        0xc ..\obj\main.o
                0x08000f28                mbed::SPI::~SPI()
 .text._Z9set_doorsiiiiiiii
                0x08000f34      0x114 ..\obj\main.o
                0x08000f34                set_doors(int, int, int, int, int, int, int, int)
 .text._Z12check_streamPc
                0x08001048       0x94 ..\obj\main.o
                0x08001048                check_stream(char*)
 .text._Z11read_egressv
                0x080010dc       0x58 ..\obj\main.o
                0x080010dc                read_egress()
 .text._Z12egress_timerv
                0x08001134       0x58 ..\obj\main.o
                0x08001134                egress_timer()
 .text._Z13watchdog_initv
                0x0800118c       0x1c ..\obj\main.o
                0x0800118c                watchdog_init()
 .text._Z14watchdog_startv
                0x080011a8        0xc ..\obj\main.o
                0x080011a8                watchdog_start()
 .text._Z16watchdog_refreshv
                0x080011b4       0x24 ..\obj\main.o
                0x080011b4                watchdog_refresh()
 .text._Z15f_ethernet_initv
                0x080011d8       0xd8 ..\obj\main.o
                0x080011d8                f_ethernet_init()
 .text.startup.main
                0x080012b0      0x12c ..\obj\main.o
                0x080012b0                main
 .text._ZN4mbed6SerialD0Ev
                0x080013dc       0x1e ..\obj\main.o
                0x080013dc                mbed::Serial::~Serial()
                0x080013ee                non-virtual thunk to mbed::Serial::~Serial()
                0x080013f4                non-virtual thunk to mbed::Serial::~Serial()
 *fill*         0x080013fa        0x2 
 .text.startup._GLOBAL__sub_I_DOORS
                0x080013fc      0x148 ..\obj\main.o
 .text._ZN15WIZnetInterfaceC2EPN4mbed3SPIE7PinNameS3_
                0x08001544       0x12 ..\obj\WIZnetInterface.o
                0x08001544                WIZnetInterface::WIZnetInterface(mbed::SPI*, PinName, PinName)
                0x08001544                WIZnetInterface::WIZnetInterface(mbed::SPI*, PinName, PinName)
 .text._ZN15WIZnetInterface4initEPh
                0x08001556       0x1a ..\obj\WIZnetInterface.o
                0x08001556                WIZnetInterface::init(unsigned char*)
 .text._ZN15WIZnetInterface13getMACAddressEv
                0x08001570       0x4c ..\obj\WIZnetInterface.o
                0x08001570                WIZnetInterface::getMACAddress()
 .text._ZN15WIZnetInterface7IPrenewEi
                0x080015bc       0xa8 ..\obj\WIZnetInterface.o
                0x080015bc                WIZnetInterface::IPrenew(int)
 .text._ZN15WIZnetInterface7connectEv
                0x08001664       0x26 ..\obj\WIZnetInterface.o
                0x08001664                WIZnetInterface::connect()
 .text._ZN11WIZnet_Chip6reg_rdImEET_t
                0x0800168a       0x36 ..\obj\WIZnetInterface.o
                0x0800168a                unsigned long WIZnet_Chip::reg_rd<unsigned long>(unsigned short)
 .text._ZN15WIZnetInterface12getIPAddressEv
                0x080016c0       0x34 ..\obj\WIZnetInterface.o
                0x080016c0                WIZnetInterface::getIPAddress()
 .text._ZN15WIZnetInterface14getNetworkMaskEv
                0x080016f4       0x34 ..\obj\WIZnetInterface.o
                0x080016f4                WIZnetInterface::getNetworkMask()
 .text._ZN15WIZnetInterface10getGatewayEv
                0x08001728       0x34 ..\obj\WIZnetInterface.o
                0x08001728                WIZnetInterface::getGateway()
 .text._ZN19TCPSocketConnectionC2Ev
                0x0800175c       0x14 ..\obj\TCPSocketConnection.o
                0x0800175c                TCPSocketConnection::TCPSocketConnection()
                0x0800175c                TCPSocketConnection::TCPSocketConnection()
 .text._ZN19TCPSocketConnection7connectEPKci
                0x08001770       0x5a ..\obj\TCPSocketConnection.o
                0x08001770                TCPSocketConnection::connect(char const*, int)
 .text._ZN19TCPSocketConnection12is_connectedEv
                0x080017ca        0xa ..\obj\TCPSocketConnection.o
                0x080017ca                TCPSocketConnection::is_connected()
 .text._ZN19TCPSocketConnection4sendEPci
                0x080017d4       0x3c ..\obj\TCPSocketConnection.o
                0x080017d4                TCPSocketConnection::send(char*, int)
 .text._ZN19TCPSocketConnection7receiveEPci
                0x08001810       0x3c ..\obj\TCPSocketConnection.o
                0x08001810                TCPSocketConnection::receive(char*, int)
 .text._ZN9DNSClientD2Ev
                0x0800184c       0x20 ..\obj\DNSClient.o
                0x0800184c                DNSClient::~DNSClient()
                0x0800184c                DNSClient::~DNSClient()
 .text._ZN9DNSClientD0Ev
                0x0800186c       0x12 ..\obj\DNSClient.o
                0x0800186c                DNSClient::~DNSClient()
 .text._ZN11pico_stringC2Ev
                0x0800187e       0x18 ..\obj\DNSClient.o
                0x0800187e                pico_string::pico_string()
                0x0800187e                pico_string::pico_string()
 .text._ZN11pico_stringD2Ev
                0x08001896       0x10 ..\obj\DNSClient.o
                0x08001896                pico_string::~pico_string()
                0x08001896                pico_string::~pico_string()
 .text._ZN11pico_string6appendEPKci
                0x080018a6       0x44 ..\obj\DNSClient.o
                0x080018a6                pico_string::append(char const*, int)
 *fill*         0x080018ea        0x2 
 .text._ZN7dnsname6decodeEi
                0x080018ec       0x54 ..\obj\DNSClient.o
                0x080018ec                dnsname::decode(int)
 .text._ZN9DNSClientC2EPKc
                0x08001940       0x24 ..\obj\DNSClient.o
                0x08001940                DNSClient::DNSClient(char const*)
                0x08001940                DNSClient::DNSClient(char const*)
 .text._ZN9DNSClient8responseEPhi
                0x08001964       0xa6 ..\obj\DNSClient.o
                0x08001964                DNSClient::response(unsigned char*, int)
 .text._ZN9DNSClient8callbackEv
                0x08001a0a       0x50 ..\obj\DNSClient.o
                0x08001a0a                DNSClient::callback()
 *fill*         0x08001a5a        0x2 
 .text._ZN9DNSClient5queryEPhiPKc
                0x08001a5c       0xbc ..\obj\DNSClient.o
                0x08001a5c                DNSClient::query(unsigned char*, int, char const*)
 .text._ZN9DNSClient7resolveEPKc
                0x08001b18       0x84 ..\obj\DNSClient.o
                0x08001b18                DNSClient::resolve(char const*)
 .text._ZN9DNSClient4pollEv
                0x08001b9c       0x4c ..\obj\DNSClient.o
                0x08001b9c                DNSClient::poll()
 .text._ZN9DNSClient6lookupEPKc
                0x08001be8       0x28 ..\obj\DNSClient.o
                0x08001be8                DNSClient::lookup(char const*)
 .text._ZN9UDPSocketC2Ev
                0x08001c10        0xc ..\obj\UDPSocket.o
                0x08001c10                UDPSocket::UDPSocket()
                0x08001c10                UDPSocket::UDPSocket()
 .text._ZN9UDPSocket4initEv
                0x08001c1c       0x26 ..\obj\UDPSocket.o
                0x08001c1c                UDPSocket::init()
 *fill*         0x08001c42        0x2 
 .text._ZN9UDPSocket12readEndpointER8EndpointPh
                0x08001c44       0x38 ..\obj\UDPSocket.o
                0x08001c44                UDPSocket::readEndpoint(Endpoint&, unsigned char*)
 .text._ZN9UDPSocket11receiveFromER8EndpointPci
                0x08001c7c       0x68 ..\obj\UDPSocket.o
                0x08001c7c                UDPSocket::receiveFrom(Endpoint&, char*, int)
 .text._ZN11WIZnet_Chip6reg_wrItEEvthT_
                0x08001ce4       0x1a ..\obj\UDPSocket.o
                0x08001ce4                void WIZnet_Chip::reg_wr<unsigned short>(unsigned short, unsigned char, unsigned short)
 .text._ZN9UDPSocket12confEndpointER8Endpoint
                0x08001cfe       0x78 ..\obj\UDPSocket.o
                0x08001cfe                UDPSocket::confEndpoint(Endpoint&)
 .text._ZN9UDPSocket6sendToER8EndpointPci
                0x08001d76       0x46 ..\obj\UDPSocket.o
                0x08001d76                UDPSocket::sendTo(Endpoint&, char*, int)
 .text._ZN9UDPSocket4bindEi
                0x08001dbc       0x68 ..\obj\UDPSocket.o
                0x08001dbc                UDPSocket::bind(int)
 .text.gpio_write
                0x08001e24       0x30 ..\obj\W5500.o
 .text._ZN11WIZnet_ChipC2EPN4mbed3SPIE7PinNameS3_
                0x08001e54       0x44 ..\obj\W5500.o
                0x08001e54                WIZnet_Chip::WIZnet_Chip(mbed::SPI*, PinName, PinName)
                0x08001e54                WIZnet_Chip::WIZnet_Chip(mbed::SPI*, PinName, PinName)
 .text._ZN11WIZnet_Chip9spi_writeEthPKht
                0x08001e98       0x5c ..\obj\W5500.o
                0x08001e98                WIZnet_Chip::spi_write(unsigned short, unsigned char, unsigned char const*, unsigned short)
 .text._ZN11WIZnet_Chip8spi_readEthPht
                0x08001ef4       0x5e ..\obj\W5500.o
                0x08001ef4                WIZnet_Chip::spi_read(unsigned short, unsigned char, unsigned char*, unsigned short)
 .text._Z9str_to_ipPKc
                0x08001f52       0x2a ..\obj\W5500.o
                0x08001f52                str_to_ip(char const*)
 .text._ZN11WIZnet_Chip6reg_wrImEEvtT_
                0x08001f7c       0x2c ..\obj\W5500.o
                0x08001f7c                void WIZnet_Chip::reg_wr<unsigned long>(unsigned short, unsigned long)
 .text._ZN11WIZnet_Chip5setipEv
                0x08001fa8       0x24 ..\obj\W5500.o
                0x08001fa8                WIZnet_Chip::setip()
 .text._ZN11WIZnet_Chip4sregIhEEvitT_
                0x08001fcc       0x22 ..\obj\W5500.o
                0x08001fcc                void WIZnet_Chip::sreg<unsigned char>(int, unsigned short, unsigned char)
 .text._ZN11WIZnet_Chip11setProtocolEi8Protocol
                0x08001fee       0x16 ..\obj\W5500.o
                0x08001fee                WIZnet_Chip::setProtocol(int, Protocol)
 .text._ZN11WIZnet_Chip5resetEv
                0x08002004       0x64 ..\obj\W5500.o
                0x08002004                WIZnet_Chip::reset()
 .text._ZN11WIZnet_Chip4sregItEEvitT_
                0x08002068       0x26 ..\obj\W5500.o
                0x08002068                void WIZnet_Chip::sreg<unsigned short>(int, unsigned short, unsigned short)
 .text._ZN11WIZnet_Chip4sregIhEET_it
                0x0800208e       0x22 ..\obj\W5500.o
                0x0800208e                unsigned char WIZnet_Chip::sreg<unsigned char>(int, unsigned short)
 .text._ZN11WIZnet_Chip12is_connectedEi
                0x080020b0       0x1a ..\obj\W5500.o
                0x080020b0                WIZnet_Chip::is_connected(int)
 .text._ZN11WIZnet_Chip10new_socketEv
                0x080020ca       0x22 ..\obj\W5500.o
                0x080020ca                WIZnet_Chip::new_socket()
 .text._ZN11WIZnet_Chip4scmdEi7Command
                0x080020ec       0x1e ..\obj\W5500.o
                0x080020ec                WIZnet_Chip::scmd(int, Command)
 .text._ZN11WIZnet_Chip7connectEiPKcii
                0x0800210a       0xca ..\obj\W5500.o
                0x0800210a                WIZnet_Chip::connect(int, char const*, int, int)
 .text._ZN11WIZnet_Chip5closeEi
                0x080021d4       0x48 ..\obj\W5500.o
                0x080021d4                WIZnet_Chip::close(int)
 .text._ZN11WIZnet_Chip4sregItEET_it
                0x0800221c       0x32 ..\obj\W5500.o
                0x0800221c                unsigned short WIZnet_Chip::sreg<unsigned short>(int, unsigned short)
 .text._ZN11WIZnet_Chip13wait_readableEiii
                0x0800224e       0x5c ..\obj\W5500.o
                0x0800224e                WIZnet_Chip::wait_readable(int, int, int)
 .text._ZN11WIZnet_Chip14wait_writeableEiii
                0x080022aa       0x5c ..\obj\W5500.o
                0x080022aa                WIZnet_Chip::wait_writeable(int, int, int)
 .text._ZN11WIZnet_Chip4sendEiPKci
                0x08002306       0xa8 ..\obj\W5500.o
                0x08002306                WIZnet_Chip::send(int, char const*, int)
 .text._ZN11WIZnet_Chip4recvEiPci
                0x080023ae       0x54 ..\obj\W5500.o
                0x080023ae                WIZnet_Chip::recv(int, char*, int)
 *fill*         0x08002402        0x2 
 .text._ZN11WIZnet_Chip13gethostbynameEPKcPm
                0x08002404       0x64 ..\obj\W5500.o
                0x08002404                WIZnet_Chip::gethostbyname(char const*, unsigned long*)
 .text._ZN6SocketC2Ev
                0x08002468       0x30 ..\obj\Socket.o
                0x08002468                Socket::Socket()
                0x08002468                Socket::Socket()
 .text._ZN6Socket12set_blockingEbj
                0x08002498        0x6 ..\obj\Socket.o
                0x08002498                Socket::set_blocking(bool, unsigned int)
 .text._ZN6Socket5closeEv
                0x0800249e       0x16 ..\obj\Socket.o
                0x0800249e                Socket::close()
 .text._ZN6SocketD2Ev
                0x080024b4        0xc ..\obj\Socket.o
                0x080024b4                Socket::~Socket()
                0x080024b4                Socket::~Socket()
 .text._ZN10DHCPClient5offerEPhi
                0x080024c0       0x76 ..\obj\DHCPClient.o
                0x080024c0                DHCPClient::offer(unsigned char*, int)
 .text._ZN10DHCPClient6verifyEPhi
                0x08002536       0x26 ..\obj\DHCPClient.o
                0x08002536                DHCPClient::verify(unsigned char*, int)
 .text._ZN10DHCPClient7add_bufEPhi
                0x0800255c       0x22 ..\obj\DHCPClient.o
                0x0800255c                DHCPClient::add_buf(unsigned char*, int)
 .text._ZN10DHCPClient8fill_bufEih
                0x0800257e       0x1c ..\obj\DHCPClient.o
                0x0800257e                DHCPClient::fill_buf(int, unsigned char)
 *fill*         0x0800259a        0x2 
 .text._ZN10DHCPClient8discoverEv
                0x0800259c       0xa8 ..\obj\DHCPClient.o
                0x0800259c                DHCPClient::discover()
 .text._ZN10DHCPClient10add_optionEhPhi
                0x08002644       0x36 ..\obj\DHCPClient.o
                0x08002644                DHCPClient::add_option(unsigned char, unsigned char*, int)
 *fill*         0x0800267a        0x2 
 .text._ZN10DHCPClient7requestEv
                0x0800267c       0xc0 ..\obj\DHCPClient.o
                0x0800267c                DHCPClient::request()
 .text._ZN10DHCPClient8callbackEv
                0x0800273c       0x66 ..\obj\DHCPClient.o
                0x0800273c                DHCPClient::callback()
 *fill*         0x080027a2        0x2 
 .text._ZN10DHCPClient5setupEi
                0x080027a4      0x118 ..\obj\DHCPClient.o
                0x080027a4                DHCPClient::setup(int)
 .text._ZN10DHCPClientC2Ev
                0x080028bc       0x16 ..\obj\DHCPClient.o
                0x080028bc                DHCPClient::DHCPClient()
                0x080028bc                DHCPClient::DHCPClient()
 .text._ZN8EndpointC2Ev
                0x080028d2        0x8 ..\obj\Endpoint.o
                0x080028d2                Endpoint::Endpoint()
                0x080028d2                Endpoint::Endpoint()
 .text._ZN8EndpointD2Ev
                0x080028da        0x2 ..\obj\Endpoint.o
                0x080028da                Endpoint::~Endpoint()
                0x080028da                Endpoint::~Endpoint()
 .text._ZN8Endpoint11set_addressEPKci
                0x080028dc       0x4c ..\obj\Endpoint.o
                0x080028dc                Endpoint::set_address(char const*, int)
 .text._ZN8Endpoint11get_addressEv
                0x08002928        0x2 ..\obj\Endpoint.o
                0x08002928                Endpoint::get_address()
 .text._ZN8Endpoint8get_portEv
                0x0800292a        0x4 ..\obj\Endpoint.o
                0x0800292a                Endpoint::get_port()
 *fill*         0x0800292e        0x2 
 .text.init_usart
                0x08002930       0x60 C:\Users\Christopher\Documents\GitHub\Door-Control/mbed/TARGET_NUCLEO_F103RB/TOOLCHAIN_GCC_ARM\libmbed.a(serial_api.o)
 .text.serial_init
                0x08002990       0xf4 C:\Users\Christopher\Documents\GitHub\Door-Control/mbed/TARGET_NUCLEO_F103RB/TOOLCHAIN_GCC_ARM\libmbed.a(serial_api.o)
                0x08002990                serial_init
 .text.serial_irq_handler
                0x08002a84       0x1c C:\Users\Christopher\Documents\GitHub\Door-Control/mbed/TARGET_NUCLEO_F103RB/TOOLCHAIN_GCC_ARM\libmbed.a(serial_api.o)
                0x08002a84                serial_irq_handler
 .text.serial_getc
                0x08002aa0       0x20 C:\Users\Christopher\Documents\GitHub\Door-Control/mbed/TARGET_NUCLEO_F103RB/TOOLCHAIN_GCC_ARM\libmbed.a(serial_api.o)
                0x08002aa0                serial_getc
 .text.serial_putc
                0x08002ac0       0x24 C:\Users\Christopher\Documents\GitHub\Door-Control/mbed/TARGET_NUCLEO_F103RB/TOOLCHAIN_GCC_ARM\libmbed.a(serial_api.o)
                0x08002ac0                serial_putc
 .text._ZN4mbed8FileBaseD2Ev
                0x08002ae4       0x30 C:\Users\Christopher\Documents\GitHub\Door-Control/mbed/TARGET_NUCLEO_F103RB/TOOLCHAIN_GCC_ARM\libmbed.a(FileBase.o)
                0x08002ae4                mbed::FileBase::~FileBase()
                0x08002ae4                mbed::FileBase::~FileBase()
 .text._ZN4mbed8FileBaseD0Ev
                0x08002b14       0x3c C:\Users\Christopher\Documents\GitHub\Door-Control/mbed/TARGET_NUCLEO_F103RB/TOOLCHAIN_GCC_ARM\libmbed.a(FileBase.o)
                0x08002b14                mbed::FileBase::~FileBase()
 .text._ZN4mbed8FileBaseC2EPKcNS_8PathTypeE
                0x08002b50       0x28 C:\Users\Christopher\Documents\GitHub\Door-Control/mbed/TARGET_NUCLEO_F103RB/TOOLCHAIN_GCC_ARM\libmbed.a(FileBase.o)
                0x08002b50                mbed::FileBase::FileBase(char const*, mbed::PathType)
                0x08002b50                mbed::FileBase::FileBase(char const*, mbed::PathType)
 .text._ZN4mbed8FileBase6lookupEPKcj
                0x08002b78       0x3c C:\Users\Christopher\Documents\GitHub\Door-Control/mbed/TARGET_NUCLEO_F103RB/TOOLCHAIN_GCC_ARM\libmbed.a(FileBase.o)
                0x08002b78                mbed::FileBase::lookup(char const*, unsigned int)
 .text._ZN4mbed8FileBase11getPathTypeEv
                0x08002bb4        0x4 C:\Users\Christopher\Documents\GitHub\Door-Control/mbed/TARGET_NUCLEO_F103RB/TOOLCHAIN_GCC_ARM\libmbed.a(FileBase.o)
                0x08002bb4                mbed::FileBase::getPathType()
 .text._ZN4mbed8FilePathC2EPKc
                0x08002bb8       0x58 C:\Users\Christopher\Documents\GitHub\Door-Control/mbed/TARGET_NUCLEO_F103RB/TOOLCHAIN_GCC_ARM\libmbed.a(FilePath.o)
                0x08002bb8                mbed::FilePath::FilePath(char const*)
                0x08002bb8                mbed::FilePath::FilePath(char const*)
 .text._ZN4mbed8FilePath8fileNameEv
                0x08002c10        0x4 C:\Users\Christopher\Documents\GitHub\Door-Control/mbed/TARGET_NUCLEO_F103RB/TOOLCHAIN_GCC_ARM\libmbed.a(FilePath.o)
                0x08002c10                mbed::FilePath::fileName()
 .text._ZN4mbed8FilePath10fileSystemEv
                0x08002c14       0x18 C:\Users\Christopher\Documents\GitHub\Door-Control/mbed/TARGET_NUCLEO_F103RB/TOOLCHAIN_GCC_ARM\libmbed.a(FilePath.o)
                0x08002c14                mbed::FilePath::fileSystem()
 .text._ZN4mbed8FilePath6isFileEv
                0x08002c2c       0x14 C:\Users\Christopher\Documents\GitHub\Door-Control/mbed/TARGET_NUCLEO_F103RB/TOOLCHAIN_GCC_ARM\libmbed.a(FilePath.o)
                0x08002c2c                mbed::FilePath::isFile()
 .text._ZN4mbed8FilePath4fileEv
                0x08002c40       0x1c C:\Users\Christopher\Documents\GitHub\Door-Control/mbed/TARGET_NUCLEO_F103RB/TOOLCHAIN_GCC_ARM\libmbed.a(FilePath.o)
                0x08002c40                mbed::FilePath::file()
 .text._ZN4mbed8FilePath6existsEv
                0x08002c5c        0xc C:\Users\Christopher\Documents\GitHub\Door-Control/mbed/TARGET_NUCLEO_F103RB/TOOLCHAIN_GCC_ARM\libmbed.a(FilePath.o)
                0x08002c5c                mbed::FilePath::exists()
 .text._ZN4mbed3SPIC2E7PinNameS1_S1_S1_
                0x08002c68       0x6c C:\Users\Christopher\Documents\GitHub\Door-Control/mbed/TARGET_NUCLEO_F103RB/TOOLCHAIN_GCC_ARM\libmbed.a(SPI.o)
                0x08002c68                mbed::SPI::SPI(PinName, PinName, PinName, PinName)
                0x08002c68                mbed::SPI::SPI(PinName, PinName, PinName, PinName)
 .text._ZN4mbed3SPI6aquireEv
                0x08002cd4       0x2c C:\Users\Christopher\Documents\GitHub\Door-Control/mbed/TARGET_NUCLEO_F103RB/TOOLCHAIN_GCC_ARM\libmbed.a(SPI.o)
                0x08002cd4                mbed::SPI::aquire()
 .text._ZN4mbed3SPI5writeEi
                0x08002d00       0x18 C:\Users\Christopher\Documents\GitHub\Door-Control/mbed/TARGET_NUCLEO_F103RB/TOOLCHAIN_GCC_ARM\libmbed.a(SPI.o)
                0x08002d00                mbed::SPI::write(int)
 .text._ZN4mbed6Serial5_getcEv
                0x08002d18        0x4 C:\Users\Christopher\Documents\GitHub\Door-Control/mbed/TARGET_NUCLEO_F103RB/TOOLCHAIN_GCC_ARM\libmbed.a(Serial.o)
                0x08002d18                mbed::Serial::_getc()
 .text._ZThn92_N4mbed6Serial5_getcEv
                0x08002d1c        0x8 C:\Users\Christopher\Documents\GitHub\Door-Control/mbed/TARGET_NUCLEO_F103RB/TOOLCHAIN_GCC_ARM\libmbed.a(Serial.o)
                0x08002d1c                non-virtual thunk to mbed::Serial::_getc()
 .text._ZN4mbed6Serial5_putcEi
                0x08002d24        0x4 C:\Users\Christopher\Documents\GitHub\Door-Control/mbed/TARGET_NUCLEO_F103RB/TOOLCHAIN_GCC_ARM\libmbed.a(Serial.o)
                0x08002d24                mbed::Serial::_putc(int)
 .text._ZThn92_N4mbed6Serial5_putcEi
                0x08002d28        0x8 C:\Users\Christopher\Documents\GitHub\Door-Control/mbed/TARGET_NUCLEO_F103RB/TOOLCHAIN_GCC_ARM\libmbed.a(Serial.o)
                0x08002d28                non-virtual thunk to mbed::Serial::_putc(int)
 .text._ZN4mbed6SerialC2E7PinNameS1_PKc
                0x08002d30       0x30 C:\Users\Christopher\Documents\GitHub\Door-Control/mbed/TARGET_NUCLEO_F103RB/TOOLCHAIN_GCC_ARM\libmbed.a(Serial.o)
                0x08002d30                mbed::Serial::Serial(PinName, PinName, char const*)
                0x08002d30                mbed::Serial::Serial(PinName, PinName, char const*)
 .text._ZN4mbed6Stream5closeEv
                0x08002d60        0x4 C:\Users\Christopher\Documents\GitHub\Door-Control/mbed/TARGET_NUCLEO_F103RB/TOOLCHAIN_GCC_ARM\libmbed.a(Stream.o)
                0x08002d60                mbed::Stream::close()
 .text._ZN4mbed6Stream5writeEPKvj
                0x08002d64       0x30 C:\Users\Christopher\Documents\GitHub\Door-Control/mbed/TARGET_NUCLEO_F103RB/TOOLCHAIN_GCC_ARM\libmbed.a(Stream.o)
                0x08002d64                mbed::Stream::write(void const*, unsigned int)
 .text._ZN4mbed6Stream4readEPvj
                0x08002d94       0x30 C:\Users\Christopher\Documents\GitHub\Door-Control/mbed/TARGET_NUCLEO_F103RB/TOOLCHAIN_GCC_ARM\libmbed.a(Stream.o)
                0x08002d94                mbed::Stream::read(void*, unsigned int)
 .text._ZN4mbed6Stream5lseekEli
                0x08002dc4        0x4 C:\Users\Christopher\Documents\GitHub\Door-Control/mbed/TARGET_NUCLEO_F103RB/TOOLCHAIN_GCC_ARM\libmbed.a(Stream.o)
                0x08002dc4                mbed::Stream::lseek(long, int)
 .text._ZN4mbed6Stream6isattyEv
                0x08002dc8        0x4 C:\Users\Christopher\Documents\GitHub\Door-Control/mbed/TARGET_NUCLEO_F103RB/TOOLCHAIN_GCC_ARM\libmbed.a(Stream.o)
                0x08002dc8                mbed::Stream::isatty()
 .text._ZN4mbed6Stream5fsyncEv
                0x08002dcc        0x4 C:\Users\Christopher\Documents\GitHub\Door-Control/mbed/TARGET_NUCLEO_F103RB/TOOLCHAIN_GCC_ARM\libmbed.a(Stream.o)
                0x08002dcc                mbed::Stream::fsync()
 .text._ZN4mbed6Stream4flenEv
                0x08002dd0        0x4 C:\Users\Christopher\Documents\GitHub\Door-Control/mbed/TARGET_NUCLEO_F103RB/TOOLCHAIN_GCC_ARM\libmbed.a(Stream.o)
                0x08002dd0                mbed::Stream::flen()
 .text._ZN4mbed6StreamD2Ev
                0x08002dd4       0x24 C:\Users\Christopher\Documents\GitHub\Door-Control/mbed/TARGET_NUCLEO_F103RB/TOOLCHAIN_GCC_ARM\libmbed.a(Stream.o)
                0x08002dd4                mbed::Stream::~Stream()
                0x08002dd4                mbed::Stream::~Stream()
 .text._ZThn4_N4mbed6StreamD1Ev
                0x08002df8        0x8 C:\Users\Christopher\Documents\GitHub\Door-Control/mbed/TARGET_NUCLEO_F103RB/TOOLCHAIN_GCC_ARM\libmbed.a(Stream.o)
                0x08002df8                non-virtual thunk to mbed::Stream::~Stream()
 .text._ZN4mbed6StreamD0Ev
                0x08002e00       0x14 C:\Users\Christopher\Documents\GitHub\Door-Control/mbed/TARGET_NUCLEO_F103RB/TOOLCHAIN_GCC_ARM\libmbed.a(Stream.o)
                0x08002e00                mbed::Stream::~Stream()
 .text._ZThn4_N4mbed6StreamD0Ev
                0x08002e14        0x8 C:\Users\Christopher\Documents\GitHub\Door-Control/mbed/TARGET_NUCLEO_F103RB/TOOLCHAIN_GCC_ARM\libmbed.a(Stream.o)
                0x08002e14                non-virtual thunk to mbed::Stream::~Stream()
 .text._ZN4mbed6StreamC2EPKc
                0x08002e1c       0x44 C:\Users\Christopher\Documents\GitHub\Door-Control/mbed/TARGET_NUCLEO_F103RB/TOOLCHAIN_GCC_ARM\libmbed.a(Stream.o)
                0x08002e1c                mbed::Stream::Stream(char const*)
                0x08002e1c                mbed::Stream::Stream(char const*)
 .text._ZN4mbed6Stream6printfEPKcz
                0x08002e60       0x2c C:\Users\Christopher\Documents\GitHub\Door-Control/mbed/TARGET_NUCLEO_F103RB/TOOLCHAIN_GCC_ARM\libmbed.a(Stream.o)
                0x08002e60                mbed::Stream::printf(char const*, ...)
 .text._ZN4mbed10SerialBase12_irq_handlerEm9SerialIrq
                0x08002e8c       0x10 C:\Users\Christopher\Documents\GitHub\Door-Control/mbed/TARGET_NUCLEO_F103RB/TOOLCHAIN_GCC_ARM\libmbed.a(SerialBase.o)
                0x08002e8c                mbed::SerialBase::_irq_handler(unsigned long, SerialIrq)
 .text._ZN4mbed10SerialBaseC2E7PinNameS1_
                0x08002e9c       0x58 C:\Users\Christopher\Documents\GitHub\Door-Control/mbed/TARGET_NUCLEO_F103RB/TOOLCHAIN_GCC_ARM\libmbed.a(SerialBase.o)
                0x08002e9c                mbed::SerialBase::SerialBase(PinName, PinName)
                0x08002e9c                mbed::SerialBase::SerialBase(PinName, PinName)
 .text._ZN4mbed10SerialBase10_base_getcEv
                0x08002ef4        0x8 C:\Users\Christopher\Documents\GitHub\Door-Control/mbed/TARGET_NUCLEO_F103RB/TOOLCHAIN_GCC_ARM\libmbed.a(SerialBase.o)
                0x08002ef4                mbed::SerialBase::_base_getc()
 .text._ZN4mbed10SerialBase10_base_putcEi
                0x08002efc       0x10 C:\Users\Christopher\Documents\GitHub\Door-Control/mbed/TARGET_NUCLEO_F103RB/TOOLCHAIN_GCC_ARM\libmbed.a(SerialBase.o)
                0x08002efc                mbed::SerialBase::_base_putc(int)
 .text.mbed_assert_internal
                0x08002f0c       0x2c C:\Users\Christopher\Documents\GitHub\Door-Control/mbed/TARGET_NUCLEO_F103RB/TOOLCHAIN_GCC_ARM\libmbed.a(assert.o)
                0x08002f0c                mbed_assert_internal
 .text.error    0x08002f38       0x24 C:\Users\Christopher\Documents\GitHub\Door-Control/mbed/TARGET_NUCLEO_F103RB/TOOLCHAIN_GCC_ARM\libmbed.a(error.o)
                0x08002f38                error
 .text._ZN4mbed5TimerC2Ev
                0x08002f5c       0x18 C:\Users\Christopher\Documents\GitHub\Door-Control/mbed/TARGET_NUCLEO_F103RB/TOOLCHAIN_GCC_ARM\libmbed.a(Timer.o)
                0x08002f5c                mbed::Timer::Timer()
                0x08002f5c                mbed::Timer::Timer()
 .text._ZN4mbed5Timer5startEv
                0x08002f74       0x14 C:\Users\Christopher\Documents\GitHub\Door-Control/mbed/TARGET_NUCLEO_F103RB/TOOLCHAIN_GCC_ARM\libmbed.a(Timer.o)
                0x08002f74                mbed::Timer::start()
 .text._ZN4mbed5Timer4stopEv
                0x08002f88       0x1c C:\Users\Christopher\Documents\GitHub\Door-Control/mbed/TARGET_NUCLEO_F103RB/TOOLCHAIN_GCC_ARM\libmbed.a(Timer.o)
                0x08002f88                mbed::Timer::stop()
 .text._ZN4mbed5Timer4readEv
                0x08002fa4       0x24 C:\Users\Christopher\Documents\GitHub\Door-Control/mbed/TARGET_NUCLEO_F103RB/TOOLCHAIN_GCC_ARM\libmbed.a(Timer.o)
                0x08002fa4                mbed::Timer::read()
 .text._ZN4mbed5Timer7read_msEv
                0x08002fc8       0x28 C:\Users\Christopher\Documents\GitHub\Door-Control/mbed/TARGET_NUCLEO_F103RB/TOOLCHAIN_GCC_ARM\libmbed.a(Timer.o)
                0x08002fc8                mbed::Timer::read_ms()
 .text._ZN4mbed5Timer5resetEv
                0x08002ff0       0x10 C:\Users\Christopher\Documents\GitHub\Door-Control/mbed/TARGET_NUCLEO_F103RB/TOOLCHAIN_GCC_ARM\libmbed.a(Timer.o)
                0x08002ff0                mbed::Timer::reset()
 .text.pinmap_pinout
                0x08003000       0x44 C:\Users\Christopher\Documents\GitHub\Door-Control/mbed/TARGET_NUCLEO_F103RB/TOOLCHAIN_GCC_ARM\libmbed.a(pinmap_common.o)
                0x08003000                pinmap_pinout
 .text.pinmap_merge
                0x08003044       0x24 C:\Users\Christopher\Documents\GitHub\Door-Control/mbed/TARGET_NUCLEO_F103RB/TOOLCHAIN_GCC_ARM\libmbed.a(pinmap_common.o)
                0x08003044                pinmap_merge
 .text.pinmap_peripheral
                0x08003068       0x34 C:\Users\Christopher\Documents\GitHub\Door-Control/mbed/TARGET_NUCLEO_F103RB/TOOLCHAIN_GCC_ARM\libmbed.a(pinmap_common.o)
                0x08003068                pinmap_peripheral
 .text.time     0x0800309c       0x24 C:\Users\Christopher\Documents\GitHub\Door-Control/mbed/TARGET_NUCLEO_F103RB/TOOLCHAIN_GCC_ARM\libmbed.a(rtc_time.o)
                0x0800309c                time
 .text.gpio_init_in
                0x080030c0       0x24 C:\Users\Christopher\Documents\GitHub\Door-Control/mbed/TARGET_NUCLEO_F103RB/TOOLCHAIN_GCC_ARM\libmbed.a(gpio.o)
                0x080030c0                gpio_init_in
 .text.gpio_init_out
                0x080030e4       0x48 C:\Users\Christopher\Documents\GitHub\Door-Control/mbed/TARGET_NUCLEO_F103RB/TOOLCHAIN_GCC_ARM\libmbed.a(gpio.o)
                0x080030e4                gpio_init_out
 .text.wait_us  0x0800312c       0x18 C:\Users\Christopher\Documents\GitHub\Door-Control/mbed/TARGET_NUCLEO_F103RB/TOOLCHAIN_GCC_ARM\libmbed.a(wait_api.o)
                0x0800312c                wait_us
 .text.wait     0x08003144       0x18 C:\Users\Christopher\Documents\GitHub\Door-Control/mbed/TARGET_NUCLEO_F103RB/TOOLCHAIN_GCC_ARM\libmbed.a(wait_api.o)
                0x08003144                wait
 .text.wait_ms  0x0800315c        0xc C:\Users\Christopher\Documents\GitHub\Door-Control/mbed/TARGET_NUCLEO_F103RB/TOOLCHAIN_GCC_ARM\libmbed.a(wait_api.o)
                0x0800315c                wait_ms
 .text.gpio_set
                0x08003168       0x30 C:\Users\Christopher\Documents\GitHub\Door-Control/mbed/TARGET_NUCLEO_F103RB/TOOLCHAIN_GCC_ARM\libmbed.a(gpio_api.o)
                0x08003168                gpio_set
 .text.gpio_init
                0x08003198       0x30 C:\Users\Christopher\Documents\GitHub\Door-Control/mbed/TARGET_NUCLEO_F103RB/TOOLCHAIN_GCC_ARM\libmbed.a(gpio_api.o)
                0x08003198                gpio_init
 .text.gpio_mode
                0x080031c8        0x8 C:\Users\Christopher\Documents\GitHub\Door-Control/mbed/TARGET_NUCLEO_F103RB/TOOLCHAIN_GCC_ARM\libmbed.a(gpio_api.o)
                0x080031c8                gpio_mode
 .text.gpio_dir
                0x080031d0       0x44 C:\Users\Christopher\Documents\GitHub\Door-Control/mbed/TARGET_NUCLEO_F103RB/TOOLCHAIN_GCC_ARM\libmbed.a(gpio_api.o)
                0x080031d0                gpio_dir
 .text.Set_GPIO_Clock
                0x08003214       0x5c C:\Users\Christopher\Documents\GitHub\Door-Control/mbed/TARGET_NUCLEO_F103RB/TOOLCHAIN_GCC_ARM\libmbed.a(pinmap.o)
                0x08003214                Set_GPIO_Clock
 .text.pin_function
                0x08003270       0xac C:\Users\Christopher\Documents\GitHub\Door-Control/mbed/TARGET_NUCLEO_F103RB/TOOLCHAIN_GCC_ARM\libmbed.a(pinmap.o)
                0x08003270                pin_function
 .text.pin_mode
                0x0800331c       0xa0 C:\Users\Christopher\Documents\GitHub\Door-Control/mbed/TARGET_NUCLEO_F103RB/TOOLCHAIN_GCC_ARM\libmbed.a(pinmap.o)
                0x0800331c                pin_mode
 .text.rtc_init
                0x080033bc       0x98 C:\Users\Christopher\Documents\GitHub\Door-Control/mbed/TARGET_NUCLEO_F103RB/TOOLCHAIN_GCC_ARM\libmbed.a(rtc_api.o)
                0x080033bc                rtc_init
 .text.rtc_isenabled
                0x08003454        0xc C:\Users\Christopher\Documents\GitHub\Door-Control/mbed/TARGET_NUCLEO_F103RB/TOOLCHAIN_GCC_ARM\libmbed.a(rtc_api.o)
                0x08003454                rtc_isenabled
 .text.rtc_read
                0x08003460        0x4 C:\Users\Christopher\Documents\GitHub\Door-Control/mbed/TARGET_NUCLEO_F103RB/TOOLCHAIN_GCC_ARM\libmbed.a(rtc_api.o)
                0x08003460                rtc_read
 .text.rtc_write
                0x08003464       0x18 C:\Users\Christopher\Documents\GitHub\Door-Control/mbed/TARGET_NUCLEO_F103RB/TOOLCHAIN_GCC_ARM\libmbed.a(rtc_api.o)
                0x08003464                rtc_write
 .text.init_spi
                0x0800347c       0x64 C:\Users\Christopher\Documents\GitHub\Door-Control/mbed/TARGET_NUCLEO_F103RB/TOOLCHAIN_GCC_ARM\libmbed.a(spi_api.o)
 .text.spi_init
                0x080034e0      0x11c C:\Users\Christopher\Documents\GitHub\Door-Control/mbed/TARGET_NUCLEO_F103RB/TOOLCHAIN_GCC_ARM\libmbed.a(spi_api.o)
                0x080034e0                spi_init
 .text.spi_format
                0x080035fc       0x54 C:\Users\Christopher\Documents\GitHub\Door-Control/mbed/TARGET_NUCLEO_F103RB/TOOLCHAIN_GCC_ARM\libmbed.a(spi_api.o)
                0x080035fc                spi_format
 .text.spi_frequency
                0x08003650      0x118 C:\Users\Christopher\Documents\GitHub\Door-Control/mbed/TARGET_NUCLEO_F103RB/TOOLCHAIN_GCC_ARM\libmbed.a(spi_api.o)
                0x08003650                spi_frequency
 .text.spi_master_write
                0x08003768       0x3c C:\Users\Christopher\Documents\GitHub\Door-Control/mbed/TARGET_NUCLEO_F103RB/TOOLCHAIN_GCC_ARM\libmbed.a(spi_api.o)
                0x08003768                spi_master_write
 .text.set_compare
                0x080037a4       0x20 C:\Users\Christopher\Documents\GitHub\Door-Control/mbed/TARGET_NUCLEO_F103RB/TOOLCHAIN_GCC_ARM\libmbed.a(us_ticker.o)
                0x080037a4                set_compare
 .text.tim_irq_handler
                0x080037c4       0x84 C:\Users\Christopher\Documents\GitHub\Door-Control/mbed/TARGET_NUCLEO_F103RB/TOOLCHAIN_GCC_ARM\libmbed.a(us_ticker.o)
 .text.us_ticker_init
                0x08003848       0x88 C:\Users\Christopher\Documents\GitHub\Door-Control/mbed/TARGET_NUCLEO_F103RB/TOOLCHAIN_GCC_ARM\libmbed.a(us_ticker.o)
                0x08003848                us_ticker_init
 .text.us_ticker_read
                0x080038d0       0x3c C:\Users\Christopher\Documents\GitHub\Door-Control/mbed/TARGET_NUCLEO_F103RB/TOOLCHAIN_GCC_ARM\libmbed.a(us_ticker.o)
                0x080038d0                us_ticker_read
 .text.us_ticker_set_interrupt
                0x0800390c       0x68 C:\Users\Christopher\Documents\GitHub\Door-Control/mbed/TARGET_NUCLEO_F103RB/TOOLCHAIN_GCC_ARM\libmbed.a(us_ticker.o)
                0x0800390c                us_ticker_set_interrupt
 .text.us_ticker_disable_interrupt
                0x08003974       0x10 C:\Users\Christopher\Documents\GitHub\Door-Control/mbed/TARGET_NUCLEO_F103RB/TOOLCHAIN_GCC_ARM\libmbed.a(us_ticker.o)
                0x08003974                us_ticker_disable_interrupt
 .text.us_ticker_clear_interrupt
                0x08003984        0xc C:\Users\Christopher\Documents\GitHub\Door-Control/mbed/TARGET_NUCLEO_F103RB/TOOLCHAIN_GCC_ARM\libmbed.a(us_ticker.o)
                0x08003984                us_ticker_clear_interrupt
 .text._ZN4mbed8FileLikeD2Ev
                0x08003990       0x24 C:\Users\Christopher\Documents\GitHub\Door-Control/mbed/TARGET_NUCLEO_F103RB/TOOLCHAIN_GCC_ARM\libmbed.a(FileLike.o)
                0x08003990                mbed::FileLike::~FileLike()
                0x08003990                mbed::FileLike::~FileLike()
 .text._ZThn4_N4mbed8FileLikeD1Ev
                0x080039b4        0x8 C:\Users\Christopher\Documents\GitHub\Door-Control/mbed/TARGET_NUCLEO_F103RB/TOOLCHAIN_GCC_ARM\libmbed.a(FileLike.o)
                0x080039b4                non-virtual thunk to mbed::FileLike::~FileLike()
 .text._ZN4mbed8FileLikeD0Ev
                0x080039bc       0x2c C:\Users\Christopher\Documents\GitHub\Door-Control/mbed/TARGET_NUCLEO_F103RB/TOOLCHAIN_GCC_ARM\libmbed.a(FileLike.o)
                0x080039bc                mbed::FileLike::~FileLike()
 .text._ZThn4_N4mbed8FileLikeD0Ev
                0x080039e8        0x8 C:\Users\Christopher\Documents\GitHub\Door-Control/mbed/TARGET_NUCLEO_F103RB/TOOLCHAIN_GCC_ARM\libmbed.a(FileLike.o)
                0x080039e8                non-virtual thunk to mbed::FileLike::~FileLike()
 .text._ZN4mbed8FileLikeC2EPKc
                0x080039f0       0x28 C:\Users\Christopher\Documents\GitHub\Door-Control/mbed/TARGET_NUCLEO_F103RB/TOOLCHAIN_GCC_ARM\libmbed.a(FileLike.o)
                0x080039f0                mbed::FileLike::FileLike(char const*)
                0x080039f0                mbed::FileLike::FileLike(char const*)
 .text._ZN4mbed15FunctionPointerC2EPFvvE
                0x08003a18        0xc C:\Users\Christopher\Documents\GitHub\Door-Control/mbed/TARGET_NUCLEO_F103RB/TOOLCHAIN_GCC_ARM\libmbed.a(FunctionPointer.o)
                0x08003a18                mbed::FunctionPointer::FunctionPointer(void (*)())
                0x08003a18                mbed::FunctionPointer::FunctionPointer(void (*)())
 .text._ZN4mbed15FunctionPointer4callEv
                0x08003a24       0x18 C:\Users\Christopher\Documents\GitHub\Door-Control/mbed/TARGET_NUCLEO_F103RB/TOOLCHAIN_GCC_ARM\libmbed.a(FunctionPointer.o)
                0x08003a24                mbed::FunctionPointer::call()
 .text.us_ticker_irq_handler
                0x08003a3c       0x48 C:\Users\Christopher\Documents\GitHub\Door-Control/mbed/TARGET_NUCLEO_F103RB/TOOLCHAIN_GCC_ARM\libmbed.a(us_ticker_api.o)
                0x08003a3c                us_ticker_irq_handler
 .text._Znwj    0x08003a84       0x22 c:/program files (x86)/gnu tools arm embedded/4.9 2014q4/bin/../lib/gcc/arm-none-eabi/4.9.3/../../../../arm-none-eabi/lib/armv7-m\libstdc++_nano.a(new_op.o)
                0x08003a84                operator new(unsigned int)
 .text._ZdlPv   0x08003aa6        0x4 c:/program files (x86)/gnu tools arm embedded/4.9 2014q4/bin/../lib/gcc/arm-none-eabi/4.9.3/../../../../arm-none-eabi/lib/armv7-m\libstdc++_nano.a(del_op.o)
                0x08003aa6                operator delete(void*)
 *fill*         0x08003aaa        0x2 
 .text._ZSt15get_new_handlerv
                0x08003aac       0x10 c:/program files (x86)/gnu tools arm embedded/4.9 2014q4/bin/../lib/gcc/arm-none-eabi/4.9.3/../../../../arm-none-eabi/lib/armv7-m\libstdc++_nano.a(new_handler.o)
                0x08003aac                std::get_new_handler()
 .text.__aeabi_atexit
                0x08003abc        0xa c:/program files (x86)/gnu tools arm embedded/4.9 2014q4/bin/../lib/gcc/arm-none-eabi/4.9.3/../../../../arm-none-eabi/lib/armv7-m\libstdc++_nano.a(atexit_arm.o)
                0x08003abc                __aeabi_atexit
 *fill*         0x08003ac6        0x2 
 .text          0x08003ac8      0x21c c:/program files (x86)/gnu tools arm embedded/4.9 2014q4/bin/../lib/gcc/arm-none-eabi/4.9.3/armv7-m\libgcc.a(_arm_addsubsf3.o)
                0x08003ac8                __aeabi_frsub
                0x08003ad0                __subsf3
                0x08003ad0                __aeabi_fsub
                0x08003ad4                __aeabi_fadd
                0x08003ad4                __addsf3
                0x08003c34                __aeabi_ui2f
                0x08003c34                __floatunsisf
                0x08003c3c                __aeabi_i2f
                0x08003c3c                __floatsisf
                0x08003c58                __aeabi_ul2f
                0x08003c58                __floatundisf
                0x08003c68                __aeabi_l2f
                0x08003c68                __floatdisf
 .text          0x08003ce4      0x2a0 c:/program files (x86)/gnu tools arm embedded/4.9 2014q4/bin/../lib/gcc/arm-none-eabi/4.9.3/armv7-m\libgcc.a(_arm_muldivsf3.o)
                0x08003ce4                __mulsf3
                0x08003ce4                __aeabi_fmul
                0x08003e4c                __aeabi_fdiv
                0x08003e4c                __divsf3
 .text          0x08003f84       0xec c:/program files (x86)/gnu tools arm embedded/4.9 2014q4/bin/../lib/gcc/arm-none-eabi/4.9.3/armv7-m\libgcc.a(_arm_cmpsf2.o)
                0x08003f84                __gesf2
                0x08003f84                __gtsf2
                0x08003f8c                __lesf2
                0x08003f8c                __ltsf2
                0x08003f94                __nesf2
                0x08003f94                __eqsf2
                0x08003f94                __cmpsf2
                0x08003ff4                __aeabi_cfrcmple
                0x08003ffc                __aeabi_cfcmpeq
                0x08003ffc                __aeabi_cfcmple
                0x0800400c                __aeabi_fcmpeq
                0x08004020                __aeabi_fcmplt
                0x08004034                __aeabi_fcmple
                0x08004048                __aeabi_fcmpge
                0x0800405c                __aeabi_fcmpgt
 .text          0x08004070       0x4c c:/program files (x86)/gnu tools arm embedded/4.9 2014q4/bin/../lib/gcc/arm-none-eabi/4.9.3/armv7-m\libgcc.a(_arm_fixsfsi.o)
                0x08004070                __aeabi_f2iz
                0x08004070                __fixsfsi
 .text.abort    0x080040bc        0xe c:/program files (x86)/gnu tools arm embedded/4.9 2014q4/bin/../lib/gcc/arm-none-eabi/4.9.3/../../../../arm-none-eabi/lib/armv7-m\libc_nano.a(lib_a-abort.o)
                0x080040bc                abort
 .text.atoi     0x080040ca        0x8 c:/program files (x86)/gnu tools arm embedded/4.9 2014q4/bin/../lib/gcc/arm-none-eabi/4.9.3/../../../../arm-none-eabi/lib/armv7-m\libc_nano.a(lib_a-atoi.o)
                0x080040ca                atoi
 *fill*         0x080040d2        0x2 
 .text.__cxa_atexit
                0x080040d4       0x1c c:/program files (x86)/gnu tools arm embedded/4.9 2014q4/bin/../lib/gcc/arm-none-eabi/4.9.3/../../../../arm-none-eabi/lib/armv7-m\libc_nano.a(lib_a-cxa_atexit.o)
                0x080040d4                __cxa_atexit
 .text.__errno  0x080040f0        0xc c:/program files (x86)/gnu tools arm embedded/4.9 2014q4/bin/../lib/gcc/arm-none-eabi/4.9.3/../../../../arm-none-eabi/lib/armv7-m\libc_nano.a(lib_a-errno.o)
                0x080040f0                __errno
 .text.exit     0x080040fc       0x28 c:/program files (x86)/gnu tools arm embedded/4.9 2014q4/bin/../lib/gcc/arm-none-eabi/4.9.3/../../../../arm-none-eabi/lib/armv7-m\libc_nano.a(lib_a-exit.o)
                0x080040fc                exit
 .text._fclose_r
                0x08004124       0xa4 c:/program files (x86)/gnu tools arm embedded/4.9 2014q4/bin/../lib/gcc/arm-none-eabi/4.9.3/../../../../arm-none-eabi/lib/armv7-m\libc_nano.a(lib_a-fclose.o)
                0x08004124                _fclose_r
 .text.fclose   0x080041c8       0x10 c:/program files (x86)/gnu tools arm embedded/4.9 2014q4/bin/../lib/gcc/arm-none-eabi/4.9.3/../../../../arm-none-eabi/lib/armv7-m\libc_nano.a(lib_a-fclose.o)
                0x080041c8                fclose
 .text.__sflush_r
                0x080041d8      0x106 c:/program files (x86)/gnu tools arm embedded/4.9 2014q4/bin/../lib/gcc/arm-none-eabi/4.9.3/../../../../arm-none-eabi/lib/armv7-m\libc_nano.a(lib_a-fflush.o)
                0x080041d8                __sflush_r
 *fill*         0x080042de        0x2 
 .text._fflush_r
                0x080042e0       0x54 c:/program files (x86)/gnu tools arm embedded/4.9 2014q4/bin/../lib/gcc/arm-none-eabi/4.9.3/../../../../arm-none-eabi/lib/armv7-m\libc_nano.a(lib_a-fflush.o)
                0x080042e0                _fflush_r
 .text.fflush   0x08004334       0x24 c:/program files (x86)/gnu tools arm embedded/4.9 2014q4/bin/../lib/gcc/arm-none-eabi/4.9.3/../../../../arm-none-eabi/lib/armv7-m\libc_nano.a(lib_a-fflush.o)
                0x08004334                fflush
 .text._cleanup_r
                0x08004358        0xc c:/program files (x86)/gnu tools arm embedded/4.9 2014q4/bin/../lib/gcc/arm-none-eabi/4.9.3/../../../../arm-none-eabi/lib/armv7-m\libc_nano.a(lib_a-findfp.o)
                0x08004358                _cleanup_r
 .text.std.isra.0
                0x08004364       0x48 c:/program files (x86)/gnu tools arm embedded/4.9 2014q4/bin/../lib/gcc/arm-none-eabi/4.9.3/../../../../arm-none-eabi/lib/armv7-m\libc_nano.a(lib_a-findfp.o)
 .text.__sfmoreglue
                0x080043ac       0x2c c:/program files (x86)/gnu tools arm embedded/4.9 2014q4/bin/../lib/gcc/arm-none-eabi/4.9.3/../../../../arm-none-eabi/lib/armv7-m\libc_nano.a(lib_a-findfp.o)
                0x080043ac                __sfmoreglue
 .text.__sinit  0x080043d8       0x60 c:/program files (x86)/gnu tools arm embedded/4.9 2014q4/bin/../lib/gcc/arm-none-eabi/4.9.3/../../../../arm-none-eabi/lib/armv7-m\libc_nano.a(lib_a-findfp.o)
                0x080043d8                __sinit
 .text.__sfp    0x08004438       0x74 c:/program files (x86)/gnu tools arm embedded/4.9 2014q4/bin/../lib/gcc/arm-none-eabi/4.9.3/../../../../arm-none-eabi/lib/armv7-m\libc_nano.a(lib_a-findfp.o)
                0x08004438                __sfp
 .text.__sfp_lock_acquire
                0x080044ac        0x2 c:/program files (x86)/gnu tools arm embedded/4.9 2014q4/bin/../lib/gcc/arm-none-eabi/4.9.3/../../../../arm-none-eabi/lib/armv7-m\libc_nano.a(lib_a-findfp.o)
                0x080044ac                __sfp_lock_acquire
 .text.__sfp_lock_release
                0x080044ae        0x2 c:/program files (x86)/gnu tools arm embedded/4.9 2014q4/bin/../lib/gcc/arm-none-eabi/4.9.3/../../../../arm-none-eabi/lib/armv7-m\libc_nano.a(lib_a-findfp.o)
                0x080044ae                __sfp_lock_release
 .text._fopen_r
                0x080044b0       0x80 c:/program files (x86)/gnu tools arm embedded/4.9 2014q4/bin/../lib/gcc/arm-none-eabi/4.9.3/../../../../arm-none-eabi/lib/armv7-m\libc_nano.a(lib_a-fopen.o)
                0x080044b0                _fopen_r
 .text.fopen    0x08004530       0x14 c:/program files (x86)/gnu tools arm embedded/4.9 2014q4/bin/../lib/gcc/arm-none-eabi/4.9.3/../../../../arm-none-eabi/lib/armv7-m\libc_nano.a(lib_a-fopen.o)
                0x08004530                fopen
 .text.fprintf  0x08004544       0x24 c:/program files (x86)/gnu tools arm embedded/4.9 2014q4/bin/../lib/gcc/arm-none-eabi/4.9.3/../../../../arm-none-eabi/lib/armv7-m\libc_nano.a(lib_a-fprintf.o)
                0x08004544                fiprintf
                0x08004544                fprintf
 .text._fseek_r
                0x08004568        0x4 c:/program files (x86)/gnu tools arm embedded/4.9 2014q4/bin/../lib/gcc/arm-none-eabi/4.9.3/../../../../arm-none-eabi/lib/armv7-m\libc_nano.a(lib_a-fseek.o)
                0x08004568                _fseek_r
 .text._fseeko_r
                0x0800456c      0x118 c:/program files (x86)/gnu tools arm embedded/4.9 2014q4/bin/../lib/gcc/arm-none-eabi/4.9.3/../../../../arm-none-eabi/lib/armv7-m\libc_nano.a(lib_a-fseeko.o)
                0x0800456c                _fseeko_r
 .text._fwalk_reent
                0x08004684       0x3c c:/program files (x86)/gnu tools arm embedded/4.9 2014q4/bin/../lib/gcc/arm-none-eabi/4.9.3/../../../../arm-none-eabi/lib/armv7-m\libc_nano.a(lib_a-fwalk.o)
                0x08004684                _fwalk_reent
 .text.__libc_init_array
                0x080046c0       0x4c c:/program files (x86)/gnu tools arm embedded/4.9 2014q4/bin/../lib/gcc/arm-none-eabi/4.9.3/../../../../arm-none-eabi/lib/armv7-m\libc_nano.a(lib_a-init.o)
                0x080046c0                __libc_init_array
 .text.__smakebuf_r
                0x0800470c       0x98 c:/program files (x86)/gnu tools arm embedded/4.9 2014q4/bin/../lib/gcc/arm-none-eabi/4.9.3/../../../../arm-none-eabi/lib/armv7-m\libc_nano.a(lib_a-makebuf.o)
                0x0800470c                __smakebuf_r
 .text.malloc   0x080047a4       0x10 c:/program files (x86)/gnu tools arm embedded/4.9 2014q4/bin/../lib/gcc/arm-none-eabi/4.9.3/../../../../arm-none-eabi/lib/armv7-m\libc_nano.a(lib_a-malloc.o)
                0x080047a4                malloc
 .text.free     0x080047b4       0x10 c:/program files (x86)/gnu tools arm embedded/4.9 2014q4/bin/../lib/gcc/arm-none-eabi/4.9.3/../../../../arm-none-eabi/lib/armv7-m\libc_nano.a(lib_a-malloc.o)
                0x080047b4                free
 .text.memchr   0x080047c4       0x1c c:/program files (x86)/gnu tools arm embedded/4.9 2014q4/bin/../lib/gcc/arm-none-eabi/4.9.3/../../../../arm-none-eabi/lib/armv7-m\libc_nano.a(lib_a-memchr.o)
                0x080047c4                memchr
 .text.memcmp   0x080047e0       0x20 c:/program files (x86)/gnu tools arm embedded/4.9 2014q4/bin/../lib/gcc/arm-none-eabi/4.9.3/../../../../arm-none-eabi/lib/armv7-m\libc_nano.a(lib_a-memcmp.o)
                0x080047e0                memcmp
 .text.memcpy   0x08004800       0x16 c:/program files (x86)/gnu tools arm embedded/4.9 2014q4/bin/../lib/gcc/arm-none-eabi/4.9.3/../../../../arm-none-eabi/lib/armv7-m\libc_nano.a(lib_a-memcpy.o)
                0x08004800                memcpy
 .text.memset   0x08004816       0x10 c:/program files (x86)/gnu tools arm embedded/4.9 2014q4/bin/../lib/gcc/arm-none-eabi/4.9.3/../../../../arm-none-eabi/lib/armv7-m\libc_nano.a(lib_a-memset.o)
                0x08004816                memset
 *fill*         0x08004826        0x2 
 .text._free_r  0x08004828       0x88 c:/program files (x86)/gnu tools arm embedded/4.9 2014q4/bin/../lib/gcc/arm-none-eabi/4.9.3/../../../../arm-none-eabi/lib/armv7-m\libc_nano.a(lib_a-nano-freer.o)
                0x08004828                _free_r
 .text._malloc_r
                0x080048b0       0xac c:/program files (x86)/gnu tools arm embedded/4.9 2014q4/bin/../lib/gcc/arm-none-eabi/4.9.3/../../../../arm-none-eabi/lib/armv7-m\libc_nano.a(lib_a-nano-mallocr.o)
                0x080048b0                _malloc_r
 .text.__sfputc_r
                0x0800495c       0x2c c:/program files (x86)/gnu tools arm embedded/4.9 2014q4/bin/../lib/gcc/arm-none-eabi/4.9.3/../../../../arm-none-eabi/lib/armv7-m\libc_nano.a(lib_a-nano-vfprintf.o)
 .text.__sfputs_r
                0x08004988       0x24 c:/program files (x86)/gnu tools arm embedded/4.9 2014q4/bin/../lib/gcc/arm-none-eabi/4.9.3/../../../../arm-none-eabi/lib/armv7-m\libc_nano.a(lib_a-nano-vfprintf.o)
                0x08004988                __sfputs_r
 .text._vfprintf_r
                0x080049ac      0x210 c:/program files (x86)/gnu tools arm embedded/4.9 2014q4/bin/../lib/gcc/arm-none-eabi/4.9.3/../../../../arm-none-eabi/lib/armv7-m\libc_nano.a(lib_a-nano-vfprintf.o)
                0x080049ac                _vfprintf_r
                0x080049ac                _vfiprintf_r
 .text.vfprintf
                0x08004bbc       0x1c c:/program files (x86)/gnu tools arm embedded/4.9 2014q4/bin/../lib/gcc/arm-none-eabi/4.9.3/../../../../arm-none-eabi/lib/armv7-m\libc_nano.a(lib_a-nano-vfprintf.o)
                0x08004bbc                vfprintf
                0x08004bbc                vfiprintf
 .text._printf_common
                0x08004bd8       0xea c:/program files (x86)/gnu tools arm embedded/4.9 2014q4/bin/../lib/gcc/arm-none-eabi/4.9.3/../../../../arm-none-eabi/lib/armv7-m\libc_nano.a(lib_a-nano-vfprintf_i.o)
                0x08004bd8                _printf_common
 *fill*         0x08004cc2        0x2 
 .text._printf_i
                0x08004cc4      0x234 c:/program files (x86)/gnu tools arm embedded/4.9 2014q4/bin/../lib/gcc/arm-none-eabi/4.9.3/../../../../arm-none-eabi/lib/armv7-m\libc_nano.a(lib_a-nano-vfprintf_i.o)
                0x08004cc4                _printf_i
 .text._scanf_chars
                0x08004ef8       0xbc c:/program files (x86)/gnu tools arm embedded/4.9 2014q4/bin/../lib/gcc/arm-none-eabi/4.9.3/../../../../arm-none-eabi/lib/armv7-m\libc_nano.a(lib_a-nano-vfscanf_i.o)
                0x08004ef8                _scanf_chars
 .text._scanf_i
                0x08004fb4      0x1e4 c:/program files (x86)/gnu tools arm embedded/4.9 2014q4/bin/../lib/gcc/arm-none-eabi/4.9.3/../../../../arm-none-eabi/lib/armv7-m\libc_nano.a(lib_a-nano-vfscanf_i.o)
                0x08004fb4                _scanf_i
 .text._open_r  0x08005198       0x24 c:/program files (x86)/gnu tools arm embedded/4.9 2014q4/bin/../lib/gcc/arm-none-eabi/4.9.3/../../../../arm-none-eabi/lib/armv7-m\libc_nano.a(lib_a-openr.o)
                0x08005198                _open_r
 .text.rand     0x080051bc       0x74 c:/program files (x86)/gnu tools arm embedded/4.9 2014q4/bin/../lib/gcc/arm-none-eabi/4.9.3/../../../../arm-none-eabi/lib/armv7-m\libc_nano.a(lib_a-rand.o)
                0x080051bc                rand
 .text._sbrk_r  0x08005230       0x20 c:/program files (x86)/gnu tools arm embedded/4.9 2014q4/bin/../lib/gcc/arm-none-eabi/4.9.3/../../../../arm-none-eabi/lib/armv7-m\libc_nano.a(lib_a-sbrkr.o)
                0x08005230                _sbrk_r
 .text.__sccl   0x08005250       0x62 c:/program files (x86)/gnu tools arm embedded/4.9 2014q4/bin/../lib/gcc/arm-none-eabi/4.9.3/../../../../arm-none-eabi/lib/armv7-m\libc_nano.a(lib_a-sccl.o)
                0x08005250                __sccl
 .text.setbuf   0x080052b2       0x10 c:/program files (x86)/gnu tools arm embedded/4.9 2014q4/bin/../lib/gcc/arm-none-eabi/4.9.3/../../../../arm-none-eabi/lib/armv7-m\libc_nano.a(lib_a-setbuf.o)
                0x080052b2                setbuf
 *fill*         0x080052c2        0x2 
 .text.setvbuf  0x080052c4      0x110 c:/program files (x86)/gnu tools arm embedded/4.9 2014q4/bin/../lib/gcc/arm-none-eabi/4.9.3/../../../../arm-none-eabi/lib/armv7-m\libc_nano.a(lib_a-setvbuf.o)
                0x080052c4                setvbuf
 .text._raise_r
                0x080053d4       0x50 c:/program files (x86)/gnu tools arm embedded/4.9 2014q4/bin/../lib/gcc/arm-none-eabi/4.9.3/../../../../arm-none-eabi/lib/armv7-m\libc_nano.a(lib_a-signal.o)
                0x080053d4                _raise_r
 .text.raise    0x08005424       0x10 c:/program files (x86)/gnu tools arm embedded/4.9 2014q4/bin/../lib/gcc/arm-none-eabi/4.9.3/../../../../arm-none-eabi/lib/armv7-m\libc_nano.a(lib_a-signal.o)
                0x08005424                raise
 .text._kill_r  0x08005434       0x24 c:/program files (x86)/gnu tools arm embedded/4.9 2014q4/bin/../lib/gcc/arm-none-eabi/4.9.3/../../../../arm-none-eabi/lib/armv7-m\libc_nano.a(lib_a-signalr.o)
                0x08005434                _kill_r
 .text._getpid_r
                0x08005458        0x4 c:/program files (x86)/gnu tools arm embedded/4.9 2014q4/bin/../lib/gcc/arm-none-eabi/4.9.3/../../../../arm-none-eabi/lib/armv7-m\libc_nano.a(lib_a-signalr.o)
                0x08005458                _getpid_r
 .text.snprintf
                0x0800545c       0x64 c:/program files (x86)/gnu tools arm embedded/4.9 2014q4/bin/../lib/gcc/arm-none-eabi/4.9.3/../../../../arm-none-eabi/lib/armv7-m\libc_nano.a(lib_a-snprintf.o)
                0x0800545c                sniprintf
                0x0800545c                snprintf
 .text.sprintf  0x080054c0       0x48 c:/program files (x86)/gnu tools arm embedded/4.9 2014q4/bin/../lib/gcc/arm-none-eabi/4.9.3/../../../../arm-none-eabi/lib/armv7-m\libc_nano.a(lib_a-sprintf.o)
                0x080054c0                siprintf
                0x080054c0                sprintf
 .text.sscanf   0x08005508       0x54 c:/program files (x86)/gnu tools arm embedded/4.9 2014q4/bin/../lib/gcc/arm-none-eabi/4.9.3/../../../../arm-none-eabi/lib/armv7-m\libc_nano.a(lib_a-sscanf.o)
                0x08005508                siscanf
                0x08005508                sscanf
 .text.__sread  0x0800555c       0x22 c:/program files (x86)/gnu tools arm embedded/4.9 2014q4/bin/../lib/gcc/arm-none-eabi/4.9.3/../../../../arm-none-eabi/lib/armv7-m\libc_nano.a(lib_a-stdio.o)
                0x0800555c                __sread
 .text.__seofread
                0x0800557e        0x4 c:/program files (x86)/gnu tools arm embedded/4.9 2014q4/bin/../lib/gcc/arm-none-eabi/4.9.3/../../../../arm-none-eabi/lib/armv7-m\libc_nano.a(lib_a-stdio.o)
                0x0800557e                __seofread
 .text.__swrite
                0x08005582       0x38 c:/program files (x86)/gnu tools arm embedded/4.9 2014q4/bin/../lib/gcc/arm-none-eabi/4.9.3/../../../../arm-none-eabi/lib/armv7-m\libc_nano.a(lib_a-stdio.o)
                0x08005582                __swrite
 .text.__sseek  0x080055ba       0x24 c:/program files (x86)/gnu tools arm embedded/4.9 2014q4/bin/../lib/gcc/arm-none-eabi/4.9.3/../../../../arm-none-eabi/lib/armv7-m\libc_nano.a(lib_a-stdio.o)
                0x080055ba                __sseek
 .text.__sclose
                0x080055de        0x8 c:/program files (x86)/gnu tools arm embedded/4.9 2014q4/bin/../lib/gcc/arm-none-eabi/4.9.3/../../../../arm-none-eabi/lib/armv7-m\libc_nano.a(lib_a-stdio.o)
                0x080055de                __sclose
 .text.strchr   0x080055e6       0x1c c:/program files (x86)/gnu tools arm embedded/4.9 2014q4/bin/../lib/gcc/arm-none-eabi/4.9.3/../../../../arm-none-eabi/lib/armv7-m\libc_nano.a(lib_a-strchr.o)
                0x080055e6                strchr
 .text          0x08005602       0x14 c:/program files (x86)/gnu tools arm embedded/4.9 2014q4/bin/../lib/gcc/arm-none-eabi/4.9.3/../../../../arm-none-eabi/lib/armv7-m\libc_nano.a(lib_a-strcmp.o)
                0x08005602                strcmp
 .text.strlen   0x08005616       0x10 c:/program files (x86)/gnu tools arm embedded/4.9 2014q4/bin/../lib/gcc/arm-none-eabi/4.9.3/../../../../arm-none-eabi/lib/armv7-m\libc_nano.a(lib_a-strlen.o)
                0x08005616                strlen
 .text.strncmp  0x08005626       0x32 c:/program files (x86)/gnu tools arm embedded/4.9 2014q4/bin/../lib/gcc/arm-none-eabi/4.9.3/../../../../arm-none-eabi/lib/armv7-m\libc_nano.a(lib_a-strncmp.o)
                0x08005626                strncmp
 .text._strtol_r
                0x08005658      0x10c c:/program files (x86)/gnu tools arm embedded/4.9 2014q4/bin/../lib/gcc/arm-none-eabi/4.9.3/../../../../arm-none-eabi/lib/armv7-m\libc_nano.a(lib_a-strtol.o)
                0x08005658                _strtol_r
 .text.strtol   0x08005764       0x1c c:/program files (x86)/gnu tools arm embedded/4.9 2014q4/bin/../lib/gcc/arm-none-eabi/4.9.3/../../../../arm-none-eabi/lib/armv7-m\libc_nano.a(lib_a-strtol.o)
                0x08005764                strtol
 .text._strtoul_r
                0x08005780       0xf8 c:/program files (x86)/gnu tools arm embedded/4.9 2014q4/bin/../lib/gcc/arm-none-eabi/4.9.3/../../../../arm-none-eabi/lib/armv7-m\libc_nano.a(lib_a-strtoul.o)
                0x08005780                _strtoul_r
 .text.__submore
                0x08005878       0x72 c:/program files (x86)/gnu tools arm embedded/4.9 2014q4/bin/../lib/gcc/arm-none-eabi/4.9.3/../../../../arm-none-eabi/lib/armv7-m\libc_nano.a(lib_a-ungetc.o)
                0x08005878                __submore
 *fill*         0x080058ea        0x2 
 .text.__swbuf_r
                0x080058ec       0xa8 c:/program files (x86)/gnu tools arm embedded/4.9 2014q4/bin/../lib/gcc/arm-none-eabi/4.9.3/../../../../arm-none-eabi/lib/armv7-m\libc_nano.a(lib_a-wbuf.o)
                0x080058ec                __swbuf_r
 .text._write_r
                0x08005994       0x24 c:/program files (x86)/gnu tools arm embedded/4.9 2014q4/bin/../lib/gcc/arm-none-eabi/4.9.3/../../../../arm-none-eabi/lib/armv7-m\libc_nano.a(lib_a-writer.o)
                0x08005994                _write_r
 .text.__swsetup_r
                0x080059b8       0xd8 c:/program files (x86)/gnu tools arm embedded/4.9 2014q4/bin/../lib/gcc/arm-none-eabi/4.9.3/../../../../arm-none-eabi/lib/armv7-m\libc_nano.a(lib_a-wsetup.o)
                0x080059b8                __swsetup_r
 .text._close_r
                0x08005a90       0x20 c:/program files (x86)/gnu tools arm embedded/4.9 2014q4/bin/../lib/gcc/arm-none-eabi/4.9.3/../../../../arm-none-eabi/lib/armv7-m\libc_nano.a(lib_a-closer.o)
                0x08005a90                _close_r
 .text.__sflags
                0x08005ab0       0x6e c:/program files (x86)/gnu tools arm embedded/4.9 2014q4/bin/../lib/gcc/arm-none-eabi/4.9.3/../../../../arm-none-eabi/lib/armv7-m\libc_nano.a(lib_a-flags.o)
                0x08005ab0                __sflags
 *fill*         0x08005b1e        0x2 
 .text._fstat_r
                0x08005b20       0x24 c:/program files (x86)/gnu tools arm embedded/4.9 2014q4/bin/../lib/gcc/arm-none-eabi/4.9.3/../../../../arm-none-eabi/lib/armv7-m\libc_nano.a(lib_a-fstatr.o)
                0x08005b20                _fstat_r
 .text._isatty_r
                0x08005b44       0x20 c:/program files (x86)/gnu tools arm embedded/4.9 2014q4/bin/../lib/gcc/arm-none-eabi/4.9.3/../../../../arm-none-eabi/lib/armv7-m\libc_nano.a(lib_a-isattyr.o)
                0x08005b44                _isatty_r
 .text._lseek_r
                0x08005b64       0x24 c:/program files (x86)/gnu tools arm embedded/4.9 2014q4/bin/../lib/gcc/arm-none-eabi/4.9.3/../../../../arm-none-eabi/lib/armv7-m\libc_nano.a(lib_a-lseekr.o)
                0x08005b64                _lseek_r
 .text.memmove  0x08005b88       0x36 c:/program files (x86)/gnu tools arm embedded/4.9 2014q4/bin/../lib/gcc/arm-none-eabi/4.9.3/../../../../arm-none-eabi/lib/armv7-m\libc_nano.a(lib_a-memmove.o)
                0x08005b88                memmove
 .text._realloc_r
                0x08005bbe       0x4c c:/program files (x86)/gnu tools arm embedded/4.9 2014q4/bin/../lib/gcc/arm-none-eabi/4.9.3/../../../../arm-none-eabi/lib/armv7-m\libc_nano.a(lib_a-nano-reallocr.o)
                0x08005bbe                _realloc_r
 .text.__ssputs_r
                0x08005c0a       0xb2 c:/program files (x86)/gnu tools arm embedded/4.9 2014q4/bin/../lib/gcc/arm-none-eabi/4.9.3/../../../../arm-none-eabi/lib/armv7-m\libc_nano.a(lib_a-nano-svfprintf.o)
                0x08005c0a                __ssputs_r
 .text._svfprintf_r
                0x08005cbc      0x1e4 c:/program files (x86)/gnu tools arm embedded/4.9 2014q4/bin/../lib/gcc/arm-none-eabi/4.9.3/../../../../arm-none-eabi/lib/armv7-m\libc_nano.a(lib_a-nano-svfprintf.o)
                0x08005cbc                _svfiprintf_r
                0x08005cbc                _svfprintf_r
 .text._sungetc_r
                0x08005ea0       0x7a c:/program files (x86)/gnu tools arm embedded/4.9 2014q4/bin/../lib/gcc/arm-none-eabi/4.9.3/../../../../arm-none-eabi/lib/armv7-m\libc_nano.a(lib_a-nano-svfscanf.o)
                0x08005ea0                _sungetc_r
 .text.__ssrefill_r
                0x08005f1a       0x3a c:/program files (x86)/gnu tools arm embedded/4.9 2014q4/bin/../lib/gcc/arm-none-eabi/4.9.3/../../../../arm-none-eabi/lib/armv7-m\libc_nano.a(lib_a-nano-svfscanf.o)
                0x08005f1a                __ssrefill_r
 .text.__ssvfscanf_r
                0x08005f54      0x29c c:/program files (x86)/gnu tools arm embedded/4.9 2014q4/bin/../lib/gcc/arm-none-eabi/4.9.3/../../../../arm-none-eabi/lib/armv7-m\libc_nano.a(lib_a-nano-svfscanf.o)
                0x08005f54                __ssvfiscanf_r
                0x08005f54                __ssvfscanf_r
 .text._read_r  0x080061f0       0x24 c:/program files (x86)/gnu tools arm embedded/4.9 2014q4/bin/../lib/gcc/arm-none-eabi/4.9.3/../../../../arm-none-eabi/lib/armv7-m\libc_nano.a(lib_a-readr.o)
                0x080061f0                _read_r
 .text._malloc_usable_size_r
                0x08006214       0x14 c:/program files (x86)/gnu tools arm embedded/4.9 2014q4/bin/../lib/gcc/arm-none-eabi/4.9.3/../../../../arm-none-eabi/lib/armv7-m\libc_nano.a(lib_a-nano-msizer.o)
                0x08006214                _malloc_usable_size_r
 .text._getpid  0x08006228       0x10 c:/program files (x86)/gnu tools arm embedded/4.9 2014q4/bin/../lib/gcc/arm-none-eabi/4.9.3/../../../../arm-none-eabi/lib/armv7-m\libnosys.a(getpid.o)
                0x08006228                _getpid
 .text._kill    0x08006238       0x10 c:/program files (x86)/gnu tools arm embedded/4.9 2014q4/bin/../lib/gcc/arm-none-eabi/4.9.3/../../../../arm-none-eabi/lib/armv7-m\libnosys.a(kill.o)
                0x08006238                _kill
 *(.init)
 .init          0x08006248        0x4 c:/program files (x86)/gnu tools arm embedded/4.9 2014q4/bin/../lib/gcc/arm-none-eabi/4.9.3/armv7-m/crti.o
                0x08006248                _init
 .init          0x0800624c        0x8 c:/program files (x86)/gnu tools arm embedded/4.9 2014q4/bin/../lib/gcc/arm-none-eabi/4.9.3/armv7-m/crtn.o
 *(.fini)
 .fini          0x08006254        0x4 c:/program files (x86)/gnu tools arm embedded/4.9 2014q4/bin/../lib/gcc/arm-none-eabi/4.9.3/armv7-m/crti.o
                0x08006254                _fini
 .fini          0x08006258        0x8 c:/program files (x86)/gnu tools arm embedded/4.9 2014q4/bin/../lib/gcc/arm-none-eabi/4.9.3/armv7-m/crtn.o
 *crtbegin.o(.ctors)
 *crtbegin?.o(.ctors)
 *(EXCLUDE_FILE(*crtend.o *crtend?.o) .ctors)
 *(SORT(.ctors.*))
 *(.ctors)
 *crtbegin.o(.dtors)
 *crtbegin?.o(.dtors)
 *(EXCLUDE_FILE(*crtend.o *crtend?.o) .dtors)
 *(SORT(.dtors.*))
 *(.dtors)
 *(.rodata*)
 .rodata.__stdin_name
                0x08006260        0x8 C:\Users\Christopher\Documents\GitHub\Door-Control/mbed/TARGET_NUCLEO_F103RB/TOOLCHAIN_GCC_ARM/retarget.o
                0x08006260                __stdin_name
 .rodata.__stderr_name
                0x08006268        0x8 C:\Users\Christopher\Documents\GitHub\Door-Control/mbed/TARGET_NUCLEO_F103RB/TOOLCHAIN_GCC_ARM/retarget.o
                0x08006268                __stderr_name
 .rodata.__stdout_name
                0x08006270        0x8 C:\Users\Christopher\Documents\GitHub\Door-Control/mbed/TARGET_NUCLEO_F103RB/TOOLCHAIN_GCC_ARM/retarget.o
                0x08006270                __stdout_name
 .rodata._ZTVN4mbed10FileHandleE
                0x08006278       0x30 C:\Users\Christopher\Documents\GitHub\Door-Control/mbed/TARGET_NUCLEO_F103RB/TOOLCHAIN_GCC_ARM/retarget.o
                0x08006278                vtable for mbed::FileHandle
 .rodata.str1.4
                0x080062a8        0xe C:\Users\Christopher\Documents\GitHub\Door-Control/mbed/TARGET_NUCLEO_F103RB/TOOLCHAIN_GCC_ARM/retarget.o
                                 0x10 (size before relaxing)
 .rodata        0x080062b6        0x6 ..\obj\main.o
 .rodata.str1.1
                0x080062bc      0x304 ..\obj\main.o
 .rodata.str1.1
                0x080065c0       0x2a ..\obj\WIZnetInterface.o
 .rodata        0x080065ea        0x4 ..\obj\DNSClient.o
 .rodata.str1.1
                0x080065ee        0x8 ..\obj\DNSClient.o
                                  0xa (size before relaxing)
 *fill*         0x080065f6        0x2 
 .rodata._ZTV9DNSClient
                0x080065f8       0x10 ..\obj\DNSClient.o
                0x080065f8                vtable for DNSClient
 .rodata.str1.1
                0x00000000        0xc ..\obj\UDPSocket.o
 .rodata.str1.1
                0x08006608       0x10 ..\obj\W5500.o
                                 0xb1 (size before relaxing)
 .rodata.str1.1
                0x08006618       0x39 ..\obj\Socket.o
 .rodata        0x08006651       0x1f ..\obj\DHCPClient.o
 .rodata.str1.1
                0x08006670       0x10 ..\obj\DHCPClient.o
 .rodata.str1.1
                0x00000000        0xc ..\obj\Endpoint.o
 .rodata.str1.4
                0x08006680       0x8a C:\Users\Christopher\Documents\GitHub\Door-Control/mbed/TARGET_NUCLEO_F103RB/TOOLCHAIN_GCC_ARM\libmbed.a(serial_api.o)
                                 0x8c (size before relaxing)
 *fill*         0x0800670a        0x6 
 .rodata._ZTVN4mbed8FileBaseE
                0x08006710       0x10 C:\Users\Christopher\Documents\GitHub\Door-Control/mbed/TARGET_NUCLEO_F103RB/TOOLCHAIN_GCC_ARM\libmbed.a(FileBase.o)
                0x08006710                vtable for mbed::FileBase
 .rodata._ZTVN4mbed3SPIE
                0x08006720       0x18 C:\Users\Christopher\Documents\GitHub\Door-Control/mbed/TARGET_NUCLEO_F103RB/TOOLCHAIN_GCC_ARM\libmbed.a(SPI.o)
                0x08006720                vtable for mbed::SPI
 .rodata._ZTVN4mbed10SerialBaseE
                0x08006738       0x10 C:\Users\Christopher\Documents\GitHub\Door-Control/mbed/TARGET_NUCLEO_F103RB/TOOLCHAIN_GCC_ARM\libmbed.a(Serial.o)
                0x08006738                vtable for mbed::SerialBase
 .rodata._ZTVN4mbed6SerialE
                0x08006748       0x60 C:\Users\Christopher\Documents\GitHub\Door-Control/mbed/TARGET_NUCLEO_F103RB/TOOLCHAIN_GCC_ARM\libmbed.a(Serial.o)
                0x08006748                vtable for mbed::Serial
 .rodata._ZTVN4mbed6StreamE
                0x080067a8       0x48 C:\Users\Christopher\Documents\GitHub\Door-Control/mbed/TARGET_NUCLEO_F103RB/TOOLCHAIN_GCC_ARM\libmbed.a(Stream.o)
                0x080067a8                vtable for mbed::Stream
 .rodata.str1.4
                0x080067f0        0x3 C:\Users\Christopher\Documents\GitHub\Door-Control/mbed/TARGET_NUCLEO_F103RB/TOOLCHAIN_GCC_ARM\libmbed.a(Stream.o)
                                  0x8 (size before relaxing)
 *fill*         0x080067f3        0x1 
 .rodata.str1.4
                0x080067f4       0x31 C:\Users\Christopher\Documents\GitHub\Door-Control/mbed/TARGET_NUCLEO_F103RB/TOOLCHAIN_GCC_ARM\libmbed.a(assert.o)
                                 0x34 (size before relaxing)