Archive member included because of file (symbol)

D:\MyDocuments\GitHub\Door-Control/mbed/TARGET_NUCLEO_F401RE/TOOLCHAIN_GCC_ARM\libmbed.a(serial_api.o)
                              D:\MyDocuments\GitHub\Door-Control/mbed/TARGET_NUCLEO_F401RE/TOOLCHAIN_GCC_ARM/retarget.o (serial_init)
D:\MyDocuments\GitHub\Door-Control/mbed/TARGET_NUCLEO_F401RE/TOOLCHAIN_GCC_ARM\libmbed.a(FileSystemLike.o)
                              D:\MyDocuments\GitHub\Door-Control/mbed/TARGET_NUCLEO_F401RE/TOOLCHAIN_GCC_ARM/retarget.o (mbed::FileSystemLike::opendir())
D:\MyDocuments\GitHub\Door-Control/mbed/TARGET_NUCLEO_F401RE/TOOLCHAIN_GCC_ARM\libmbed.a(FilePath.o)
                              D:\MyDocuments\GitHub\Door-Control/mbed/TARGET_NUCLEO_F401RE/TOOLCHAIN_GCC_ARM/retarget.o (mbed::FilePath::FilePath(char const*))
D:\MyDocuments\GitHub\Door-Control/mbed/TARGET_NUCLEO_F401RE/TOOLCHAIN_GCC_ARM\libmbed.a(Serial.o)
                              ..\obj\main.o (mbed::Serial::Serial(PinName, PinName, char const*))
D:\MyDocuments\GitHub\Door-Control/mbed/TARGET_NUCLEO_F401RE/TOOLCHAIN_GCC_ARM\libmbed.a(SPI.o)
                              ..\obj\W5100.o (mbed::SPI::SPI(PinName, PinName, PinName, PinName))
D:\MyDocuments\GitHub\Door-Control/mbed/TARGET_NUCLEO_F401RE/TOOLCHAIN_GCC_ARM\libmbed.a(Stream.o)
                              D:\MyDocuments\GitHub\Door-Control/mbed/TARGET_NUCLEO_F401RE/TOOLCHAIN_GCC_ARM\libmbed.a(Serial.o) (mbed::Stream::close())
D:\MyDocuments\GitHub\Door-Control/mbed/TARGET_NUCLEO_F401RE/TOOLCHAIN_GCC_ARM\libmbed.a(SerialBase.o)
                              D:\MyDocuments\GitHub\Door-Control/mbed/TARGET_NUCLEO_F401RE/TOOLCHAIN_GCC_ARM\libmbed.a(Serial.o) (mbed::SerialBase::SerialBase(PinName, PinName))
D:\MyDocuments\GitHub\Door-Control/mbed/TARGET_NUCLEO_F401RE/TOOLCHAIN_GCC_ARM\libmbed.a(error.o)
                              D:\MyDocuments\GitHub\Door-Control/mbed/TARGET_NUCLEO_F401RE/TOOLCHAIN_GCC_ARM/retarget.o (error)
D:\MyDocuments\GitHub\Door-Control/mbed/TARGET_NUCLEO_F401RE/TOOLCHAIN_GCC_ARM\libmbed.a(assert.o)
                              ..\obj\main.o (mbed_assert_internal)
D:\MyDocuments\GitHub\Door-Control/mbed/TARGET_NUCLEO_F401RE/TOOLCHAIN_GCC_ARM\libmbed.a(exit.o)
                              d:/program files (x86)/gnu tools arm embedded/4.9 2014q4/bin/../lib/gcc/arm-none-eabi/4.9.3/../../../../arm-none-eabi/lib/armv7e-m/softfp/crt0.o (exit)
D:\MyDocuments\GitHub\Door-Control/mbed/TARGET_NUCLEO_F401RE/TOOLCHAIN_GCC_ARM\libmbed.a(Timer.o)
                              ..\obj\TCPSocketServer.o (mbed::Timer::start())
D:\MyDocuments\GitHub\Door-Control/mbed/TARGET_NUCLEO_F401RE/TOOLCHAIN_GCC_ARM\libmbed.a(gpio.o)
                              ..\obj\main.o (gpio_init_in)
D:\MyDocuments\GitHub\Door-Control/mbed/TARGET_NUCLEO_F401RE/TOOLCHAIN_GCC_ARM\libmbed.a(rtc_time.o)
                              ..\obj\DHCPClient.o (time)
D:\MyDocuments\GitHub\Door-Control/mbed/TARGET_NUCLEO_F401RE/TOOLCHAIN_GCC_ARM\libmbed.a(pinmap_common.o)
                              D:\MyDocuments\GitHub\Door-Control/mbed/TARGET_NUCLEO_F401RE/TOOLCHAIN_GCC_ARM\libmbed.a(serial_api.o) (pinmap_pinout)
D:\MyDocuments\GitHub\Door-Control/mbed/TARGET_NUCLEO_F401RE/TOOLCHAIN_GCC_ARM\libmbed.a(wait_api.o)
                              ..\obj\W5100.o (wait_us)
D:\MyDocuments\GitHub\Door-Control/mbed/TARGET_NUCLEO_F401RE/TOOLCHAIN_GCC_ARM\libmbed.a(us_ticker_api.o)
                              D:\MyDocuments\GitHub\Door-Control/mbed/TARGET_NUCLEO_F401RE/TOOLCHAIN_GCC_ARM/hal_tick.o (us_ticker_irq_handler)
D:\MyDocuments\GitHub\Door-Control/mbed/TARGET_NUCLEO_F401RE/TOOLCHAIN_GCC_ARM\libmbed.a(PeripheralPins.o)
                              D:\MyDocuments\GitHub\Door-Control/mbed/TARGET_NUCLEO_F401RE/TOOLCHAIN_GCC_ARM\libmbed.a(serial_api.o) (PinMap_UART_RX)
D:\MyDocuments\GitHub\Door-Control/mbed/TARGET_NUCLEO_F401RE/TOOLCHAIN_GCC_ARM\libmbed.a(gpio_api.o)
                              D:\MyDocuments\GitHub\Door-Control/mbed/TARGET_NUCLEO_F401RE/TOOLCHAIN_GCC_ARM\libmbed.a(gpio.o) (gpio_init)
D:\MyDocuments\GitHub\Door-Control/mbed/TARGET_NUCLEO_F401RE/TOOLCHAIN_GCC_ARM\libmbed.a(pinmap.o)
                              D:\MyDocuments\GitHub\Door-Control/mbed/TARGET_NUCLEO_F401RE/TOOLCHAIN_GCC_ARM\libmbed.a(gpio_api.o) (Set_GPIO_Clock)
D:\MyDocuments\GitHub\Door-Control/mbed/TARGET_NUCLEO_F401RE/TOOLCHAIN_GCC_ARM\libmbed.a(rtc_api.o)
                              D:\MyDocuments\GitHub\Door-Control/mbed/TARGET_NUCLEO_F401RE/TOOLCHAIN_GCC_ARM\libmbed.a(rtc_time.o) (rtc_init)
D:\MyDocuments\GitHub\Door-Control/mbed/TARGET_NUCLEO_F401RE/TOOLCHAIN_GCC_ARM\libmbed.a(us_ticker.o)
                              D:\MyDocuments\GitHub\Door-Control/mbed/TARGET_NUCLEO_F401RE/TOOLCHAIN_GCC_ARM\libmbed.a(us_ticker_api.o) (us_ticker_init)
D:\MyDocuments\GitHub\Door-Control/mbed/TARGET_NUCLEO_F401RE/TOOLCHAIN_GCC_ARM\libmbed.a(spi_api.o)
[...]
Memory Configuration

Name             Origin             Length             Attributes
FLASH            0x08000000         0x00080000         xr
RAM              0x20000194         0x00017e6c         xrw
*default*        0x00000000         0xffffffff

Linker script and memory map

LOAD d:/program files (x86)/gnu tools arm embedded/4.9 2014q4/bin/../lib/gcc/arm-none-eabi/4.9.3/armv7e-m/softfp/crti.o
LOAD d:/program files (x86)/gnu tools arm embedded/4.9 2014q4/bin/../lib/gcc/arm-none-eabi/4.9.3/armv7e-m/softfp/crtbegin.o
LOAD d:/program files (x86)/gnu tools arm embedded/4.9 2014q4/bin/../lib/gcc/arm-none-eabi/4.9.3/../../../../arm-none-eabi/lib/armv7e-m/softfp/crt0.o
LOAD D:\MyDocuments\GitHub\Door-Control/mbed/TARGET_NUCLEO_F401RE/TOOLCHAIN_GCC_ARM/stm32f4xx_hal_dma.o
LOAD D:\MyDocuments\GitHub\Door-Control/mbed/TARGET_NUCLEO_F401RE/TOOLCHAIN_GCC_ARM/retarget.o
LOAD D:\MyDocuments\GitHub\Door-Control/mbed/TARGET_NUCLEO_F401RE/TOOLCHAIN_GCC_ARM/stm32f4xx_hal_nor.o
LOAD D:\MyDocuments\GitHub\Door-Control/mbed/TARGET_NUCLEO_F401RE/TOOLCHAIN_GCC_ARM/stm32f4xx_hal_usart.o
LOAD D:\MyDocuments\GitHub\Door-Control/mbed/TARGET_NUCLEO_F401RE/TOOLCHAIN_GCC_ARM/stm32f4xx_hal_crc.o
LOAD D:\MyDocuments\GitHub\Door-Control/mbed/TARGET_NUCLEO_F401RE/TOOLCHAIN_GCC_ARM/stm32f4xx_hal_pwr_ex.o
LOAD D:\MyDocuments\GitHub\Door-Control/mbed/TARGET_NUCLEO_F401RE/TOOLCHAIN_GCC_ARM/stm32f4xx_hal_rcc_ex.o
LOAD D:\MyDocuments\GitHub\Door-Control/mbed/TARGET_NUCLEO_F401RE/TOOLCHAIN_GCC_ARM/stm32f4xx_hal_flash_ex.o
LOAD D:\MyDocuments\GitHub\Door-Control/mbed/TARGET_NUCLEO_F401RE/TOOLCHAIN_GCC_ARM/stm32f4xx_hal_i2c_ex.o
LOAD D:\MyDocuments\GitHub\Door-Control/mbed/TARGET_NUCLEO_F401RE/TOOLCHAIN_GCC_ARM/stm32f4xx_hal_adc_ex.o
LOAD D:\MyDocuments\GitHub\Door-Control/mbed/TARGET_NUCLEO_F401RE/TOOLCHAIN_GCC_ARM/startup_STM32F40x.o
LOAD D:\MyDocuments\GitHub\Door-Control/mbed/TARGET_NUCLEO_F401RE/TOOLCHAIN_GCC_ARM/stm32f4xx_hal_i2s_ex.o
LOAD D:\MyDocuments\GitHub\Door-Control/mbed/TARGET_NUCLEO_F401RE/TOOLCHAIN_GCC_ARM/stm32f4xx_hal_sd.o
LOAD D:\MyDocuments\GitHub\Door-Control/mbed/TARGET_NUCLEO_F401RE/TOOLCHAIN_GCC_ARM/stm32f4xx_hal_cortex.o
LOAD D:\MyDocuments\GitHub\Door-Control/mbed/TARGET_NUCLEO_F401RE/TOOLCHAIN_GCC_ARM/stm32f4xx_hal_irda.o
LOAD D:\MyDocuments\GitHub\Door-Control/mbed/TARGET_NUCLEO_F401RE/TOOLCHAIN_GCC_ARM/stm32f4xx_hal_adc.o
LOAD D:\MyDocuments\GitHub\Door-Control/mbed/TARGET_NUCLEO_F401RE/TOOLCHAIN_GCC_ARM/stm32f4xx_hal_can.o
LOAD D:\MyDocuments\GitHub\Door-Control/mbed/TARGET_NUCLEO_F401RE/TOOLCHAIN_GCC_ARM/stm32f4xx_hal_rng.o
LOAD D:\MyDocuments\GitHub\Door-Control/mbed/TARGET_NUCLEO_F401RE/TOOLCHAIN_GCC_ARM/stm32f4xx_hal_pcd_ex.o
LOAD D:\MyDocuments\GitHub\Door-Control/mbed/TARGET_NUCLEO_F401RE/TOOLCHAIN_GCC_ARM/board.o
LOAD D:\MyDocuments\GitHub\Door-Control/mbed/TARGET_NUCLEO_F401RE/TOOLCHAIN_GCC_ARM/stm32f4xx_hal_tim.o
LOAD D:\MyDocuments\GitHub\Door-Control/mbed/TARGET_NUCLEO_F401RE/TOOLCHAIN_GCC_ARM/stm32f4xx_hal_i2s.o
LOAD D:\MyDocuments\GitHub\Door-Control/mbed/TARGET_NUCLEO_F401RE/TOOLCHAIN_GCC_ARM/stm32f4xx_hal_iwdg.o
LOAD D:\MyDocuments\GitHub\Door-Control/mbed/TARGET_NUCLEO_F401RE/TOOLCHAIN_GCC_ARM/stm32f4xx_hal_flash.o
LOAD D:\MyDocuments\GitHub\Door-Control/mbed/TARGET_NUCLEO_F401RE/TOOLCHAIN_GCC_ARM/stm32f4xx_hal_cryp.o
LOAD D:\MyDocuments\GitHub\Door-Control/mbed/TARGET_NUCLEO_F401RE/TOOLCHAIN_GCC_ARM/stm32f4xx_hal_cryp_ex.o
LOAD D:\MyDocuments\GitHub\Door-Control/mbed/TARGET_NUCLEO_F401RE/TOOLCHAIN_GCC_ARM/cmsis_nvic.o
LOAD D:\MyDocuments\GitHub\Door-Control/mbed/TARGET_NUCLEO_F401RE/TOOLCHAIN_GCC_ARM/stm32f4xx_ll_fsmc.o
LOAD D:\MyDocuments\GitHub\Door-Control/mbed/TARGET_NUCLEO_F401RE/TOOLCHAIN_GCC_ARM/stm32f4xx_hal_wwdg.o
LOAD D:\MyDocuments\GitHub\Door-Control/mbed/TARGET_NUCLEO_F401RE/TOOLCHAIN_GCC_ARM/stm32f4xx_hal_sai.o
LOAD D:\MyDocuments\GitHub\Door-Control/mbed/TARGET_NUCLEO_F401RE/TOOLCHAIN_GCC_ARM/stm32f4xx_hal_dma_ex.o
LOAD D:\MyDocuments\GitHub\Door-Control/mbed/TARGET_NUCLEO_F401RE/TOOLCHAIN_GCC_ARM/stm32f4xx_hal_smartcard.o
LOAD D:\MyDocuments\GitHub\Door-Control/mbed/TARGET_NUCLEO_F401RE/TOOLCHAIN_GCC_ARM/stm32f4xx_hal_hash.o
LOAD D:\MyDocuments\GitHub\Door-Control/mbed/TARGET_NUCLEO_F401RE/TOOLCHAIN_GCC_ARM/stm32f4xx_hal_rcc.o
LOAD D:\MyDocuments\GitHub\Door-Control/mbed/TARGET_NUCLEO_F401RE/TOOLCHAIN_GCC_ARM/mbed_overrides.o
LOAD D:\MyDocuments\GitHub\Door-Control/mbed/TARGET_NUCLEO_F401RE/TOOLCHAIN_GCC_ARM/stm32f4xx_hal_eth.o
LOAD D:\MyDocuments\GitHub\Door-Control/mbed/TARGET_NUCLEO_F401RE/TOOLCHAIN_GCC_ARM/stm32f4xx_ll_sdmmc.o
LOAD D:\MyDocuments\GitHub\Door-Control/mbed/TARGET_NUCLEO_F401RE/TOOLCHAIN_GCC_ARM/stm32f4xx_hal_dma2d.o
LOAD D:\MyDocuments\GitHub\Door-Control/mbed/TARGET_NUCLEO_F401RE/TOOLCHAIN_GCC_ARM/stm32f4xx_hal_spi.o
LOAD D:\MyDocuments\GitHub\Door-Control/mbed/TARGET_NUCLEO_F401RE/TOOLCHAIN_GCC_ARM/stm32f4xx_hal_gpio.o
LOAD D:\MyDocuments\GitHub\Door-Control/mbed/TARGET_NUCLEO_F401RE/TOOLCHAIN_GCC_ARM/stm32f4xx_ll_fmc.o
LOAD D:\MyDocuments\GitHub\Door-Control/mbed/TARGET_NUCLEO_F401RE/TOOLCHAIN_GCC_ARM/stm32f4xx_hal_nand.o
LOAD D:\MyDocuments\GitHub\Door-Control/mbed/TARGET_NUCLEO_F401RE/TOOLCHAIN_GCC_ARM/stm32f4xx_hal_hash_ex.o
LOAD D:\MyDocuments\GitHub\Door-Control/mbed/TARGET_NUCLEO_F401RE/TOOLCHAIN_GCC_ARM/stm32f4xx_hal.o
LOAD D:\MyDocuments\GitHub\Door-Control/mbed/TARGET_NUCLEO_F401RE/TOOLCHAIN_GCC_ARM/stm32f4xx_hal_ltdc.o
LOAD D:\MyDocuments\GitHub\Door-Control/mbed/TARGET_NUCLEO_F401RE/TOOLCHAIN_GCC_ARM/system_stm32f4xx.o
LOAD D:\MyDocuments\GitHub\Door-Control/mbed/TARGET_NUCLEO_F401RE/TOOLCHAIN_GCC_ARM/stm32f4xx_ll_usb.o
LOAD D:\MyDocuments\GitHub\Door-Control/mbed/TARGET_NUCLEO_F401RE/TOOLCHAIN_GCC_ARM/stm32f4xx_hal_uart.o
LOAD D:\MyDocuments\GitHub\Door-Control/mbed/TARGET_NUCLEO_F401RE/TOOLCHAIN_GCC_ARM/stm32f4xx_hal_dcmi.o
LOAD D:\MyDocuments\GitHub\Door-Control/mbed/TARGET_NUCLEO_F401RE/TOOLCHAIN_GCC_ARM/stm32f4xx_hal_dac.o
LOAD D:\MyDocuments\GitHub\Door-Control/mbed/TARGET_NUCLEO_F401RE/TOOLCHAIN_GCC_ARM/stm32f4xx_hal_dac_ex.o
LOAD D:\MyDocuments\GitHub\Door-Control/mbed/TARGET_NUCLEO_F401RE/TOOLCHAIN_GCC_ARM/stm32f4xx_hal_sram.o
LOAD D:\MyDocuments\GitHub\Door-Control/mbed/TARGET_NUCLEO_F401RE/TOOLCHAIN_GCC_ARM/stm32f4xx_hal_pcd.o
LOAD D:\MyDocuments\GitHub\Door-Control/mbed/TARGET_NUCLEO_F401RE/TOOLCHAIN_GCC_ARM/stm32f4xx_hal_flash_ramfunc.o
LOAD D:\MyDocuments\GitHub\Door-Control/mbed/TARGET_NUCLEO_F401RE/TOOLCHAIN_GCC_ARM/stm32f4xx_hal_pccard.o
LOAD D:\MyDocuments\GitHub\Door-Control/mbed/TARGET_NUCLEO_F401RE/TOOLCHAIN_GCC_ARM/hal_tick.o
LOAD D:\MyDocuments\GitHub\Door-Control/mbed/TARGET_NUCLEO_F401RE/TOOLCHAIN_GCC_ARM/stm32f4xx_hal_tim_ex.o
LOAD D:\MyDocuments\GitHub\Door-Control/mbed/TARGET_NUCLEO_F401RE/TOOLCHAIN_GCC_ARM/stm32f4xx_hal_i2c.o
LOAD D:\MyDocuments\GitHub\Door-Control/mbed/TARGET_NUCLEO_F401RE/TOOLCHAIN_GCC_ARM/stm32f4xx_hal_sdram.o
LOAD D:\MyDocuments\GitHub\Door-Control/mbed/TARGET_NUCLEO_F401RE/TOOLCHAIN_GCC_ARM/stm32f4xx_hal_rtc_ex.o
LOAD D:\MyDocuments\GitHub\Door-Control/mbed/TARGET_NUCLEO_F401RE/TOOLCHAIN_GCC_ARM/stm32f4xx_hal_hcd.o
LOAD D:\MyDocuments\GitHub\Door-Control/mbed/TARGET_NUCLEO_F401RE/TOOLCHAIN_GCC_ARM/stm32f4xx_hal_pwr.o
LOAD D:\MyDocuments\GitHub\Door-Control/mbed/TARGET_NUCLEO_F401RE/TOOLCHAIN_GCC_ARM/stm32f4xx_hal_rtc.o

.text           0x08000000     0x8184
 *(.isr_vector)
 .isr_vector    0x08000000      0x18c D:\MyDocuments\GitHub\Door-Control/mbed/TARGET_NUCLEO_F401RE/TOOLCHAIN_GCC_ARM/startup_STM32F40x.o
                0x08000000                __isr_vector
 *(.text*)
 .text          0x0800018c       0x5c d:/program files (x86)/gnu tools arm embedded/4.9 2014q4/bin/../lib/gcc/arm-none-eabi/4.9.3/armv7e-m/softfp/crtbegin.o
 .text          0x080001e8       0x74 d:/program files (x86)/gnu tools arm embedded/4.9 2014q4/bin/../lib/gcc/arm-none-eabi/4.9.3/../../../../arm-none-eabi/lib/armv7e-m/softfp/crt0.o
                0x080001e8                _start
                0x080001e8                _mainCRTStartup
 .text._ZN4mbed10FileHandle4flenEv
                0x0800025c       0x38 D:\MyDocuments\GitHub\Door-Control/mbed/TARGET_NUCLEO_F401RE/TOOLCHAIN_GCC_ARM/retarget.o
                0x0800025c                mbed::FileHandle::flen()
 .text._ZN4mbed10FileHandleD2Ev
                0x08000294       0x40 D:\MyDocuments\GitHub\Door-Control/mbed/TARGET_NUCLEO_F401RE/TOOLCHAIN_GCC_ARM/retarget.o
                0x08000294                mbed::FileHandle::~FileHandle()
                0x08000294                mbed::FileHandle::~FileHandle()
 .text._ZN4mbed10FileHandleD0Ev
                0x080002d4       0x48 D:\MyDocuments\GitHub\Door-Control/mbed/TARGET_NUCLEO_F401RE/TOOLCHAIN_GCC_ARM/retarget.o
                0x080002d4                mbed::FileHandle::~FileHandle()
 .text._ZL11init_serialv
                0x0800031c       0x1c D:\MyDocuments\GitHub\Door-Control/mbed/TARGET_NUCLEO_F401RE/TOOLCHAIN_GCC_ARM/retarget.o
 .text._open    0x08000338       0xe0 D:\MyDocuments\GitHub\Door-Control/mbed/TARGET_NUCLEO_F401RE/TOOLCHAIN_GCC_ARM/retarget.o
                0x08000338                _open
 .text._close   0x08000418       0x2c D:\MyDocuments\GitHub\Door-Control/mbed/TARGET_NUCLEO_F401RE/TOOLCHAIN_GCC_ARM/retarget.o
                0x08000418                _close
 .text._write   0x08000444       0x8c D:\MyDocuments\GitHub\Door-Control/mbed/TARGET_NUCLEO_F401RE/TOOLCHAIN_GCC_ARM/retarget.o
                0x08000444                _write
 .text._read    0x080004d0       0x4c D:\MyDocuments\GitHub\Door-Control/mbed/TARGET_NUCLEO_F401RE/TOOLCHAIN_GCC_ARM/retarget.o
                0x080004d0                _read
 .text._isatty  0x0800051c       0x28 D:\MyDocuments\GitHub\Door-Control/mbed/TARGET_NUCLEO_F401RE/TOOLCHAIN_GCC_ARM/retarget.o
                0x0800051c                _isatty
 .text._lseek   0x08000544       0x28 D:\MyDocuments\GitHub\Door-Control/mbed/TARGET_NUCLEO_F401RE/TOOLCHAIN_GCC_ARM/retarget.o
                0x08000544                _lseek
 .text._fstat   0x0800056c       0x20 D:\MyDocuments\GitHub\Door-Control/mbed/TARGET_NUCLEO_F401RE/TOOLCHAIN_GCC_ARM/retarget.o
                0x0800056c                _fstat
 .text.__cxa_pure_virtual
                0x0800058c        0x8 D:\MyDocuments\GitHub\Door-Control/mbed/TARGET_NUCLEO_F401RE/TOOLCHAIN_GCC_ARM/retarget.o
                0x0800058c                __cxa_pure_virtual
 .text.mbed_main
                0x08000594        0x4 D:\MyDocuments\GitHub\Door-Control/mbed/TARGET_NUCLEO_F401RE/TOOLCHAIN_GCC_ARM/retarget.o
                0x08000594                mbed_main
 .text.__wrap_main
                0x08000598       0x14 D:\MyDocuments\GitHub\Door-Control/mbed/TARGET_NUCLEO_F401RE/TOOLCHAIN_GCC_ARM/retarget.o
                0x08000598                __wrap_main
 .text._sbrk    0x080005ac       0x2c D:\MyDocuments\GitHub\Door-Control/mbed/TARGET_NUCLEO_F401RE/TOOLCHAIN_GCC_ARM/retarget.o
                0x080005ac                _sbrk
 .text          0x080005d8       0x44 D:\MyDocuments\GitHub\Door-Control/mbed/TARGET_NUCLEO_F401RE/TOOLCHAIN_GCC_ARM/startup_STM32F40x.o
                0x080005d8                Reset_Handler
                0x08000608                NMI_Handler
                0x0800060a                HardFault_Handler
                0x0800060c                MemManage_Handler
                0x0800060e                BusFault_Handler
                0x08000610                UsageFault_Handler
                0x08000612                SVC_Handler
                0x08000614                DebugMon_Handler
                0x08000616                PendSV_Handler
                0x08000618                SysTick_Handler
                0x0800061a                TAMP_STAMP_IRQHandler
                0x0800061a                SDIO_IRQHandler
                0x0800061a                PVD_IRQHandler
                0x0800061a                DMA2_Stream5_IRQHandler
                0x0800061a                EXTI3_IRQHandler
                0x0800061a                TIM1_UP_TIM10_IRQHandler
                0x0800061a                I2C3_ER_IRQHandler
                0x0800061a                EXTI0_IRQHandler
                0x0800061a                I2C2_EV_IRQHandler
                0x0800061a                DMA1_Stream2_IRQHandler
                0x0800061a                FPU_IRQHandler
                0x0800061a                TIM1_CC_IRQHandler
                0x0800061a                DMA2_Stream2_IRQHandler
                0x0800061a                SPI1_IRQHandler
                0x0800061a                SPI4_IRQHandler
                0x0800061a                DMA2_Stream3_IRQHandler
                0x0800061a                USART6_IRQHandler
                0x0800061a                DMA1_Stream5_IRQHandler
                0x0800061a                DMA2_Stream0_IRQHandler
                0x0800061a                TIM4_IRQHandler
                0x0800061a                I2C1_EV_IRQHandler
                0x0800061a                DMA1_Stream6_IRQHandler
                0x0800061a                DMA1_Stream1_IRQHandler
                0x0800061a                TIM3_IRQHandler
                0x0800061a                RCC_IRQHandler
                0x0800061a                Default_Handler
                0x0800061a                EXTI15_10_IRQHandler
                0x0800061a                ADC_IRQHandler
                0x0800061a                DMA1_Stream7_IRQHandler
                0x0800061a                TIM5_IRQHandler
                0x0800061a                DMA2_Stream7_IRQHandler
                0x0800061a                I2C3_EV_IRQHandler
                0x0800061a                EXTI9_5_IRQHandler
                0x0800061a                RTC_WKUP_IRQHandler
                0x0800061a                SPI2_IRQHandler
                0x0800061a                EXTI2_IRQHandler
                0x0800061a                DMA1_Stream0_IRQHandler
                0x0800061a                TIM1_BRK_TIM9_IRQHandler
                0x0800061a                EXTI4_IRQHandler
                0x0800061a                WWDG_IRQHandler
                0x0800061a                TIM2_IRQHandler
                0x0800061a                DEF_IRQHandler
                0x0800061a                OTG_FS_WKUP_IRQHandler
                0x0800061a                TIM1_TRG_COM_TIM11_IRQHandler
                0x0800061a                EXTI1_IRQHandler
                0x0800061a                USART2_IRQHandler
                0x0800061a                I2C2_ER_IRQHandler
                0x0800061a                DMA2_Stream1_IRQHandler
                0x0800061a                FLASH_IRQHandler
                0x0800061a                DMA2_Stream4_IRQHandler
                0x0800061a                RTC_Alarm_IRQHandler
                0x0800061a                USART1_IRQHandler
                0x0800061a                OTG_FS_IRQHandler
                0x0800061a                SPI3_IRQHandler
                0x0800061a                DMA1_Stream4_IRQHandler
                0x0800061a                I2C1_ER_IRQHandler
                0x0800061a                DMA2_Stream6_IRQHandler
                0x0800061a                DMA1_Stream3_IRQHandler
 .text.HAL_NVIC_SetPriorityGrouping
                0x0800061c       0x24 D:\MyDocuments\GitHub\Door-Control/mbed/TARGET_NUCLEO_F401RE/TOOLCHAIN_GCC_ARM/stm32f4xx_hal_cortex.o
                0x0800061c                HAL_NVIC_SetPriorityGrouping
 .text.mbed_die
                0x08000640       0x14 D:\MyDocuments\GitHub\Door-Control/mbed/TARGET_NUCLEO_F401RE/TOOLCHAIN_GCC_ARM/board.o
                0x08000640                mbed_die
 .text.HAL_TIM_OC_MspInit
                0x08000654        0x4 D:\MyDocuments\GitHub\Door-Control/mbed/TARGET_NUCLEO_F401RE/TOOLCHAIN_GCC_ARM/stm32f4xx_hal_tim.o
                0x08000654                HAL_TIM_OC_MspInit
 .text.HAL_TIM_OC_Start
                0x08000658       0x38 D:\MyDocuments\GitHub\Door-Control/mbed/TARGET_NUCLEO_F401RE/TOOLCHAIN_GCC_ARM/stm32f4xx_hal_tim.o
                0x08000658                HAL_TIM_OC_Start
 .text.TIM_Base_SetConfig
                0x08000690       0xac D:\MyDocuments\GitHub\Door-Control/mbed/TARGET_NUCLEO_F401RE/TOOLCHAIN_GCC_ARM/stm32f4xx_hal_tim.o
                0x08000690                TIM_Base_SetConfig
 .text.HAL_TIM_OC_Init
                0x0800073c       0x30 D:\MyDocuments\GitHub\Door-Control/mbed/TARGET_NUCLEO_F401RE/TOOLCHAIN_GCC_ARM/stm32f4xx_hal_tim.o
                0x0800073c                HAL_TIM_OC_Init
 .text.HAL_IWDG_MspInit
                0x0800076c        0x4 D:\MyDocuments\GitHub\Door-Control/mbed/TARGET_NUCLEO_F401RE/TOOLCHAIN_GCC_ARM/stm32f4xx_hal_iwdg.o
                0x0800076c                HAL_IWDG_MspInit
 .text.HAL_IWDG_Init
                0x08000770       0x44 D:\MyDocuments\GitHub\Door-Control/mbed/TARGET_NUCLEO_F401RE/TOOLCHAIN_GCC_ARM/stm32f4xx_hal_iwdg.o
                0x08000770                HAL_IWDG_Init
 .text.HAL_IWDG_Start
                0x080007b4       0x30 D:\MyDocuments\GitHub\Door-Control/mbed/TARGET_NUCLEO_F401RE/TOOLCHAIN_GCC_ARM/stm32f4xx_hal_iwdg.o
                0x080007b4                HAL_IWDG_Start
 .text.HAL_IWDG_Refresh
                0x080007e4       0x50 D:\MyDocuments\GitHub\Door-Control/mbed/TARGET_NUCLEO_F401RE/TOOLCHAIN_GCC_ARM/stm32f4xx_hal_iwdg.o
                0x080007e4                HAL_IWDG_Refresh
 .text.HAL_IWDG_GetState
                0x08000834        0x4 D:\MyDocuments\GitHub\Door-Control/mbed/TARGET_NUCLEO_F401RE/TOOLCHAIN_GCC_ARM/stm32f4xx_hal_iwdg.o
                0x08000834                HAL_IWDG_GetState
 .text.NVIC_SetVector
                0x08000838       0x54 D:\MyDocuments\GitHub\Door-Control/mbed/TARGET_NUCLEO_F401RE/TOOLCHAIN_GCC_ARM/cmsis_nvic.o
                0x08000838                NVIC_SetVector
 .text.HAL_RCC_OscConfig
                0x0800088c      0x3e4 D:\MyDocuments\GitHub\Door-Control/mbed/TARGET_NUCLEO_F401RE/TOOLCHAIN_GCC_ARM/stm32f4xx_hal_rcc.o
                0x0800088c                HAL_RCC_OscConfig
 .text.HAL_RCC_ClockConfig
                0x08000c70      0x1e8 D:\MyDocuments\GitHub\Door-Control/mbed/TARGET_NUCLEO_F401RE/TOOLCHAIN_GCC_ARM/stm32f4xx_hal_rcc.o
                0x08000c70                HAL_RCC_ClockConfig
 .text.HAL_RCC_GetSysClockFreq
                0x08000e58       0xbc D:\MyDocuments\GitHub\Door-Control/mbed/TARGET_NUCLEO_F401RE/TOOLCHAIN_GCC_ARM/stm32f4xx_hal_rcc.o
                0x08000e58                HAL_RCC_GetSysClockFreq
 .text.HAL_RCC_GetHCLKFreq
                0x08000f14       0x40 D:\MyDocuments\GitHub\Door-Control/mbed/TARGET_NUCLEO_F401RE/TOOLCHAIN_GCC_ARM/stm32f4xx_hal_rcc.o
                0x08000f14                HAL_RCC_GetHCLKFreq
 .text.HAL_RCC_GetPCLK1Freq
                0x08000f54       0x38 D:\MyDocuments\GitHub\Door-Control/mbed/TARGET_NUCLEO_F401RE/TOOLCHAIN_GCC_ARM/stm32f4xx_hal_rcc.o
                0x08000f54                HAL_RCC_GetPCLK1Freq
 .text.HAL_RCC_GetPCLK2Freq
                0x08000f8c       0x38 D:\MyDocuments\GitHub\Door-Control/mbed/TARGET_NUCLEO_F401RE/TOOLCHAIN_GCC_ARM/stm32f4xx_hal_rcc.o
                0x08000f8c                HAL_RCC_GetPCLK2Freq
 .text.mbed_sdk_init
                0x08000fc4       0x10 D:\MyDocuments\GitHub\Door-Control/mbed/TARGET_NUCLEO_F401RE/TOOLCHAIN_GCC_ARM/mbed_overrides.o
                0x08000fc4                mbed_sdk_init
 .text.HAL_SPI_MspInit
                0x08000fd4        0x4 D:\MyDocuments\GitHub\Door-Control/mbed/TARGET_NUCLEO_F401RE/TOOLCHAIN_GCC_ARM/stm32f4xx_hal_spi.o
                0x08000fd4                HAL_SPI_MspInit
 .text.HAL_SPI_Init
                0x08000fd8       0xa0 D:\MyDocuments\GitHub\Door-Control/mbed/TARGET_NUCLEO_F401RE/TOOLCHAIN_GCC_ARM/stm32f4xx_hal_spi.o
                0x08000fd8                HAL_SPI_Init
 .text.HAL_GPIO_Init
                0x08001078      0x2b0 D:\MyDocuments\GitHub\Door-Control/mbed/TARGET_NUCLEO_F401RE/TOOLCHAIN_GCC_ARM/stm32f4xx_hal_gpio.o
                0x08001078                HAL_GPIO_Init
 .text.HAL_MspInit
                0x08001328        0x4 D:\MyDocuments\GitHub\Door-Control/mbed/TARGET_NUCLEO_F401RE/TOOLCHAIN_GCC_ARM/stm32f4xx_hal.o
                0x08001328                HAL_MspInit
 .text.HAL_Init
                0x0800132c       0x38 D:\MyDocuments\GitHub\Door-Control/mbed/TARGET_NUCLEO_F401RE/TOOLCHAIN_GCC_ARM/stm32f4xx_hal.o
                0x0800132c                HAL_Init
 .text.HAL_IncTick
                0x08001364       0x10 D:\MyDocuments\GitHub\Door-Control/mbed/TARGET_NUCLEO_F401RE/TOOLCHAIN_GCC_ARM/stm32f4xx_hal.o
                0x08001364                HAL_IncTick
 .text.HAL_GetTick
                0x08001374        0xc D:\MyDocuments\GitHub\Door-Control/mbed/TARGET_NUCLEO_F401RE/TOOLCHAIN_GCC_ARM/stm32f4xx_hal.o
                0x08001374                HAL_GetTick
 .text.SystemCoreClockUpdate
                0x08001380       0x94 D:\MyDocuments\GitHub\Door-Control/mbed/TARGET_NUCLEO_F401RE/TOOLCHAIN_GCC_ARM/system_stm32f4xx.o
                0x08001380                SystemCoreClockUpdate
 .text.SetSysClock_PLL_HSE
                0x08001414       0x84 D:\MyDocuments\GitHub\Door-Control/mbed/TARGET_NUCLEO_F401RE/TOOLCHAIN_GCC_ARM/system_stm32f4xx.o
                0x08001414                SetSysClock_PLL_HSE
 .text.SetSysClock_PLL_HSI
                0x08001498       0x80 D:\MyDocuments\GitHub\Door-Control/mbed/TARGET_NUCLEO_F401RE/TOOLCHAIN_GCC_ARM/system_stm32f4xx.o
                0x08001498                SetSysClock_PLL_HSI
 .text.SetSysClock
                0x08001518       0x20 D:\MyDocuments\GitHub\Door-Control/mbed/TARGET_NUCLEO_F401RE/TOOLCHAIN_GCC_ARM/system_stm32f4xx.o
                0x08001518                SetSysClock
 .text.SystemInit
                0x08001538       0x7c D:\MyDocuments\GitHub\Door-Control/mbed/TARGET_NUCLEO_F401RE/TOOLCHAIN_GCC_ARM/system_stm32f4xx.o
                0x08001538                SystemInit
 .text.UART_SetConfig
                0x080015b4      0x220 D:\MyDocuments\GitHub\Door-Control/mbed/TARGET_NUCLEO_F401RE/TOOLCHAIN_GCC_ARM/stm32f4xx_hal_uart.o
 .text.HAL_UART_MspInit
                0x080017d4        0x4 D:\MyDocuments\GitHub\Door-Control/mbed/TARGET_NUCLEO_F401RE/TOOLCHAIN_GCC_ARM/stm32f4xx_hal_uart.o
                0x080017d4                HAL_UART_MspInit
 .text.HAL_UART_Init
                0x080017d8       0x58 D:\MyDocuments\GitHub\Door-Control/mbed/TARGET_NUCLEO_F401RE/TOOLCHAIN_GCC_ARM/stm32f4xx_hal_uart.o
                0x080017d8                HAL_UART_Init
 .text.timer_irq_handler
                0x08001830       0x50 D:\MyDocuments\GitHub\Door-Control/mbed/TARGET_NUCLEO_F401RE/TOOLCHAIN_GCC_ARM/hal_tick.o
                0x08001830                timer_irq_handler
 .text.HAL_InitTick
                0x08001880       0xb4 D:\MyDocuments\GitHub\Door-Control/mbed/TARGET_NUCLEO_F401RE/TOOLCHAIN_GCC_ARM/hal_tick.o
                0x08001880                HAL_InitTick
 .text.HAL_PWR_EnableBkUpAccess
                0x08001934        0xc D:\MyDocuments\GitHub\Door-Control/mbed/TARGET_NUCLEO_F401RE/TOOLCHAIN_GCC_ARM/stm32f4xx_hal_pwr.o
                0x08001934                HAL_PWR_EnableBkUpAccess
 .text.HAL_RTC_MspInit
                0x08001940        0x4 D:\MyDocuments\GitHub\Door-Control/mbed/TARGET_NUCLEO_F401RE/TOOLCHAIN_GCC_ARM/stm32f4xx_hal_rtc.o
                0x08001940                HAL_RTC_MspInit
 .text.HAL_RTC_GetTime
                0x08001944       0x6c D:\MyDocuments\GitHub\Door-Control/mbed/TARGET_NUCLEO_F401RE/TOOLCHAIN_GCC_ARM/stm32f4xx_hal_rtc.o
                0x08001944                HAL_RTC_GetTime
 .text.HAL_RTC_GetDate
                0x080019b0       0x5c D:\MyDocuments\GitHub\Door-Control/mbed/TARGET_NUCLEO_F401RE/TOOLCHAIN_GCC_ARM/stm32f4xx_hal_rtc.o
                0x080019b0                HAL_RTC_GetDate
 .text.HAL_RTC_WaitForSynchro
                0x08001a0c       0x34 D:\MyDocuments\GitHub\Door-Control/mbed/TARGET_NUCLEO_F401RE/TOOLCHAIN_GCC_ARM/stm32f4xx_hal_rtc.o
                0x08001a0c                HAL_RTC_WaitForSynchro
 .text.RTC_EnterInitMode
                0x08001a40       0x34 D:\MyDocuments\GitHub\Door-Control/mbed/TARGET_NUCLEO_F401RE/TOOLCHAIN_GCC_ARM/stm32f4xx_hal_rtc.o
                0x08001a40                RTC_EnterInitMode
 .text.HAL_RTC_Init
                0x08001a74       0x90 D:\MyDocuments\GitHub\Door-Control/mbed/TARGET_NUCLEO_F401RE/TOOLCHAIN_GCC_ARM/stm32f4xx_hal_rtc.o
                0x08001a74                HAL_RTC_Init
 .text.HAL_RTC_SetDate
                0x08001b04      0x18c D:\MyDocuments\GitHub\Door-Control/mbed/TARGET_NUCLEO_F401RE/TOOLCHAIN_GCC_ARM/stm32f4xx_hal_rtc.o
                0x08001b04                HAL_RTC_SetDate
 .text.HAL_RTC_SetTime
                0x08001c90      0x1b4 D:\MyDocuments\GitHub\Door-Control/mbed/TARGET_NUCLEO_F401RE/TOOLCHAIN_GCC_ARM/stm32f4xx_hal_rtc.o
                0x08001c90                HAL_RTC_SetTime
 .text._ZN4mbed10SerialBaseD2Ev
                0x08001e44        0x2 ..\obj\main.o
                0x08001e44                mbed::SerialBase::~SerialBase()
                0x08001e44                mbed::SerialBase::~SerialBase()
 *fill*         0x08001e46        0x2 
 .text.gpio_write
                0x08001e48       0x30 ..\obj\main.o
 .text._ZN4mbed6SerialD2Ev
                0x08001e78       0x20 ..\obj\main.o
                0x08001e78                mbed::Serial::~Serial()
                0x08001e78                mbed::Serial::~Serial()
 .text._ZN4mbed6SerialD1Ev
                0x08001e98       0x10 ..\obj\main.o
                0x08001e98                non-virtual thunk to mbed::Serial::~Serial()
                0x08001ea0                non-virtual thunk to mbed::Serial::~Serial()
 .text._ZN4mbed10SerialBaseD0Ev
                0x08001ea8        0xc ..\obj\main.o
                0x08001ea8                mbed::SerialBase::~SerialBase()
 .text._ZN4mbed10DigitalOutC2E7PinNamei
                0x08001eb4       0x1e ..\obj\main.o
                0x08001eb4                mbed::DigitalOut::DigitalOut(PinName, int)
                0x08001eb4                mbed::DigitalOut::DigitalOut(PinName, int)
 *fill*         0x08001ed2        0x2 
 .text._Z15f_ethernet_initv
                0x08001ed4      0x108 ..\obj\main.o
                0x08001ed4                f_ethernet_init()
 .text._Z12check_streamPc
                0x08001fdc       0x9c ..\obj\main.o
                0x08001fdc                check_stream(char*)
 .text._Z13egress_buttonv
                0x08002078       0x60 ..\obj\main.o
                0x08002078                egress_button()
 .text._Z13watchdog_initv
                0x080020d8       0x1c ..\obj\main.o
                0x080020d8                watchdog_init()
 .text._Z14watchdog_startv
                0x080020f4        0xc ..\obj\main.o
                0x080020f4                watchdog_start()
 .text._Z16watchdog_refreshv
                0x08002100        0xc ..\obj\main.o
                0x08002100                watchdog_refresh()
 .text._Z15watchdog_statusv
                0x0800210c       0x60 ..\obj\main.o
                0x0800210c                watchdog_status()
 .text.startup.main
                0x0800216c      0x180 ..\obj\main.o
                0x0800216c                main
 .text._ZN4mbed6SerialD0Ev
                0x080022ec       0x1e ..\obj\main.o
                0x080022ec                mbed::Serial::~Serial()
                0x080022fe                non-virtual thunk to mbed::Serial::~Serial()
                0x08002304                non-virtual thunk to mbed::Serial::~Serial()
 *fill*         0x0800230a        0x2 
 .text.startup._GLOBAL__sub_I_eth
                0x0800230c       0xa0 ..\obj\main.o
 .text._ZN15WIZnetInterfaceC2E7PinNameS0_S0_S0_S0_
                0x080023ac       0x20 ..\obj\WIZnetInterface.o
                0x080023ac                WIZnetInterface::WIZnetInterface(PinName, PinName, PinName, PinName, PinName)
                0x080023ac                WIZnetInterface::WIZnetInterface(PinName, PinName, PinName, PinName, PinName)
 .text._ZN15WIZnetInterface4initEPh
                0x080023cc       0x1a ..\obj\WIZnetInterface.o
                0x080023cc                WIZnetInterface::init(unsigned char*)
 *fill*         0x080023e6        0x2 
 .text._ZN15WIZnetInterface13getMACAddressEv
                0x080023e8       0x48 ..\obj\WIZnetInterface.o
                0x080023e8                WIZnetInterface::getMACAddress()
 .text._ZN15WIZnetInterface7IPrenewEi
                0x08002430       0xa8 ..\obj\WIZnetInterface.o
                0x08002430                WIZnetInterface::IPrenew(int)
 .text._ZN15WIZnetInterface7connectEv
                0x080024d8       0x26 ..\obj\WIZnetInterface.o
                0x080024d8                WIZnetInterface::connect()
 .text._ZN11WIZnet_Chip6reg_rdImEET_t
                0x080024fe       0x32 ..\obj\WIZnetInterface.o
                0x080024fe                unsigned long WIZnet_Chip::reg_rd<unsigned long>(unsigned short)
 .text._ZN15WIZnetInterface12getIPAddressEv
                0x08002530       0x34 ..\obj\WIZnetInterface.o
                0x08002530                WIZnetInterface::getIPAddress()
 .text._ZN15WIZnetInterface14getNetworkMaskEv
                0x08002564       0x34 ..\obj\WIZnetInterface.o
                0x08002564                WIZnetInterface::getNetworkMask()
 .text._ZN15WIZnetInterface10getGatewayEv
                0x08002598       0x34 ..\obj\WIZnetInterface.o
                0x08002598                WIZnetInterface::getGateway()
 .text._ZN19TCPSocketConnectionC2Ev
                0x080025cc       0x14 ..\obj\TCPSocketConnection.o
                0x080025cc                TCPSocketConnection::TCPSocketConnection()
                0x080025cc                TCPSocketConnection::TCPSocketConnection()
 .text._ZN19TCPSocketConnection7connectEPKci
                0x080025e0       0x5a ..\obj\TCPSocketConnection.o
                0x080025e0                TCPSocketConnection::connect(char const*, int)
 .text._ZN19TCPSocketConnection12is_connectedEv
                0x0800263a        0xa ..\obj\TCPSocketConnection.o
                0x0800263a                TCPSocketConnection::is_connected()
 .text._ZN19TCPSocketConnection4sendEPci
                0x08002644       0x3c ..\obj\TCPSocketConnection.o
                0x08002644                TCPSocketConnection::send(char*, int)
 .text._ZN19TCPSocketConnection7receiveEPci
                0x08002680       0x3c ..\obj\TCPSocketConnection.o
                0x08002680                TCPSocketConnection::receive(char*, int)
 .text._ZN9DNSClientD2Ev
                0x080026bc       0x20 ..\obj\DNSClient.o
                0x080026bc                DNSClient::~DNSClient()
                0x080026bc                DNSClient::~DNSClient()
 .text._ZN9DNSClientD0Ev
                0x080026dc       0x12 ..\obj\DNSClient.o
                0x080026dc                DNSClient::~DNSClient()
 .text._ZN11pico_stringC2Ev
                0x080026ee       0x18 ..\obj\DNSClient.o
                0x080026ee                pico_string::pico_string()
                0x080026ee                pico_string::pico_string()
 .text._ZN11pico_stringD2Ev
                0x08002706       0x10 ..\obj\DNSClient.o
                0x08002706                pico_string::~pico_string()
                0x08002706                pico_string::~pico_string()
 .text._ZN11pico_string6appendEPKci
                0x08002716       0x44 ..\obj\DNSClient.o
                0x08002716                pico_string::append(char const*, int)
 *fill*         0x0800275a        0x2 
 .text._ZN7dnsname6decodeEi
                0x0800275c       0x54 ..\obj\DNSClient.o
                0x0800275c                dnsname::decode(int)
 .text._ZN9DNSClientC2EPKc
                0x080027b0       0x24 ..\obj\DNSClient.o
                0x080027b0                DNSClient::DNSClient(char const*)
                0x080027b0                DNSClient::DNSClient(char const*)
 .text._ZN9DNSClient8responseEPhi
                0x080027d4       0xa6 ..\obj\DNSClient.o
                0x080027d4                DNSClient::response(unsigned char*, int)
 .text._ZN9DNSClient8callbackEv
                0x0800287a       0x50 ..\obj\DNSClient.o
                0x0800287a                DNSClient::callback()
 *fill*         0x080028ca        0x2 
 .text._ZN9DNSClient5queryEPhiPKc
                0x080028cc       0xbc ..\obj\DNSClient.o
                0x080028cc                DNSClient::query(unsigned char*, int, char const*)
 .text._ZN9DNSClient7resolveEPKc
                0x08002988       0x84 ..\obj\DNSClient.o
                0x08002988                DNSClient::resolve(char const*)
 .text._ZN9DNSClient4pollEv
                0x08002a0c       0x4c ..\obj\DNSClient.o
                0x08002a0c                DNSClient::poll()
 .text._ZN9DNSClient6lookupEPKc
                0x08002a58       0x28 ..\obj\DNSClient.o
                0x08002a58                DNSClient::lookup(char const*)
 .text._ZN9UDPSocketC2Ev
                0x08002a80        0xc ..\obj\UDPSocket.o
                0x08002a80                UDPSocket::UDPSocket()
                0x08002a80                UDPSocket::UDPSocket()
 .text._ZN9UDPSocket4initEv
                0x08002a8c       0x26 ..\obj\UDPSocket.o
                0x08002a8c                UDPSocket::init()
 *fill*         0x08002ab2        0x2 
 .text._ZN9UDPSocket12readEndpointER8EndpointPh
                0x08002ab4       0x38 ..\obj\UDPSocket.o
                0x08002ab4                UDPSocket::readEndpoint(Endpoint&, unsigned char*)
 .text._ZN9UDPSocket11receiveFromER8EndpointPci
                0x08002aec       0x5e ..\obj\UDPSocket.o
                0x08002aec                UDPSocket::receiveFrom(Endpoint&, char*, int)
 .text._ZN11WIZnet_Chip4sregItEEvitT_
                0x08002b4a       0x1e ..\obj\UDPSocket.o
                0x08002b4a                void WIZnet_Chip::sreg<unsigned short>(int, unsigned short, unsigned short)
 .text._ZN9UDPSocket4bindEi
                0x08002b68       0x60 ..\obj\UDPSocket.o
                0x08002b68                UDPSocket::bind(int)
 .text._ZN9UDPSocket12confEndpointER8Endpoint
                0x08002bc8       0x72 ..\obj\UDPSocket.o
                0x08002bc8                UDPSocket::confEndpoint(Endpoint&)
 .text._ZN9UDPSocket6sendToER8EndpointPci
                0x08002c3a       0x46 ..\obj\UDPSocket.o
                0x08002c3a                UDPSocket::sendTo(Endpoint&, char*, int)
 .text._ZN6SocketC2Ev
                0x08002c80       0x2c ..\obj\Socket.o
                0x08002c80                Socket::Socket()
                0x08002c80                Socket::Socket()
 .text._ZN6Socket12set_blockingEbj
                0x08002cac        0x6 ..\obj\Socket.o
                0x08002cac                Socket::set_blocking(bool, unsigned int)
 .text._ZN6Socket5closeEv
                0x08002cb2       0x16 ..\obj\Socket.o
                0x08002cb2                Socket::close()
 .text._ZN6SocketD2Ev
                0x08002cc8        0xc ..\obj\Socket.o
                0x08002cc8                Socket::~Socket()
                0x08002cc8                Socket::~Socket()
 .text._ZN10DHCPClient5offerEPhi
                0x08002cd4       0x76 ..\obj\DHCPClient.o
                0x08002cd4                DHCPClient::offer(unsigned char*, int)
 .text._ZN10DHCPClient6verifyEPhi
                0x08002d4a       0x26 ..\obj\DHCPClient.o
                0x08002d4a                DHCPClient::verify(unsigned char*, int)
 .text._ZN10DHCPClient7add_bufEPhi
                0x08002d70       0x22 ..\obj\DHCPClient.o
                0x08002d70                DHCPClient::add_buf(unsigned char*, int)
 .text._ZN10DHCPClient8fill_bufEih
                0x08002d92       0x1c ..\obj\DHCPClient.o
                0x08002d92                DHCPClient::fill_buf(int, unsigned char)
 *fill*         0x08002dae        0x2 
 .text._ZN10DHCPClient8discoverEv
                0x08002db0       0xa8 ..\obj\DHCPClient.o
                0x08002db0                DHCPClient::discover()
 .text._ZN10DHCPClient10add_optionEhPhi
                0x08002e58       0x32 ..\obj\DHCPClient.o
                0x08002e58                DHCPClient::add_option(unsigned char, unsigned char*, int)
 *fill*         0x08002e8a        0x2 
 .text._ZN10DHCPClient7requestEv
                0x08002e8c       0xc0 ..\obj\DHCPClient.o
                0x08002e8c                DHCPClient::request()
 .text._ZN10DHCPClient8callbackEv
                0x08002f4c       0x66 ..\obj\DHCPClient.o
                0x08002f4c                DHCPClient::callback()
 *fill*         0x08002fb2        0x2 
 .text._ZN10DHCPClient5setupEi
                0x08002fb4      0x110 ..\obj\DHCPClient.o
                0x08002fb4                DHCPClient::setup(int)
 .text._ZN10DHCPClientC2Ev
                0x080030c4       0x16 ..\obj\DHCPClient.o
                0x080030c4                DHCPClient::DHCPClient()
                0x080030c4                DHCPClient::DHCPClient()
 *fill*         0x080030da        0x2 
 .text.gpio_write
                0x080030dc       0x30 ..\obj\W5100.o
 .text._ZN4mbed10DigitalOutC2E7PinName
                0x0800310c       0x1a ..\obj\W5100.o
                0x0800310c                mbed::DigitalOut::DigitalOut(PinName)
                0x0800310c                mbed::DigitalOut::DigitalOut(PinName)
 *fill*         0x08003126        0x2 
 .text._ZN11WIZnet_ChipC2E7PinNameS0_S0_S0_S0_
                0x08003128       0x78 ..\obj\W5100.o
                0x08003128                WIZnet_Chip::WIZnet_Chip(PinName, PinName, PinName, PinName, PinName)
                0x08003128                WIZnet_Chip::WIZnet_Chip(PinName, PinName, PinName, PinName, PinName)
 .text._ZN11WIZnet_Chip9spi_writeEtPKht
                0x080031a0       0x5e ..\obj\W5100.o
                0x080031a0                WIZnet_Chip::spi_write(unsigned short, unsigned char const*, unsigned short)
 .text._ZN11WIZnet_Chip8spi_readEtPht
                0x080031fe       0x60 ..\obj\W5100.o
                0x080031fe                WIZnet_Chip::spi_read(unsigned short, unsigned char*, unsigned short)
 .text._Z9str_to_ipPKc
                0x0800325e       0x2a ..\obj\W5100.o
                0x0800325e                str_to_ip(char const*)
 .text._ZN11WIZnet_Chip6reg_wrImEEvtT_
                0x08003288       0x2a ..\obj\W5100.o
                0x08003288                void WIZnet_Chip::reg_wr<unsigned long>(unsigned short, unsigned long)
 .text._ZN11WIZnet_Chip5setipEv
                0x080032b2       0x24 ..\obj\W5100.o
                0x080032b2                WIZnet_Chip::setip()
 .text._ZN11WIZnet_Chip6reg_wrIhEEvtT_
                0x080032d6       0x16 ..\obj\W5100.o
                0x080032d6                void WIZnet_Chip::reg_wr<unsigned char>(unsigned short, unsigned char)
 .text._ZN11WIZnet_Chip5resetEv
                0x080032ec       0x46 ..\obj\W5100.o
                0x080032ec                WIZnet_Chip::reset()
 .text._ZN11WIZnet_Chip11setProtocolEi8Protocol
                0x08003332       0x1c ..\obj\W5100.o
                0x08003332                WIZnet_Chip::setProtocol(int, Protocol)
 .text._ZN11WIZnet_Chip4sregItEET_it
                0x0800334e       0x2a ..\obj\W5100.o
                0x0800334e                unsigned short WIZnet_Chip::sreg<unsigned short>(int, unsigned short)
 .text._ZN11WIZnet_Chip13wait_readableEiii
                0x08003378       0x6a ..\obj\W5100.o
                0x08003378                WIZnet_Chip::wait_readable(int, int, int)
 .text._ZN11WIZnet_Chip14wait_writeableEiii
                0x080033e2       0x4a ..\obj\W5100.o
                0x080033e2                WIZnet_Chip::wait_writeable(int, int, int)
 .text._ZN11WIZnet_Chip6reg_rdIhEET_t
                0x0800342c       0x14 ..\obj\W5100.o
                0x0800342c                unsigned char WIZnet_Chip::reg_rd<unsigned char>(unsigned short)
 .text._ZN11WIZnet_Chip4scmdEi7Command
                0x08003440       0x20 ..\obj\W5100.o
                0x08003440                WIZnet_Chip::scmd(int, Command)
 .text._ZN11WIZnet_Chip5closeEi
                0x08003460       0x3a ..\obj\W5100.o
                0x08003460                WIZnet_Chip::close(int)
 .text._ZN11WIZnet_Chip4sendEiPKci
                0x0800349a       0x88 ..\obj\W5100.o
                0x0800349a                WIZnet_Chip::send(int, char const*, int)
 .text._ZN11WIZnet_Chip4recvEiPci
                0x08003522       0x88 ..\obj\W5100.o
                0x08003522                WIZnet_Chip::recv(int, char*, int)
 .text._ZN11WIZnet_Chip12is_connectedEi
                0x080035aa       0x18 ..\obj\W5100.o
                0x080035aa                WIZnet_Chip::is_connected(int)
 .text._ZN11WIZnet_Chip7connectEiPKcii
                0x080035c2       0xd0 ..\obj\W5100.o
                0x080035c2                WIZnet_Chip::connect(int, char const*, int, int)
 .text._ZN11WIZnet_Chip10new_socketEv
                0x08003692       0x26 ..\obj\W5100.o
                0x08003692                WIZnet_Chip::new_socket()
 .text._ZN11WIZnet_Chip13gethostbynameEPKcPm
                0x080036b8       0x64 ..\obj\W5100.o
                0x080036b8                WIZnet_Chip::gethostbyname(char const*, unsigned long*)
 .text._ZN8EndpointC2Ev
                0x0800371c        0x8 ..\obj\Endpoint.o
                0x0800371c                Endpoint::Endpoint()
                0x0800371c                Endpoint::Endpoint()
 .text._ZN8EndpointD2Ev
                0x08003724        0x2 ..\obj\Endpoint.o
                0x08003724                Endpoint::~Endpoint()
                0x08003724                Endpoint::~Endpoint()
 *fill*         0x08003726        0x2 
 .text._ZN8Endpoint11set_addressEPKci
                0x08003728       0x4c ..\obj\Endpoint.o
                0x08003728                Endpoint::set_address(char const*, int)
 .text._ZN8Endpoint11get_addressEv
                0x08003774        0x2 ..\obj\Endpoint.o
                0x08003774                Endpoint::get_address()
 .text._ZN8Endpoint8get_portEv
                0x08003776        0x4 ..\obj\Endpoint.o
                0x08003776                Endpoint::get_port()
 *fill*         0x0800377a        0x2 
 .text.init_uart
                0x0800377c       0x48 D:\MyDocuments\GitHub\Door-Control/mbed/TARGET_NUCLEO_F401RE/TOOLCHAIN_GCC_ARM\libmbed.a(serial_api.o)
 .text.serial_init
                0x080037c4      0x118 D:\MyDocuments\GitHub\Door-Control/mbed/TARGET_NUCLEO_F401RE/TOOLCHAIN_GCC_ARM\libmbed.a(serial_api.o)
                0x080037c4                serial_init
 .text.serial_irq_handler
                0x080038dc       0x20 D:\MyDocuments\GitHub\Door-Control/mbed/TARGET_NUCLEO_F401RE/TOOLCHAIN_GCC_ARM\libmbed.a(serial_api.o)
                0x080038dc                serial_irq_handler
 .text.serial_getc
                0x080038fc       0x18 D:\MyDocuments\GitHub\Door-Control/mbed/TARGET_NUCLEO_F401RE/TOOLCHAIN_GCC_ARM\libmbed.a(serial_api.o)
                0x080038fc                serial_getc
 .text.serial_putc
                0x08003914       0x18 D:\MyDocuments\GitHub\Door-Control/mbed/TARGET_NUCLEO_F401RE/TOOLCHAIN_GCC_ARM\libmbed.a(serial_api.o)
                0x08003914                serial_putc
 .text._ZN4mbed8FilePathC2EPKc
                0x0800392c       0x54 D:\MyDocuments\GitHub\Door-Control/mbed/TARGET_NUCLEO_F401RE/TOOLCHAIN_GCC_ARM\libmbed.a(FilePath.o)
                0x0800392c                mbed::FilePath::FilePath(char const*)
                0x0800392c                mbed::FilePath::FilePath(char const*)
 .text._ZN4mbed8FilePath8fileNameEv
                0x08003980        0x4 D:\MyDocuments\GitHub\Door-Control/mbed/TARGET_NUCLEO_F401RE/TOOLCHAIN_GCC_ARM\libmbed.a(FilePath.o)
                0x08003980                mbed::FilePath::fileName()
 .text._ZN4mbed8FilePath12isFileSystemEv
                0x08003984       0x14 D:\MyDocuments\GitHub\Door-Control/mbed/TARGET_NUCLEO_F401RE/TOOLCHAIN_GCC_ARM\libmbed.a(FilePath.o)
                0x08003984                mbed::FilePath::isFileSystem()
 .text._ZN4mbed8FilePath10fileSystemEv
                0x08003998       0x10 D:\MyDocuments\GitHub\Door-Control/mbed/TARGET_NUCLEO_F401RE/TOOLCHAIN_GCC_ARM\libmbed.a(FilePath.o)
                0x08003998                mbed::FilePath::fileSystem()
 .text._ZN4mbed8FilePath6isFileEv
                0x080039a8       0x14 D:\MyDocuments\GitHub\Door-Control/mbed/TARGET_NUCLEO_F401RE/TOOLCHAIN_GCC_ARM\libmbed.a(FilePath.o)
                0x080039a8                mbed::FilePath::isFile()
 .text._ZN4mbed8FilePath4fileEv
                0x080039bc       0x14 D:\MyDocuments\GitHub\Door-Control/mbed/TARGET_NUCLEO_F401RE/TOOLCHAIN_GCC_ARM\libmbed.a(FilePath.o)
                0x080039bc                mbed::FilePath::file()
 .text._ZN4mbed8FilePath6existsEv
                0x080039d0        0xc D:\MyDocuments\GitHub\Door-Control/mbed/TARGET_NUCLEO_F401RE/TOOLCHAIN_GCC_ARM\libmbed.a(FilePath.o)
                0x080039d0                mbed::FilePath::exists()
 .text._ZN4mbed6Serial5_putcEi
                0x080039dc        0x4 D:\MyDocuments\GitHub\Door-Control/mbed/TARGET_NUCLEO_F401RE/TOOLCHAIN_GCC_ARM\libmbed.a(Serial.o)
                0x080039dc                mbed::Serial::_putc(int)
 .text._ZThn92_N4mbed6Serial5_putcEi
                0x080039e0        0x8 D:\MyDocuments\GitHub\Door-Control/mbed/TARGET_NUCLEO_F401RE/TOOLCHAIN_GCC_ARM\libmbed.a(Serial.o)
                0x080039e0                non-virtual thunk to mbed::Serial::_putc(int)
 .text._ZN4mbed6Serial5_getcEv
                0x080039e8        0x4 D:\MyDocuments\GitHub\Door-Control/mbed/TARGET_NUCLEO_F401RE/TOOLCHAIN_GCC_ARM\libmbed.a(Serial.o)
                0x080039e8                mbed::Serial::_getc()
 .text._ZThn92_N4mbed6Serial5_getcEv
                0x080039ec        0x8 D:\MyDocuments\GitHub\Door-Control/mbed/TARGET_NUCLEO_F401RE/TOOLCHAIN_GCC_ARM\libmbed.a(Serial.o)
                0x080039ec                non-virtual thunk to mbed::Serial::_getc()
 .text._ZN4mbed6SerialC2E7PinNameS1_PKc
                0x080039f4       0x30 D:\MyDocuments\GitHub\Door-Control/mbed/TARGET_NUCLEO_F401RE/TOOLCHAIN_GCC_ARM\libmbed.a(Serial.o)
                0x080039f4                mbed::Serial::Serial(PinName, PinName, char const*)
                0x080039f4                mbed::Serial::Serial(PinName, PinName, char const*)
 .text._ZN4mbed3SPID2Ev
                0x08003a24        0xc D:\MyDocuments\GitHub\Door-Control/mbed/TARGET_NUCLEO_F401RE/TOOLCHAIN_GCC_ARM\libmbed.a(SPI.o)
                0x08003a24                mbed::SPI::~SPI()
                0x08003a24                mbed::SPI::~SPI()
 .text._ZN4mbed3SPID0Ev
                0x08003a30       0x14 D:\MyDocuments\GitHub\Door-Control/mbed/TARGET_NUCLEO_F401RE/TOOLCHAIN_GCC_ARM\libmbed.a(SPI.o)
                0x08003a30                mbed::SPI::~SPI()
 .text._ZN4mbed3SPIC2E7PinNameS1_S1_S1_
                0x08003a44       0x68 D:\MyDocuments\GitHub\Door-Control/mbed/TARGET_NUCLEO_F401RE/TOOLCHAIN_GCC_ARM\libmbed.a(SPI.o)
                0x08003a44                mbed::SPI::SPI(PinName, PinName, PinName, PinName)
                0x08003a44                mbed::SPI::SPI(PinName, PinName, PinName, PinName)
 .text._ZN4mbed3SPI6aquireEv
                0x08003aac       0x2c D:\MyDocuments\GitHub\Door-Control/mbed/TARGET_NUCLEO_F401RE/TOOLCHAIN_GCC_ARM\libmbed.a(SPI.o)
                0x08003aac                mbed::SPI::aquire()
 .text._ZN4mbed3SPI5writeEi
                0x08003ad8       0x18 D:\MyDocuments\GitHub\Door-Control/mbed/TARGET_NUCLEO_F401RE/TOOLCHAIN_GCC_ARM\libmbed.a(SPI.o)
                0x08003ad8                mbed::SPI::write(int)
 .text._ZN4mbed3SPI9frequencyEi
                0x08003af0       0x14 D:\MyDocuments\GitHub\Door-Control/mbed/TARGET_NUCLEO_F401RE/TOOLCHAIN_GCC_ARM\libmbed.a(SPI.o)
                0x08003af0                mbed::SPI::frequency(int)
 .text._ZN4mbed3SPI6formatEii
                0x08003b04       0x1c D:\MyDocuments\GitHub\Door-Control/mbed/TARGET_NUCLEO_F401RE/TOOLCHAIN_GCC_ARM\libmbed.a(SPI.o)
                0x08003b04                mbed::SPI::format(int, int)
 .text._ZN4mbed6Stream5closeEv
                0x08003b20        0x4 D:\MyDocuments\GitHub\Door-Control/mbed/TARGET_NUCLEO_F401RE/TOOLCHAIN_GCC_ARM\libmbed.a(Stream.o)
                0x08003b20                mbed::Stream::close()
 .text._ZN4mbed6Stream5writeEPKvj
                0x08003b24       0x78 D:\MyDocuments\GitHub\Door-Control/mbed/TARGET_NUCLEO_F401RE/TOOLCHAIN_GCC_ARM\libmbed.a(Stream.o)
                0x08003b24                mbed::Stream::write(void const*, unsigned int)
 .text._ZN4mbed6Stream4readEPvj
                0x08003b9c       0x78 D:\MyDocuments\GitHub\Door-Control/mbed/TARGET_NUCLEO_F401RE/TOOLCHAIN_GCC_ARM\libmbed.a(Stream.o)
                0x08003b9c                mbed::Stream::read(void*, unsigned int)
 .text._ZN4mbed6Stream5lseekEli
                0x08003c14        0x4 D:\MyDocuments\GitHub\Door-Control/mbed/TARGET_NUCLEO_F401RE/TOOLCHAIN_GCC_ARM\libmbed.a(Stream.o)
                0x08003c14                mbed::Stream::lseek(long, int)
 .text._ZN4mbed6Stream6isattyEv
                0x08003c18        0x4 D:\MyDocuments\GitHub\Door-Control/mbed/TARGET_NUCLEO_F401RE/TOOLCHAIN_GCC_ARM\libmbed.a(Stream.o)
                0x08003c18                mbed::Stream::isatty()
 .text._ZN4mbed6Stream5fsyncEv
                0x08003c1c        0x4 D:\MyDocuments\GitHub\Door-Control/mbed/TARGET_NUCLEO_F401RE/TOOLCHAIN_GCC_ARM\libmbed.a(Stream.o)
                0x08003c1c                mbed::Stream::fsync()
 .text._ZN4mbed6Stream4flenEv
                0x08003c20        0x4 D:\MyDocuments\GitHub\Door-Control/mbed/TARGET_NUCLEO_F401RE/TOOLCHAIN_GCC_ARM\libmbed.a(Stream.o)
                0x08003c20                mbed::Stream::flen()
 .text._ZN4mbed6StreamD2Ev
                0x08003c24       0x28 D:\MyDocuments\GitHub\Door-Control/mbed/TARGET_NUCLEO_F401RE/TOOLCHAIN_GCC_ARM\libmbed.a(Stream.o)
                0x08003c24                mbed::Stream::~Stream()
                0x08003c24                mbed::Stream::~Stream()
 .text._ZThn4_N4mbed6StreamD1Ev
                0x08003c4c        0x8 D:\MyDocuments\GitHub\Door-Control/mbed/TARGET_NUCLEO_F401RE/TOOLCHAIN_GCC_ARM\libmbed.a(Stream.o)
                0x08003c4c                non-virtual thunk to mbed::Stream::~Stream()
 .text._ZN4mbed6StreamD0Ev
                0x08003c54       0x14 D:\MyDocuments\GitHub\Door-Control/mbed/TARGET_NUCLEO_F401RE/TOOLCHAIN_GCC_ARM\libmbed.a(Stream.o)
                0x08003c54                mbed::Stream::~Stream()
 .text._ZThn4_N4mbed6StreamD0Ev
                0x08003c68        0x8 D:\MyDocuments\GitHub\Door-Control/mbed/TARGET_NUCLEO_F401RE/TOOLCHAIN_GCC_ARM\libmbed.a(Stream.o)
                0x08003c68                non-virtual thunk to mbed::Stream::~Stream()
 .text._ZN4mbed6StreamC2EPKc
                0x08003c70       0x4c D:\MyDocuments\GitHub\Door-Control/mbed/TARGET_NUCLEO_F401RE/TOOLCHAIN_GCC_ARM\libmbed.a(Stream.o)
                0x08003c70                mbed::Stream::Stream(char const*)
                0x08003c70                mbed::Stream::Stream(char const*)
 .text._ZN4mbed6Stream4putcEi
                0x08003cbc       0x18 D:\MyDocuments\GitHub\Door-Control/mbed/TARGET_NUCLEO_F401RE/TOOLCHAIN_GCC_ARM\libmbed.a(Stream.o)
                0x08003cbc                mbed::Stream::putc(int)
 .text._ZN4mbed6Stream6printfEPKcz
                0x08003cd4       0x2c D:\MyDocuments\GitHub\Door-Control/mbed/TARGET_NUCLEO_F401RE/TOOLCHAIN_GCC_ARM\libmbed.a(Stream.o)
                0x08003cd4                mbed::Stream::printf(char const*, ...)
 .text._ZN4mbed10SerialBase12_irq_handlerEm9SerialIrq
                0x08003d00       0x10 D:\MyDocuments\GitHub\Door-Control/mbed/TARGET_NUCLEO_F401RE/TOOLCHAIN_GCC_ARM\libmbed.a(SerialBase.o)
                0x08003d00                mbed::SerialBase::_irq_handler(unsigned long, SerialIrq)
 .text._ZN4mbed10SerialBaseC2E7PinNameS1_
                0x08003d10       0x5c D:\MyDocuments\GitHub\Door-Control/mbed/TARGET_NUCLEO_F401RE/TOOLCHAIN_GCC_ARM\libmbed.a(SerialBase.o)
                0x08003d10                mbed::SerialBase::SerialBase(PinName, PinName)
                0x08003d10                mbed::SerialBase::SerialBase(PinName, PinName)
 .text._ZN4mbed10SerialBase10_base_getcEv
                0x08003d6c        0x8 D:\MyDocuments\GitHub\Door-Control/mbed/TARGET_NUCLEO_F401RE/TOOLCHAIN_GCC_ARM\libmbed.a(SerialBase.o)
                0x08003d6c                mbed::SerialBase::_base_getc()
 .text._ZN4mbed10SerialBase10_base_putcEi
                0x08003d74       0x10 D:\MyDocuments\GitHub\Door-Control/mbed/TARGET_NUCLEO_F401RE/TOOLCHAIN_GCC_ARM\libmbed.a(SerialBase.o)
                0x08003d74                mbed::SerialBase::_base_putc(int)
 .text.error    0x08003d84       0x24 D:\MyDocuments\GitHub\Door-Control/mbed/TARGET_NUCLEO_F401RE/TOOLCHAIN_GCC_ARM\libmbed.a(error.o)
                0x08003d84                error
 .text.mbed_assert_internal
                0x08003da8       0x30 D:\MyDocuments\GitHub\Door-Control/mbed/TARGET_NUCLEO_F401RE/TOOLCHAIN_GCC_ARM\libmbed.a(assert.o)
                0x08003da8                mbed_assert_internal
 .text.exit     0x08003dd8       0x24 D:\MyDocuments\GitHub\Door-Control/mbed/TARGET_NUCLEO_F401RE/TOOLCHAIN_GCC_ARM\libmbed.a(exit.o)
                0x08003dd8                exit
 .text._ZN4mbed5Timer5startEv
                0x08003dfc       0x14 D:\MyDocuments\GitHub\Door-Control/mbed/TARGET_NUCLEO_F401RE/TOOLCHAIN_GCC_ARM\libmbed.a(Timer.o)
                0x08003dfc                mbed::Timer::start()
 .text._ZN4mbed5Timer9slicetimeEv
                0x08003e10       0x18 D:\MyDocuments\GitHub\Door-Control/mbed/TARGET_NUCLEO_F401RE/TOOLCHAIN_GCC_ARM\libmbed.a(Timer.o)
                0x08003e10                mbed::Timer::slicetime()
 .text._ZN4mbed5Timer7read_usEv
                0x08003e28        0xc D:\MyDocuments\GitHub\Door-Control/mbed/TARGET_NUCLEO_F401RE/TOOLCHAIN_GCC_ARM\libmbed.a(Timer.o)
                0x08003e28                mbed::Timer::read_us()
 .text._ZN4mbed5Timer7read_msEv
                0x08003e34       0x1c D:\MyDocuments\GitHub\Door-Control/mbed/TARGET_NUCLEO_F401RE/TOOLCHAIN_GCC_ARM\libmbed.a(Timer.o)
                0x08003e34                mbed::Timer::read_ms()
 .text._ZN4mbed5Timer4stopEv
                0x08003e50       0x14 D:\MyDocuments\GitHub\Door-Control/mbed/TARGET_NUCLEO_F401RE/TOOLCHAIN_GCC_ARM\libmbed.a(Timer.o)
                0x08003e50                mbed::Timer::stop()
 .text._ZN4mbed5Timer5resetEv
                0x08003e64       0x10 D:\MyDocuments\GitHub\Door-Control/mbed/TARGET_NUCLEO_F401RE/TOOLCHAIN_GCC_ARM\libmbed.a(Timer.o)
                0x08003e64                mbed::Timer::reset()
 .text._ZN4mbed5TimerC2Ev
                0x08003e74       0x14 D:\MyDocuments\GitHub\Door-Control/mbed/TARGET_NUCLEO_F401RE/TOOLCHAIN_GCC_ARM\libmbed.a(Timer.o)
                0x08003e74                mbed::Timer::Timer()
                0x08003e74                mbed::Timer::Timer()
 .text.gpio_init_in
                0x08003e88       0x24 D:\MyDocuments\GitHub\Door-Control/mbed/TARGET_NUCLEO_F401RE/TOOLCHAIN_GCC_ARM\libmbed.a(gpio.o)
                0x08003e88                gpio_init_in
 .text.gpio_init_out_ex
                0x08003eac       0x58 D:\MyDocuments\GitHub\Door-Control/mbed/TARGET_NUCLEO_F401RE/TOOLCHAIN_GCC_ARM\libmbed.a(gpio.o)
                0x08003eac                gpio_init_out_ex
 .text.gpio_init_out
                0x08003f04        0x8 D:\MyDocuments\GitHub\Door-Control/mbed/TARGET_NUCLEO_F401RE/TOOLCHAIN_GCC_ARM\libmbed.a(gpio.o)
                0x08003f04                gpio_init_out
 .text.set_time
                0x08003f0c       0x14 D:\MyDocuments\GitHub\Door-Control/mbed/TARGET_NUCLEO_F401RE/TOOLCHAIN_GCC_ARM\libmbed.a(rtc_time.o)
                0x08003f0c                set_time
 .text.time     0x08003f20       0x1c D:\MyDocuments\GitHub\Door-Control/mbed/TARGET_NUCLEO_F401RE/TOOLCHAIN_GCC_ARM\libmbed.a(rtc_time.o)
                0x08003f20                time
 .text.pinmap_pinout
                0x08003f3c       0x44 D:\MyDocuments\GitHub\Door-Control/mbed/TARGET_NUCLEO_F401RE/TOOLCHAIN_GCC_ARM\libmbed.a(pinmap_common.o)
                0x08003f3c                pinmap_pinout
 .text.pinmap_merge
                0x08003f80       0x24 D:\MyDocuments\GitHub\Door-Control/mbed/TARGET_NUCLEO_F401RE/TOOLCHAIN_GCC_ARM\libmbed.a(pinmap_common.o)
                0x08003f80                pinmap_merge
 .text.pinmap_peripheral
                0x08003fa4       0x34 D:\MyDocuments\GitHub\Door-Control/mbed/TARGET_NUCLEO_F401RE/TOOLCHAIN_GCC_ARM\libmbed.a(pinmap_common.o)
                0x08003fa4                pinmap_peripheral
 .text.wait_us  0x08003fd8       0x18 D:\MyDocuments\GitHub\Door-Control/mbed/TARGET_NUCLEO_F401RE/TOOLCHAIN_GCC_ARM\libmbed.a(wait_api.o)
                0x08003fd8                wait_us
 .text.wait_ms  0x08003ff0        0xc D:\MyDocuments\GitHub\Door-Control/mbed/TARGET_NUCLEO_F401RE/TOOLCHAIN_GCC_ARM\libmbed.a(wait_api.o)
                0x08003ff0                wait_ms
 .text.wait     0x08003ffc       0x1c D:\MyDocuments\GitHub\Door-Control/mbed/TARGET_NUCLEO_F401RE/TOOLCHAIN_GCC_ARM\libmbed.a(wait_api.o)
                0x08003ffc                wait
 .text.us_ticker_irq_handler
                0x08004018       0x4c D:\MyDocuments\GitHub\Door-Control/mbed/TARGET_NUCLEO_F401RE/TOOLCHAIN_GCC_ARM\libmbed.a(us_ticker_api.o)
                0x08004018                us_ticker_irq_handler
 .text.gpio_set
                0x08004064       0x30 D:\MyDocuments\GitHub\Door-Control/mbed/TARGET_NUCLEO_F401RE/TOOLCHAIN_GCC_ARM\libmbed.a(gpio_api.o)
                0x08004064                gpio_set
 .text.gpio_init
                0x08004094       0x30 D:\MyDocuments\GitHub\Door-Control/mbed/TARGET_NUCLEO_F401RE/TOOLCHAIN_GCC_ARM\libmbed.a(gpio_api.o)
                0x08004094                gpio_init
 .text.gpio_mode
                0x080040c4        0x8 D:\MyDocuments\GitHub\Door-Control/mbed/TARGET_NUCLEO_F401RE/TOOLCHAIN_GCC_ARM\libmbed.a(gpio_api.o)
                0x080040c4                gpio_mode
 .text.gpio_dir
                0x080040cc       0x40 D:\MyDocuments\GitHub\Door-Control/mbed/TARGET_NUCLEO_F401RE/TOOLCHAIN_GCC_ARM\libmbed.a(gpio_api.o)
                0x080040cc                gpio_dir
 .text.Set_GPIO_Clock
                0x0800410c       0xa0 D:\MyDocuments\GitHub\Door-Control/mbed/TARGET_NUCLEO_F401RE/TOOLCHAIN_GCC_ARM\libmbed.a(pinmap.o)
                0x0800410c                Set_GPIO_Clock
 .text.pin_function
                0x080041ac       0x60 D:\MyDocuments\GitHub\Door-Control/mbed/TARGET_NUCLEO_F401RE/TOOLCHAIN_GCC_ARM\libmbed.a(pinmap.o)
                0x080041ac                pin_function
 .text.pin_mode
                0x0800420c       0x50 D:\MyDocuments\GitHub\Door-Control/mbed/TARGET_NUCLEO_F401RE/TOOLCHAIN_GCC_ARM\libmbed.a(pinmap.o)
                0x0800420c                pin_mode
 .text.rtc_init
                0x0800425c       0xe8 D:\MyDocuments\GitHub\Door-Control/mbed/TARGET_NUCLEO_F401RE/TOOLCHAIN_GCC_ARM\libmbed.a(rtc_api.o)
                0x0800425c                rtc_init
 .text.rtc_isenabled
                0x08004344        0xc D:\MyDocuments\GitHub\Door-Control/mbed/TARGET_NUCLEO_F401RE/TOOLCHAIN_GCC_ARM\libmbed.a(rtc_api.o)
                0x08004344                rtc_isenabled
 .text.rtc_read
                0x08004350       0x64 D:\MyDocuments\GitHub\Door-Control/mbed/TARGET_NUCLEO_F401RE/TOOLCHAIN_GCC_ARM\libmbed.a(rtc_api.o)
                0x08004350                rtc_read
 .text.rtc_write
                0x080043b4       0x78 D:\MyDocuments\GitHub\Door-Control/mbed/TARGET_NUCLEO_F401RE/TOOLCHAIN_GCC_ARM\libmbed.a(rtc_api.o)
                0x080043b4                rtc_write
 .text.us_ticker_init
                0x0800442c       0x24 D:\MyDocuments\GitHub\Door-Control/mbed/TARGET_NUCLEO_F401RE/TOOLCHAIN_GCC_ARM\libmbed.a(us_ticker.o)
                0x0800442c                us_ticker_init
 .text.us_ticker_read
                0x08004450       0x1c D:\MyDocuments\GitHub\Door-Control/mbed/TARGET_NUCLEO_F401RE/TOOLCHAIN_GCC_ARM\libmbed.a(us_ticker.o)
                0x08004450                us_ticker_read
 .text.us_ticker_set_interrupt
                0x0800446c       0x18 D:\MyDocuments\GitHub\Door-Control/mbed/TARGET_NUCLEO_F401RE/TOOLCHAIN_GCC_ARM\libmbed.a(us_ticker.o)
                0x0800446c                us_ticker_set_interrupt
 .text.us_ticker_disable_interrupt
                0x08004484       0x14 D:\MyDocuments\GitHub\Door-Control/mbed/TARGET_NUCLEO_F401RE/TOOLCHAIN_GCC_ARM\libmbed.a(us_ticker.o)
                0x08004484                us_ticker_disable_interrupt
 .text.us_ticker_clear_interrupt
                0x08004498       0x14 D:\MyDocuments\GitHub\Door-Control/mbed/TARGET_NUCLEO_F401RE/TOOLCHAIN_GCC_ARM\libmbed.a(us_ticker.o)
                0x08004498                us_ticker_clear_interrupt
 .text.init_spi
                0x080044ac       0x58 D:\MyDocuments\GitHub\Door-Control/mbed/TARGET_NUCLEO_F401RE/TOOLCHAIN_GCC_ARM\libmbed.a(spi_api.o)
 .text.spi_init
                0x08004504      0x130 D:\MyDocuments\GitHub\Door-Control/mbed/TARGET_NUCLEO_F401RE/TOOLCHAIN_GCC_ARM\libmbed.a(spi_api.o)
                0x08004504                spi_init
 .text.spi_format
                0x08004634       0x50 D:\MyDocuments\GitHub\Door-Control/mbed/TARGET_NUCLEO_F401RE/TOOLCHAIN_GCC_ARM\libmbed.a(spi_api.o)
                0x08004634                spi_format
 .text.spi_frequency
                0x08004684       0xbc D:\MyDocuments\GitHub\Door-Control/mbed/TARGET_NUCLEO_F401RE/TOOLCHAIN_GCC_ARM\libmbed.a(spi_api.o)
                0x08004684                spi_frequency
 .text.spi_master_write
                0x08004740       0x20 D:\MyDocuments\GitHub\Door-Control/mbed/TARGET_NUCLEO_F401RE/TOOLCHAIN_GCC_ARM\libmbed.a(spi_api.o)
                0x08004740                spi_master_write
 .text._ZN4mbed8FileLikeD2Ev
                0x08004760       0x28 D:\MyDocuments\GitHub\Door-Control/mbed/TARGET_NUCLEO_F401RE/TOOLCHAIN_GCC_ARM\libmbed.a(FileLike.o)
                0x08004760                mbed::FileLike::~FileLike()
                0x08004760                mbed::FileLike::~FileLike()
 .text._ZThn4_N4mbed8FileLikeD1Ev
                0x08004788        0x8 D:\MyDocuments\GitHub\Door-Control/mbed/TARGET_NUCLEO_F401RE/TOOLCHAIN_GCC_ARM\libmbed.a(FileLike.o)
                0x08004788                non-virtual thunk to mbed::FileLike::~FileLike()
 .text._ZN4mbed8FileLikeD0Ev
                0x08004790       0x14 D:\MyDocuments\GitHub\Door-Control/mbed/TARGET_NUCLEO_F401RE/TOOLCHAIN_GCC_ARM\libmbed.a(FileLike.o)
                0x08004790                mbed::FileLike::~FileLike()
 .text._ZThn4_N4mbed8FileLikeD0Ev
                0x080047a4        0x8 D:\MyDocuments\GitHub\Door-Control/mbed/TARGET_NUCLEO_F401RE/TOOLCHAIN_GCC_ARM\libmbed.a(FileLike.o)
                0x080047a4                non-virtual thunk to mbed::FileLike::~FileLike()
 .text._ZN4mbed8FileLikeC2EPKc
                0x080047ac       0x2c D:\MyDocuments\GitHub\Door-Control/mbed/TARGET_NUCLEO_F401RE/TOOLCHAIN_GCC_ARM\libmbed.a(FileLike.o)
                0x080047ac                mbed::FileLike::FileLike(char const*)
                0x080047ac                mbed::FileLike::FileLike(char const*)
 .text._ZN4mbed8FileBaseD2Ev
                0x080047d8       0x30 D:\MyDocuments\GitHub\Door-Control/mbed/TARGET_NUCLEO_F401RE/TOOLCHAIN_GCC_ARM\libmbed.a(FileBase.o)
                0x080047d8                mbed::FileBase::~FileBase()
                0x080047d8                mbed::FileBase::~FileBase()
 .text._ZN4mbed8FileBaseD0Ev
                0x08004808       0x3c D:\MyDocuments\GitHub\Door-Control/mbed/TARGET_NUCLEO_F401RE/TOOLCHAIN_GCC_ARM\libmbed.a(FileBase.o)
                0x08004808                mbed::FileBase::~FileBase()
 .text._ZN4mbed8FileBaseC2EPKcNS_8PathTypeE
                0x08004844       0x20 D:\MyDocuments\GitHub\Door-Control/mbed/TARGET_NUCLEO_F401RE/TOOLCHAIN_GCC_ARM\libmbed.a(FileBase.o)
                0x08004844                mbed::FileBase::FileBase(char const*, mbed::PathType)
                0x08004844                mbed::FileBase::FileBase(char const*, mbed::PathType)
 .text._ZN4mbed8FileBase6lookupEPKcj
                0x08004864       0x40 D:\MyDocuments\GitHub\Door-Control/mbed/TARGET_NUCLEO_F401RE/TOOLCHAIN_GCC_ARM\libmbed.a(FileBase.o)
                0x08004864                mbed::FileBase::lookup(char const*, unsigned int)
 .text._ZN4mbed8FileBase11getPathTypeEv
                0x080048a4        0x4 D:\MyDocuments\GitHub\Door-Control/mbed/TARGET_NUCLEO_F401RE/TOOLCHAIN_GCC_ARM\libmbed.a(FileBase.o)
                0x080048a4                mbed::FileBase::getPathType()
 .text._ZN4mbed15FunctionPointerC2EPFvvE
                0x080048a8        0xc D:\MyDocuments\GitHub\Door-Control/mbed/TARGET_NUCLEO_F401RE/TOOLCHAIN_GCC_ARM\libmbed.a(FunctionPointer.o)
                0x080048a8                mbed::FunctionPointer::FunctionPointer(void (*)())
                0x080048a8                mbed::FunctionPointer::FunctionPointer(void (*)())
 .text._ZN4mbed15FunctionPointer4callEv
                0x080048b4       0x18 D:\MyDocuments\GitHub\Door-Control/mbed/TARGET_NUCLEO_F401RE/TOOLCHAIN_GCC_ARM\libmbed.a(FunctionPointer.o)
                0x080048b4                mbed::FunctionPointer::call()
 .text._Znwj    0x080048cc       0x22 d:/program files (x86)/gnu tools arm embedded/4.9 2014q4/bin/../lib/gcc/arm-none-eabi/4.9.3/../../../../arm-none-eabi/lib/armv7e-m/softfp\libstdc++_nano.a(new_op.o)
                0x080048cc                operator new(unsigned int)
 .text._ZdlPv   0x080048ee        0x4 d:/program files (x86)/gnu tools arm embedded/4.9 2014q4/bin/../lib/gcc/arm-none-eabi/4.9.3/../../../../arm-none-eabi/lib/armv7e-m/softfp\libstdc++_nano.a(del_op.o)
                0x080048ee                operator delete(void*)
 *fill*         0x080048f2        0x2 
 .text._ZSt15get_new_handlerv
                0x080048f4       0x10 d:/program files (x86)/gnu tools arm embedded/4.9 2014q4/bin/../lib/gcc/arm-none-eabi/4.9.3/../../../../arm-none-eabi/lib/armv7e-m/softfp\libstdc++_nano.a(new_handler.o)
                0x080048f4                std::get_new_handler()
 .text.__aeabi_atexit
                0x08004904        0xa d:/program files (x86)/gnu tools arm embedded/4.9 2014q4/bin/../lib/gcc/arm-none-eabi/4.9.3/../../../../arm-none-eabi/lib/armv7e-m/softfp\libstdc++_nano.a(atexit_arm.o)
                0x08004904                __aeabi_atexit
 .text.abort    0x0800490e        0xe d:/program files (x86)/gnu tools arm embedded/4.9 2014q4/bin/../lib/gcc/arm-none-eabi/4.9.3/../../../../arm-none-eabi/lib/armv7e-m/softfp\libc_nano.a(lib_a-abort.o)
                0x0800490e                abort
 .text.atoi     0x0800491c        0x8 d:/program files (x86)/gnu tools arm embedded/4.9 2014q4/bin/../lib/gcc/arm-none-eabi/4.9.3/../../../../arm-none-eabi/lib/armv7e-m/softfp\libc_nano.a(lib_a-atoi.o)
                0x0800491c                atoi
 .text.__cxa_atexit
                0x08004924       0x1c d:/program files (x86)/gnu tools arm embedded/4.9 2014q4/bin/../lib/gcc/arm-none-eabi/4.9.3/../../../../arm-none-eabi/lib/armv7e-m/softfp\libc_nano.a(lib_a-cxa_atexit.o)
                0x08004924                __cxa_atexit
 .text.__errno  0x08004940        0xc d:/program files (x86)/gnu tools arm embedded/4.9 2014q4/bin/../lib/gcc/arm-none-eabi/4.9.3/../../../../arm-none-eabi/lib/armv7e-m/softfp\libc_nano.a(lib_a-errno.o)
                0x08004940                __errno
 .text._fclose_r
                0x0800494c       0xa4 d:/program files (x86)/gnu tools arm embedded/4.9 2014q4/bin/../lib/gcc/arm-none-eabi/4.9.3/../../../../arm-none-eabi/lib/armv7e-m/softfp\libc_nano.a(lib_a-fclose.o)
                0x0800494c                _fclose_r
 .text.fclose   0x080049f0       0x10 d:/program files (x86)/gnu tools arm embedded/4.9 2014q4/bin/../lib/gcc/arm-none-eabi/4.9.3/../../../../arm-none-eabi/lib/armv7e-m/softfp\libc_nano.a(lib_a-fclose.o)
                0x080049f0                fclose
 .text.__sflush_r
                0x08004a00      0x108 d:/program files (x86)/gnu tools arm embedded/4.9 2014q4/bin/../lib/gcc/arm-none-eabi/4.9.3/../../../../arm-none-eabi/lib/armv7e-m/softfp\libc_nano.a(lib_a-fflush.o)
                0x08004a00                __sflush_r
 .text._fflush_r
                0x08004b08       0x54 d:/program files (x86)/gnu tools arm embedded/4.9 2014q4/bin/../lib/gcc/arm-none-eabi/4.9.3/../../../../arm-none-eabi/lib/armv7e-m/softfp\libc_nano.a(lib_a-fflush.o)
                0x08004b08                _fflush_r
 .text.fflush   0x08004b5c       0x24 d:/program files (x86)/gnu tools arm embedded/4.9 2014q4/bin/../lib/gcc/arm-none-eabi/4.9.3/../../../../arm-none-eabi/lib/armv7e-m/softfp\libc_nano.a(lib_a-fflush.o)
                0x08004b5c                fflush
 .text._cleanup_r
                0x08004b80        0xc d:/program files (x86)/gnu tools arm embedded/4.9 2014q4/bin/../lib/gcc/arm-none-eabi/4.9.3/../../../../arm-none-eabi/lib/armv7e-m/softfp\libc_nano.a(lib_a-findfp.o)
                0x08004b80                _cleanup_r
 .text.std.isra.0
                0x08004b8c       0x48 d:/program files (x86)/gnu tools arm embedded/4.9 2014q4/bin/../lib/gcc/arm-none-eabi/4.9.3/../../../../arm-none-eabi/lib/armv7e-m/softfp\libc_nano.a(lib_a-findfp.o)
 .text.__sfmoreglue
                0x08004bd4       0x2c d:/program files (x86)/gnu tools arm embedded/4.9 2014q4/bin/../lib/gcc/arm-none-eabi/4.9.3/../../../../arm-none-eabi/lib/armv7e-m/softfp\libc_nano.a(lib_a-findfp.o)
                0x08004bd4                __sfmoreglue
 .text.__sinit  0x08004c00       0x60 d:/program files (x86)/gnu tools arm embedded/4.9 2014q4/bin/../lib/gcc/arm-none-eabi/4.9.3/../../../../arm-none-eabi/lib/armv7e-m/softfp\libc_nano.a(lib_a-findfp.o)
                0x08004c00                __sinit
 .text.__sfp    0x08004c60       0x74 d:/program files (x86)/gnu tools arm embedded/4.9 2014q4/bin/../lib/gcc/arm-none-eabi/4.9.3/../../../../arm-none-eabi/lib/armv7e-m/softfp\libc_nano.a(lib_a-findfp.o)
                0x08004c60                __sfp
 .text.__sfp_lock_acquire
                0x08004cd4        0x2 d:/program files (x86)/gnu tools arm embedded/4.9 2014q4/bin/../lib/gcc/arm-none-eabi/4.9.3/../../../../arm-none-eabi/lib/armv7e-m/softfp\libc_nano.a(lib_a-findfp.o)
                0x08004cd4                __sfp_lock_acquire
 .text.__sfp_lock_release
                0x08004cd6        0x2 d:/program files (x86)/gnu tools arm embedded/4.9 2014q4/bin/../lib/gcc/arm-none-eabi/4.9.3/../../../../arm-none-eabi/lib/armv7e-m/softfp\libc_nano.a(lib_a-findfp.o)
                0x08004cd6                __sfp_lock_release
 .text._fopen_r
                0x08004cd8       0x80 d:/program files (x86)/gnu tools arm embedded/4.9 2014q4/bin/../lib/gcc/arm-none-eabi/4.9.3/../../../../arm-none-eabi/lib/armv7e-m/softfp\libc_nano.a(lib_a-fopen.o)
                0x08004cd8                _fopen_r
 .text.fopen    0x08004d58       0x14 d:/program files (x86)/gnu tools arm embedded/4.9 2014q4/bin/../lib/gcc/arm-none-eabi/4.9.3/../../../../arm-none-eabi/lib/armv7e-m/softfp\libc_nano.a(lib_a-fopen.o)
                0x08004d58                fopen
 .text.fprintf  0x08004d6c       0x24 d:/program files (x86)/gnu tools arm embedded/4.9 2014q4/bin/../lib/gcc/arm-none-eabi/4.9.3/../../../../arm-none-eabi/lib/armv7e-m/softfp\libc_nano.a(lib_a-fprintf.o)
                0x08004d6c                fiprintf
                0x08004d6c                fprintf
 .text._fputc_r
                0x08004d90       0x48 d:/program files (x86)/gnu tools arm embedded/4.9 2014q4/bin/../lib/gcc/arm-none-eabi/4.9.3/../../../../arm-none-eabi/lib/armv7e-m/softfp\libc_nano.a(lib_a-fputc.o)
                0x08004d90                _fputc_r
 .text.fputc    0x08004dd8       0x14 d:/program files (x86)/gnu tools arm embedded/4.9 2014q4/bin/../lib/gcc/arm-none-eabi/4.9.3/../../../../arm-none-eabi/lib/armv7e-m/softfp\libc_nano.a(lib_a-fputc.o)
                0x08004dd8                fputc
 .text._fseek_r
                0x08004dec        0x4 d:/program files (x86)/gnu tools arm embedded/4.9 2014q4/bin/../lib/gcc/arm-none-eabi/4.9.3/../../../../arm-none-eabi/lib/armv7e-m/softfp\libc_nano.a(lib_a-fseek.o)
                0x08004dec                _fseek_r
 .text._fseeko_r
                0x08004df0      0x118 d:/program files (x86)/gnu tools arm embedded/4.9 2014q4/bin/../lib/gcc/arm-none-eabi/4.9.3/../../../../arm-none-eabi/lib/armv7e-m/softfp\libc_nano.a(lib_a-fseeko.o)
                0x08004df0                _fseeko_r
 .text._fwalk_reent
                0x08004f08       0x3c d:/program files (x86)/gnu tools arm embedded/4.9 2014q4/bin/../lib/gcc/arm-none-eabi/4.9.3/../../../../arm-none-eabi/lib/armv7e-m/softfp\libc_nano.a(lib_a-fwalk.o)
                0x08004f08                _fwalk_reent
 .text.__libc_init_array
                0x08004f44       0x4c d:/program files (x86)/gnu tools arm embedded/4.9 2014q4/bin/../lib/gcc/arm-none-eabi/4.9.3/../../../../arm-none-eabi/lib/armv7e-m/softfp\libc_nano.a(lib_a-init.o)
                0x08004f44                __libc_init_array
 .text.localtime
                0x08004f90       0x24 d:/program files (x86)/gnu tools arm embedded/4.9 2014q4/bin/../lib/gcc/arm-none-eabi/4.9.3/../../../../arm-none-eabi/lib/armv7e-m/softfp\libc_nano.a(lib_a-lcltime.o)
                0x08004f90                localtime
 .text.localtime_r
                0x08004fb4      0x1c8 d:/program files (x86)/gnu tools arm embedded/4.9 2014q4/bin/../lib/gcc/arm-none-eabi/4.9.3/../../../../arm-none-eabi/lib/armv7e-m/softfp\libc_nano.a(lib_a-lcltime_r.o)
                0x08004fb4                localtime_r
 .text.__smakebuf_r
                0x0800517c       0x9c d:/program files (x86)/gnu tools arm embedded/4.9 2014q4/bin/../lib/gcc/arm-none-eabi/4.9.3/../../../../arm-none-eabi/lib/armv7e-m/softfp\libc_nano.a(lib_a-makebuf.o)
                0x0800517c                __smakebuf_r
 .text.malloc   0x08005218       0x10 d:/program files (x86)/gnu tools arm embedded/4.9 2014q4/bin/../lib/gcc/arm-none-eabi/4.9.3/../../../../arm-none-eabi/lib/armv7e-m/softfp\libc_nano.a(lib_a-malloc.o)
                0x08005218                malloc
 .text.free     0x08005228       0x10 d:/program files (x86)/gnu tools arm embedded/4.9 2014q4/bin/../lib/gcc/arm-none-eabi/4.9.3/../../../../arm-none-eabi/lib/armv7e-m/softfp\libc_nano.a(lib_a-malloc.o)
                0x08005228                free
 .text.memchr   0x08005238       0x1e d:/program files (x86)/gnu tools arm embedded/4.9 2014q4/bin/../lib/gcc/arm-none-eabi/4.9.3/../../../../arm-none-eabi/lib/armv7e-m/softfp\libc_nano.a(lib_a-memchr.o)
                0x08005238                memchr
 .text.memcmp   0x08005256       0x20 d:/program files (x86)/gnu tools arm embedded/4.9 2014q4/bin/../lib/gcc/arm-none-eabi/4.9.3/../../../../arm-none-eabi/lib/armv7e-m/softfp\libc_nano.a(lib_a-memcmp.o)
                0x08005256                memcmp
 .text.memcpy   0x08005276       0x16 d:/program files (x86)/gnu tools arm embedded/4.9 2014q4/bin/../lib/gcc/arm-none-eabi/4.9.3/../../../../arm-none-eabi/lib/armv7e-m/softfp\libc_nano.a(lib_a-memcpy.o)
                0x08005276                memcpy
 .text.memset   0x0800528c       0x10 d:/program files (x86)/gnu tools arm embedded/4.9 2014q4/bin/../lib/gcc/arm-none-eabi/4.9.3/../../../../arm-none-eabi/lib/armv7e-m/softfp\libc_nano.a(lib_a-memset.o)
                0x0800528c                memset
 .text.validate_structure
                0x0800529c      0x1ac d:/program files (x86)/gnu tools arm embedded/4.9 2014q4/bin/../lib/gcc/arm-none-eabi/4.9.3/../../../../arm-none-eabi/lib/armv7e-m/softfp\libc_nano.a(lib_a-mktime.o)
 .text.mktime   0x08005448      0x2f4 d:/program files (x86)/gnu tools arm embedded/4.9 2014q4/bin/../lib/gcc/arm-none-eabi/4.9.3/../../../../arm-none-eabi/lib/armv7e-m/softfp\libc_nano.a(lib_a-mktime.o)
                0x08005448                mktime
 .text._free_r  0x0800573c       0x88 d:/program files (x86)/gnu tools arm embedded/4.9 2014q4/bin/../lib/gcc/arm-none-eabi/4.9.3/../../../../arm-none-eabi/lib/armv7e-m/softfp\libc_nano.a(lib_a-nano-freer.o)
                0x0800573c                _free_r
 .text._malloc_r
                0x080057c4       0xac d:/program files (x86)/gnu tools arm embedded/4.9 2014q4/bin/../lib/gcc/arm-none-eabi/4.9.3/../../../../arm-none-eabi/lib/armv7e-m/softfp\libc_nano.a(lib_a-nano-mallocr.o)
                0x080057c4                _malloc_r
 .text.__sfputc_r
                0x08005870       0x2c d:/program files (x86)/gnu tools arm embedded/4.9 2014q4/bin/../lib/gcc/arm-none-eabi/4.9.3/../../../../arm-none-eabi/lib/armv7e-m/softfp\libc_nano.a(lib_a-nano-vfprintf.o)
 .text.__sfputs_r
                0x0800589c       0x24 d:/program files (x86)/gnu tools arm embedded/4.9 2014q4/bin/../lib/gcc/arm-none-eabi/4.9.3/../../../../arm-none-eabi/lib/armv7e-m/softfp\libc_nano.a(lib_a-nano-vfprintf.o)
                0x0800589c                __sfputs_r
 .text._vfprintf_r
                0x080058c0      0x210 d:/program files (x86)/gnu tools arm embedded/4.9 2014q4/bin/../lib/gcc/arm-none-eabi/4.9.3/../../../../arm-none-eabi/lib/armv7e-m/softfp\libc_nano.a(lib_a-nano-vfprintf.o)
                0x080058c0                _vfprintf_r
                0x080058c0                _vfiprintf_r
 .text.vfprintf
                0x08005ad0       0x1c d:/program files (x86)/gnu tools arm embedded/4.9 2014q4/bin/../lib/gcc/arm-none-eabi/4.9.3/../../../../arm-none-eabi/lib/armv7e-m/softfp\libc_nano.a(lib_a-nano-vfprintf.o)
                0x08005ad0                vfprintf
                0x08005ad0                vfiprintf
 .text._printf_common
                0x08005aec       0xea d:/program files (x86)/gnu tools arm embedded/4.9 2014q4/bin/../lib/gcc/arm-none-eabi/4.9.3/../../../../arm-none-eabi/lib/armv7e-m/softfp\libc_nano.a(lib_a-nano-vfprintf_i.o)
                0x08005aec                _printf_common
 *fill*         0x08005bd6        0x2 
 .text._printf_i
                0x08005bd8      0x234 d:/program files (x86)/gnu tools arm embedded/4.9 2014q4/bin/../lib/gcc/arm-none-eabi/4.9.3/../../../../arm-none-eabi/lib/armv7e-m/softfp\libc_nano.a(lib_a-nano-vfprintf_i.o)
                0x08005bd8                _printf_i
 .text._scanf_chars
                0x08005e0c       0xc0 d:/program files (x86)/gnu tools arm embedded/4.9 2014q4/bin/../lib/gcc/arm-none-eabi/4.9.3/../../../../arm-none-eabi/lib/armv7e-m/softfp\libc_nano.a(lib_a-nano-vfscanf_i.o)
                0x08005e0c                _scanf_chars
 .text._scanf_i
                0x08005ecc      0x1e4 d:/program files (x86)/gnu tools arm embedded/4.9 2014q4/bin/../lib/gcc/arm-none-eabi/4.9.3/../../../../arm-none-eabi/lib/armv7e-m/softfp\libc_nano.a(lib_a-nano-vfscanf_i.o)
                0x08005ecc                _scanf_i
 .text._open_r  0x080060b0       0x24 d:/program files (x86)/gnu tools arm embedded/4.9 2014q4/bin/../lib/gcc/arm-none-eabi/4.9.3/../../../../arm-none-eabi/lib/armv7e-m/softfp\libc_nano.a(lib_a-openr.o)
                0x080060b0                _open_r
 .text._putc_r  0x080060d4       0x78 d:/program files (x86)/gnu tools arm embedded/4.9 2014q4/bin/../lib/gcc/arm-none-eabi/4.9.3/../../../../arm-none-eabi/lib/armv7e-m/softfp\libc_nano.a(lib_a-putc.o)
                0x080060d4                _putc_r
 .text.rand     0x0800614c       0x74 d:/program files (x86)/gnu tools arm embedded/4.9 2014q4/bin/../lib/gcc/arm-none-eabi/4.9.3/../../../../arm-none-eabi/lib/armv7e-m/softfp\libc_nano.a(lib_a-rand.o)
                0x0800614c                rand
 .text._sbrk_r  0x080061c0       0x20 d:/program files (x86)/gnu tools arm embedded/4.9 2014q4/bin/../lib/gcc/arm-none-eabi/4.9.3/../../../../arm-none-eabi/lib/armv7e-m/softfp\libc_nano.a(lib_a-sbrkr.o)
                0x080061c0                _sbrk_r
 .text.__sccl   0x080061e0       0x64 d:/program files (x86)/gnu tools arm embedded/4.9 2014q4/bin/../lib/gcc/arm-none-eabi/4.9.3/../../../../arm-none-eabi/lib/armv7e-m/softfp\libc_nano.a(lib_a-sccl.o)
                0x080061e0                __sccl
 .text.setbuf   0x08006244       0x10 d:/program files (x86)/gnu tools arm embedded/4.9 2014q4/bin/../lib/gcc/arm-none-eabi/4.9.3/../../../../arm-none-eabi/lib/armv7e-m/softfp\libc_nano.a(lib_a-setbuf.o)
                0x08006244                setbuf
 .text.setvbuf  0x08006254      0x110 d:/program files (x86)/gnu tools arm embedded/4.9 2014q4/bin/../lib/gcc/arm-none-eabi/4.9.3/../../../../arm-none-eabi/lib/armv7e-m/softfp\libc_nano.a(lib_a-setvbuf.o)
                0x08006254                setvbuf
 .text._raise_r
                0x08006364       0x50 d:/program files (x86)/gnu tools arm embedded/4.9 2014q4/bin/../lib/gcc/arm-none-eabi/4.9.3/../../../../arm-none-eabi/lib/armv7e-m/softfp\libc_nano.a(lib_a-signal.o)
                0x08006364                _raise_r
 .text.raise    0x080063b4       0x10 d:/program files (x86)/gnu tools arm embedded/4.9 2014q4/bin/../lib/gcc/arm-none-eabi/4.9.3/../../../../arm-none-eabi/lib/armv7e-m/softfp\libc_nano.a(lib_a-signal.o)
                0x080063b4                raise
 .text._kill_r  0x080063c4       0x24 d:/program files (x86)/gnu tools arm embedded/4.9 2014q4/bin/../lib/gcc/arm-none-eabi/4.9.3/../../../../arm-none-eabi/lib/armv7e-m/softfp\libc_nano.a(lib_a-signalr.o)
                0x080063c4                _kill_r
 .text._getpid_r
                0x080063e8        0x4 d:/program files (x86)/gnu tools arm embedded/4.9 2014q4/bin/../lib/gcc/arm-none-eabi/4.9.3/../../../../arm-none-eabi/lib/armv7e-m/softfp\libc_nano.a(lib_a-signalr.o)
                0x080063e8                _getpid_r
 .text.snprintf
                0x080063ec       0x64 d:/program files (x86)/gnu tools arm embedded/4.9 2014q4/bin/../lib/gcc/arm-none-eabi/4.9.3/../../../../arm-none-eabi/lib/armv7e-m/softfp\libc_nano.a(lib_a-snprintf.o)
                0x080063ec                sniprintf
                0x080063ec                snprintf
 .text.sprintf  0x08006450       0x48 d:/program files (x86)/gnu tools arm embedded/4.9 2014q4/bin/../lib/gcc/arm-none-eabi/4.9.3/../../../../arm-none-eabi/lib/armv7e-m/softfp\libc_nano.a(lib_a-sprintf.o)
                0x08006450                siprintf
                0x08006450                sprintf
 .text.sscanf   0x08006498       0x54 d:/program files (x86)/gnu tools arm embedded/4.9 2014q4/bin/../lib/gcc/arm-none-eabi/4.9.3/../../../../arm-none-eabi/lib/armv7e-m/softfp\libc_nano.a(lib_a-sscanf.o)
                0x08006498                siscanf
                0x08006498                sscanf
 .text.__sread  0x080064ec       0x22 d:/program files (x86)/gnu tools arm embedded/4.9 2014q4/bin/../lib/gcc/arm-none-eabi/4.9.3/../../../../arm-none-eabi/lib/armv7e-m/softfp\libc_nano.a(lib_a-stdio.o)
                0x080064ec                __sread
 .text.__seofread
                0x0800650e        0x4 d:/program files (x86)/gnu tools arm embedded/4.9 2014q4/bin/../lib/gcc/arm-none-eabi/4.9.3/../../../../arm-none-eabi/lib/armv7e-m/softfp\libc_nano.a(lib_a-stdio.o)
                0x0800650e                __seofread
 .text.__swrite
                0x08006512       0x38 d:/program files (x86)/gnu tools arm embedded/4.9 2014q4/bin/../lib/gcc/arm-none-eabi/4.9.3/../../../../arm-none-eabi/lib/armv7e-m/softfp\libc_nano.a(lib_a-stdio.o)
                0x08006512                __swrite
 .text.__sseek  0x0800654a       0x24 d:/program files (x86)/gnu tools arm embedded/4.9 2014q4/bin/../lib/gcc/arm-none-eabi/4.9.3/../../../../arm-none-eabi/lib/armv7e-m/softfp\libc_nano.a(lib_a-stdio.o)
                0x0800654a                __sseek
 .text.__sclose
                0x0800656e        0x8 d:/program files (x86)/gnu tools arm embedded/4.9 2014q4/bin/../lib/gcc/arm-none-eabi/4.9.3/../../../../arm-none-eabi/lib/armv7e-m/softfp\libc_nano.a(lib_a-stdio.o)
                0x0800656e                __sclose
 .text.strchr   0x08006576       0x1c d:/program files (x86)/gnu tools arm embedded/4.9 2014q4/bin/../lib/gcc/arm-none-eabi/4.9.3/../../../../arm-none-eabi/lib/armv7e-m/softfp\libc_nano.a(lib_a-strchr.o)
                0x08006576                strchr
 .text          0x08006592       0x14 d:/program files (x86)/gnu tools arm embedded/4.9 2014q4/bin/../lib/gcc/arm-none-eabi/4.9.3/../../../../arm-none-eabi/lib/armv7e-m/softfp\libc_nano.a(lib_a-strcmp.o)
                0x08006592                strcmp
 .text.strlen   0x080065a6       0x10 d:/program files (x86)/gnu tools arm embedded/4.9 2014q4/bin/../lib/gcc/arm-none-eabi/4.9.3/../../../../arm-none-eabi/lib/armv7e-m/softfp\libc_nano.a(lib_a-strlen.o)
                0x080065a6                strlen
 .text.strncmp  0x080065b6       0x34 d:/program files (x86)/gnu tools arm embedded/4.9 2014q4/bin/../lib/gcc/arm-none-eabi/4.9.3/../../../../arm-none-eabi/lib/armv7e-m/softfp\libc_nano.a(lib_a-strncmp.o)
                0x080065b6                strncmp
 *fill*         0x080065ea        0x2 
 .text._strtol_r
                0x080065ec      0x10c d:/program files (x86)/gnu tools arm embedded/4.9 2014q4/bin/../lib/gcc/arm-none-eabi/4.9.3/../../../../arm-none-eabi/lib/armv7e-m/softfp\libc_nano.a(lib_a-strtol.o)
                0x080065ec                _strtol_r
 .text.strtol   0x080066f8       0x1c d:/program files (x86)/gnu tools arm embedded/4.9 2014q4/bin/../lib/gcc/arm-none-eabi/4.9.3/../../../../arm-none-eabi/lib/armv7e-m/softfp\libc_nano.a(lib_a-strtol.o)
                0x080066f8                strtol
 .text._strtoul_r
                0x08006714       0xf8 d:/program files (x86)/gnu tools arm embedded/4.9 2014q4/bin/../lib/gcc/arm-none-eabi/4.9.3/../../../../arm-none-eabi/lib/armv7e-m/softfp\libc_nano.a(lib_a-strtoul.o)
                0x08006714                _strtoul_r
 .text.__tzcalc_limits
                0x0800680c      0x14c d:/program files (x86)/gnu tools arm embedded/4.9 2014q4/bin/../lib/gcc/arm-none-eabi/4.9.3/../../../../arm-none-eabi/lib/armv7e-m/softfp\libc_nano.a(lib_a-tzcalc_limits.o)
                0x0800680c                __tzcalc_limits
 .text.__tz_lock
                0x08006958        0x2 d:/program files (x86)/gnu tools arm embedded/4.9 2014q4/bin/../lib/gcc/arm-none-eabi/4.9.3/../../../../arm-none-eabi/lib/armv7e-m/softfp\libc_nano.a(lib_a-tzlock.o)
                0x08006958                __tz_lock
 .text.__tz_unlock
                0x0800695a        0x2 d:/program files (x86)/gnu tools arm embedded/4.9 2014q4/bin/../lib/gcc/arm-none-eabi/4.9.3/../../../../arm-none-eabi/lib/armv7e-m/softfp\libc_nano.a(lib_a-tzlock.o)
                0x0800695a                __tz_unlock
 .text.__submore
                0x0800695c       0x76 d:/program files (x86)/gnu tools arm embedded/4.9 2014q4/bin/../lib/gcc/arm-none-eabi/4.9.3/../../../../arm-none-eabi/lib/armv7e-m/softfp\libc_nano.a(lib_a-ungetc.o)
                0x0800695c                __submore
 *fill*         0x080069d2        0x2 
 .text.__swbuf_r
                0x080069d4       0xa8 d:/program files (x86)/gnu tools arm embedded/4.9 2014q4/bin/../lib/gcc/arm-none-eabi/4.9.3/../../../../arm-none-eabi/lib/armv7e-m/softfp\libc_nano.a(lib_a-wbuf.o)
                0x080069d4                __swbuf_r
 .text._write_r
                0x08006a7c       0x24 d:/program files (x86)/gnu tools arm embedded/4.9 2014q4/bin/../lib/gcc/arm-none-eabi/4.9.3/../../../../arm-none-eabi/lib/armv7e-m/softfp\libc_nano.a(lib_a-writer.o)
                0x08006a7c                _write_r
 .text.__swsetup_r
                0x08006aa0       0xd8 d:/program files (x86)/gnu tools arm embedded/4.9 2014q4/bin/../lib/gcc/arm-none-eabi/4.9.3/../../../../arm-none-eabi/lib/armv7e-m/softfp\libc_nano.a(lib_a-wsetup.o)
                0x08006aa0                __swsetup_r
 .text._close_r
                0x08006b78       0x20 d:/program files (x86)/gnu tools arm embedded/4.9 2014q4/bin/../lib/gcc/arm-none-eabi/4.9.3/../../../../arm-none-eabi/lib/armv7e-m/softfp\libc_nano.a(lib_a-closer.o)
                0x08006b78                _close_r
 .text.div      0x08006b98       0x28 d:/program files (x86)/gnu tools arm embedded/4.9 2014q4/bin/../lib/gcc/arm-none-eabi/4.9.3/../../../../arm-none-eabi/lib/armv7e-m/softfp\libc_nano.a(lib_a-div.o)
                0x08006b98                div
 .text.__sflags
                0x08006bc0       0x6e d:/program files (x86)/gnu tools arm embedded/4.9 2014q4/bin/../lib/gcc/arm-none-eabi/4.9.3/../../../../arm-none-eabi/lib/armv7e-m/softfp\libc_nano.a(lib_a-flags.o)
                0x08006bc0                __sflags
 *fill*         0x08006c2e        0x2 
 .text._fstat_r
                0x08006c30       0x24 d:/program files (x86)/gnu tools arm embedded/4.9 2014q4/bin/../lib/gcc/arm-none-eabi/4.9.3/../../../../arm-none-eabi/lib/armv7e-m/softfp\libc_nano.a(lib_a-fstatr.o)
                0x08006c30                _fstat_r
 .text.__gettzinfo
                0x08006c54        0x8 d:/program files (x86)/gnu tools arm embedded/4.9 2014q4/bin/../lib/gcc/arm-none-eabi/4.9.3/../../../../arm-none-eabi/lib/armv7e-m/softfp\libc_nano.a(lib_a-gettzinfo.o)
                0x08006c54                __gettzinfo
 .text.gmtime_r
                0x08006c5c       0xf8 d:/program files (x86)/gnu tools arm embedded/4.9 2014q4/bin/../lib/gcc/arm-none-eabi/4.9.3/../../../../arm-none-eabi/lib/armv7e-m/softfp\libc_nano.a(lib_a-gmtime_r.o)
                0x08006c5c                gmtime_r
 .text._isatty_r
                0x08006d54       0x20 d:/program files (x86)/gnu tools arm embedded/4.9 2014q4/bin/../lib/gcc/arm-none-eabi/4.9.3/../../../../arm-none-eabi/lib/armv7e-m/softfp\libc_nano.a(lib_a-isattyr.o)
                0x08006d54                _isatty_r
 .text._lseek_r
                0x08006d74       0x24 d:/program files (x86)/gnu tools arm embedded/4.9 2014q4/bin/../lib/gcc/arm-none-eabi/4.9.3/../../../../arm-none-eabi/lib/armv7e-m/softfp\libc_nano.a(lib_a-lseekr.o)
                0x08006d74                _lseek_r
 .text.memmove  0x08006d98       0x36 d:/program files (x86)/gnu tools arm embedded/4.9 2014q4/bin/../lib/gcc/arm-none-eabi/4.9.3/../../../../arm-none-eabi/lib/armv7e-m/softfp\libc_nano.a(lib_a-memmove.o)
                0x08006d98                memmove
 .text._realloc_r
                0x08006dce       0x4c d:/program files (x86)/gnu tools arm embedded/4.9 2014q4/bin/../lib/gcc/arm-none-eabi/4.9.3/../../../../arm-none-eabi/lib/armv7e-m/softfp\libc_nano.a(lib_a-nano-reallocr.o)
                0x08006dce                _realloc_r
 .text.__ssputs_r
                0x08006e1a       0xb2 d:/program files (x86)/gnu tools arm embedded/4.9 2014q4/bin/../lib/gcc/arm-none-eabi/4.9.3/../../../../arm-none-eabi/lib/armv7e-m/softfp\libc_nano.a(lib_a-nano-svfprintf.o)
                0x08006e1a                __ssputs_r
 .text._svfprintf_r
                0x08006ecc      0x1e4 d:/program files (x86)/gnu tools arm embedded/4.9 2014q4/bin/../lib/gcc/arm-none-eabi/4.9.3/../../../../arm-none-eabi/lib/armv7e-m/softfp\libc_nano.a(lib_a-nano-svfprintf.o)
                0x08006ecc                _svfiprintf_r
                0x08006ecc                _svfprintf_r
 .text._sungetc_r
                0x080070b0       0x7a d:/program files (x86)/gnu tools arm embedded/4.9 2014q4/bin/../lib/gcc/arm-none-eabi/4.9.3/../../../../arm-none-eabi/lib/armv7e-m/softfp\libc_nano.a(lib_a-nano-svfscanf.o)
                0x080070b0                _sungetc_r
 .text.__ssrefill_r
                0x0800712a       0x3a d:/program files (x86)/gnu tools arm embedded/4.9 2014q4/bin/../lib/gcc/arm-none-eabi/4.9.3/../../../../arm-none-eabi/lib/armv7e-m/softfp\libc_nano.a(lib_a-nano-svfscanf.o)
                0x0800712a                __ssrefill_r
 .text.__ssvfscanf_r
                0x08007164      0x29c d:/program files (x86)/gnu tools arm embedded/4.9 2014q4/bin/../lib/gcc/arm-none-eabi/4.9.3/../../../../arm-none-eabi/lib/armv7e-m/softfp\libc_nano.a(lib_a-nano-svfscanf.o)
                0x08007164                __ssvfiscanf_r
                0x08007164                __ssvfscanf_r
 .text._read_r  0x08007400       0x24 d:/program files (x86)/gnu tools arm embedded/4.9 2014q4/bin/../lib/gcc/arm-none-eabi/4.9.3/../../../../arm-none-eabi/lib/armv7e-m/softfp\libc_nano.a(lib_a-readr.o)
                0x08007400                _read_r
 .text._malloc_usable_size_r
                0x08007424       0x14 d:/program files (x86)/gnu tools arm embedded/4.9 2014q4/bin/../lib/gcc/arm-none-eabi/4.9.3/../../../../arm-none-eabi/lib/armv7e-m/softfp\libc_nano.a(lib_a-nano-msizer.o)
                0x08007424                _malloc_usable_size_r
 .text._getpid  0x08007438       0x10 d:/program files (x86)/gnu tools arm embedded/4.9 2014q4/bin/../lib/gcc/arm-none-eabi/4.9.3/../../../../arm-none-eabi/lib/armv7e-m/softfp\libnosys.a(getpid.o)
                0x08007438                _getpid
 .text._kill    0x08007448       0x10 d:/program files (x86)/gnu tools arm embedded/4.9 2014q4/bin/../lib/gcc/arm-none-eabi/4.9.3/../../../../arm-none-eabi/lib/armv7e-m/softfp\libnosys.a(kill.o)
                0x08007448                _kill
 .text._exit    0x08007458        0x4 d:/program files (x86)/gnu tools arm embedded/4.9 2014q4/bin/../lib/gcc/arm-none-eabi/4.9.3/../../../../arm-none-eabi/lib/armv7e-m/softfp\libnosys.a(_exit.o)
                0x08007458                _exit
 *(.init)
 .init          0x0800745c        0x4 d:/program files (x86)/gnu tools arm embedded/4.9 2014q4/bin/../lib/gcc/arm-none-eabi/4.9.3/armv7e-m/softfp/crti.o
                0x0800745c                _init
 .init          0x08007460        0x8 d:/program files (x86)/gnu tools arm embedded/4.9 2014q4/bin/../lib/gcc/arm-none-eabi/4.9.3/armv7e-m/softfp/crtn.o
 *(.fini)
 .fini          0x08007468        0x4 d:/program files (x86)/gnu tools arm embedded/4.9 2014q4/bin/../lib/gcc/arm-none-eabi/4.9.3/armv7e-m/softfp/crti.o
                0x08007468                _fini
 .fini          0x0800746c        0x8 d:/program files (x86)/gnu tools arm embedded/4.9 2014q4/bin/../lib/gcc/arm-none-eabi/4.9.3/armv7e-m/softfp/crtn.o
 *crtbegin.o(.ctors)
 *crtbegin?.o(.ctors)
 *(EXCLUDE_FILE(*crtend.o *crtend?.o) .ctors)
 *(SORT(.ctors.*))
 *(.ctors)
 *crtbegin.o(.dtors)
 *crtbegin?.o(.dtors)
 *(EXCLUDE_FILE(*crtend.o *crtend?.o) .dtors)
 *(SORT(.dtors.*))
 *(.dtors)
 *(.rodata*)
 .rodata.__stdin_name
                0x08007474        0x8 D:\MyDocuments\GitHub\Door-Control/mbed/TARGET_NUCLEO_F401RE/TOOLCHAIN_GCC_ARM/retarget.o